Initialize opt latency for DFG nodes: 
Deciding fusion strategy for DFG nodes: 
Initialize additional functionality on CGRA nodes: 
Finding fusion pattern for DFG: 
[function 'fmcw_window_map' is not in our target list]
Initialize opt latency for DFG nodes: 
Deciding fusion strategy for DFG nodes: 
Initialize additional functionality on CGRA nodes: 
Finding fusion pattern for DFG: 
[function 'fmcw_fft_stage_map' is not in our target list]
Initialize opt latency for DFG nodes: 
Deciding fusion strategy for DFG nodes: 
Initialize additional functionality on CGRA nodes: 
Finding fusion pattern for DFG: 
[function 'fmcw_transpose_map' is not in our target list]
Initialize opt latency for DFG nodes: 
Deciding fusion strategy for DFG nodes: 
Initialize additional functionality on CGRA nodes: 
Finding fusion pattern for DFG: 
==================================
[function 'fmcw_accumulate_power_map' is one of our targets]
*** current function: fmcw_accumulate_power_map
[reorder DFG along with the longest path]
disabling multiple ops
disabling multiple ops
disabling multiple ops
disabling multiple ops
disabling multiple ops
disabling multiple ops
disabling multiple ops
disabling multiple ops
disabling multiple ops
disabling multiple ops
disabling multiple ops
disabling multiple ops
disabling multiple ops
disabling multiple ops
disabling multiple ops
disabling multiple ops
Node 0 supports: "Add" "Br" "Cmp" "Logic" "Phi" "Ret" "Sel" "Shift" "Ld" "Mul"  
 
Node 1 supports: "Add" "Br" "Cmp" "Logic" "Phi" "Ret" "Sel" "Shift" "Mul"  
 
Node 2 supports: "Add" "Br" "Cmp" "Logic" "Phi" "Ret" "Sel" "Shift" "Mul"  
 
Node 3 supports: "Add" "Br" "Cmp" "Logic" "Phi" "Ret" "Sel" "Shift" "St"  
 
Node 4 supports: "Add" "Br" "Cmp" "Logic" "Phi" "Ret" "Sel" "Shift" "Ld" "Mul"  
 
Node 5 supports: "Add" "Br" "Cmp" "Logic" "Phi" "Ret" "Sel" "Shift" "Mul" "FAdd"  
 
Node 6 supports: "Add" "Br" "Cmp" "Logic" "Phi" "Ret" "Sel" "Shift" "Mul" "FAdd"  
 
Node 7 supports: "Add" "Br" "Cmp" "Logic" "Phi" "Ret" "Sel" "Shift" "St"  
 
Node 8 supports: "Add" "Br" "Cmp" "Logic" "Phi" "Ret" "Sel" "Shift" "Ld" "Mul"  
 
Node 9 supports: "Add" "Br" "Cmp" "Logic" "Phi" "Ret" "Sel" "Shift" "Mul"  
 
Node 10 supports: "Add" "Br" "Cmp" "Logic" "Phi" "Ret" "Sel" "Shift" "Mul"  
 
Node 11 supports: "Add" "Br" "Cmp" "Logic" "Phi" "Ret" "Sel" "Shift" "St"  
 
Node 12 supports: "Add" "Br" "Cmp" "Logic" "Phi" "Ret" "Sel" "Shift" "Ld" "Mul"  
 
Node 13 supports: "Add" "Br" "Cmp" "Logic" "Phi" "Ret" "Sel" "Shift" "Mul" "FAdd"  
 
Node 14 supports: "Add" "Br" "Cmp" "Logic" "Phi" "Ret" "Sel" "Shift" "Mul" "FAdd"  
 
Node 15 supports: "Add" "Br" "Cmp" "Logic" "Phi" "Ret" "Sel" "Shift" "St"  
 
==================================
[show opcode count]
add : 11
getelementptr : 9
load : 8
mul : 9
ret : 1
sext : 2
shl : 1
store : 1
DFG node count: 42; DFG edge count: 50; SIMD node count: 0
==================================
[generate dot for DFG]
==================================
[generate JSON for DFG]
==================================
[ResMII: 3]
==================================
[RecMII: 0]
==================================
[heuristic]
----------------------------------------
[DEBUG] start heuristic algorithm with II=3
[DEBUG] schedule dfg node[0] onto fu[10] at cycle 0 within II: 3
[DEBUG] setDFGNode 0 onto CGRANode 10 at cycle: 0
[DEBUG] success in schedule()
[DEBUG] schedule dfg node[1] onto fu[6] at cycle 0 within II: 3
[DEBUG] setDFGNode 1 onto CGRANode 6 at cycle: 0
[DEBUG] success in schedule()
[DEBUG] schedule dfg node[41] onto fu[5] at cycle 0 within II: 3
[DEBUG] setDFGNode 41 onto CGRANode 5 at cycle: 0
[DEBUG] success in schedule()
[DEBUG] schedule dfg node[2] onto fu[2] at cycle 1 within II: 3
[DEBUG] setDFGNode 2 onto CGRANode 2 at cycle: 1
[DEBUG] in allocateReg() t_cycle: 0; i: 0 CGRA node: 2; link: 0 duration 1
[DEBUG] done reg allocation
[DEBUG] occupy link[6]-->[2] (bypass:0) dfgNode: 1 at cycle 0
[DEBUG] skip predecessor routing -- dfgNode: 1
[DEBUG] success in schedule()
[DEBUG] schedule dfg node[4] onto fu[1] at cycle 2 within II: 3
[DEBUG] setDFGNode 4 onto CGRANode 1 at cycle: 2
[DEBUG] occupy link[6]-->[2] (bypass:1) dfgNode: 1 at cycle 0
[DEBUG] in allocateReg() t_cycle: 1; i: 0 CGRA node: 1; link: 3 duration 1
[DEBUG] done reg allocation
[DEBUG] occupy link[2]-->[1] (bypass:0) dfgNode: 1 at cycle 1
[DEBUG] skip predecessor routing -- dfgNode: 1
[DEBUG] success in schedule()
[DEBUG] schedule dfg node[10] onto fu[6] at cycle 1 within II: 3
[DEBUG] setDFGNode 10 onto CGRANode 6 at cycle: 1
[DEBUG] in allocateReg() t_cycle: 0; i: 0 CGRA node: 6; link: 0 duration 1
[DEBUG] done reg allocation
[DEBUG] occupy link[10]-->[6] (bypass:0) dfgNode: 0 at cycle 0
[DEBUG] skip predecessor routing -- dfgNode: 0
[DEBUG] tryToRoute -- srcDFGNode: 1, srcCGRANode: 6; dstDFGNode: 10, dstCGRANode: 6; backEdge: 0
[DEBUG] check route size: 1
[DEBUG] allocate for local reg maintain... duration=1 last cycle: 0
[DEBUG] in allocateReg() t_cycle: 0; i: 1 CGRA node: 6; link: 4 duration 1
[DEBUG] done reg allocation
[DEBUG] success in schedule()
[DEBUG] schedule dfg node[19] onto fu[9] at cycle 1 within II: 3
[DEBUG] setDFGNode 19 onto CGRANode 9 at cycle: 1
[DEBUG] in allocateReg() t_cycle: 0; i: 0 CGRA node: 9; link: 3 duration 1
[DEBUG] done reg allocation
[DEBUG] occupy link[10]-->[9] (bypass:0) dfgNode: 0 at cycle 0
[DEBUG] skip predecessor routing -- dfgNode: 0
[DEBUG] success in schedule()
[DEBUG] no available path for DFG node 29 on CGRA node 3 within II 3; path size: 3.
[DEBUG] no available path for DFG node 29 on CGRA node 7 within II 3; path size: 6.
[DEBUG] no available path for DFG node 29 on CGRA node 11 within II 3; path size: 9.
[DEBUG] no available path for DFG node 29 on CGRA node 15 within II 3; path size: 12.
[DEBUG] schedule dfg node[29] onto fu[14] at cycle 1 within II: 3
[DEBUG] setDFGNode 29 onto CGRANode 14 at cycle: 1
[DEBUG] in allocateReg() t_cycle: 0; i: 0 CGRA node: 14; link: 1 duration 1
[DEBUG] done reg allocation
[DEBUG] occupy link[10]-->[14] (bypass:0) dfgNode: 0 at cycle 0
[DEBUG] skip predecessor routing -- dfgNode: 0
[DEBUG] success in schedule()
[DEBUG] schedule dfg node[39] onto fu[5] at cycle 1 within II: 3
[DEBUG] setDFGNode 39 onto CGRANode 5 at cycle: 1
[DEBUG] in allocateReg() t_cycle: 0; i: 0 CGRA node: 5; link: 3 duration 1
[DEBUG] done reg allocation
[DEBUG] occupy link[6]-->[5] (bypass:0) dfgNode: 1 at cycle 0
[DEBUG] skip predecessor routing -- dfgNode: 1
[DEBUG] success in schedule()
[DEBUG] no available path for DFG node 3 on CGRA node 1 within II 3; path size: 1.
[DEBUG] no available path for DFG node 3 on CGRA node 2 within II 3; path size: 1.
[DEBUG] no available path for DFG node 3 on CGRA node 5 within II 3; path size: 3.
[DEBUG] no available path for DFG node 3 on CGRA node 6 within II 3; path size: 3.
[DEBUG] no available path for DFG node 3 on CGRA node 9 within II 3; path size: 5.
[DEBUG] no available path for DFG node 3 on CGRA node 10 within II 3; path size: 5.
[DEBUG] no available path for DFG node 3 on CGRA node 13 within II 3; path size: 7.
[DEBUG] no available path for DFG node 3 on CGRA node 14 within II 3; path size: 7.
[DEBUG] schedule dfg node[3] onto fu[3] at cycle 2 within II: 3
[DEBUG] setDFGNode 3 onto CGRANode 3 at cycle: 2
[DEBUG] in allocateReg() t_cycle: 1; i: 0 CGRA node: 3; link: 2 duration 1
[DEBUG] done reg allocation
[DEBUG] occupy link[2]-->[3] (bypass:0) dfgNode: 2 at cycle 1
[DEBUG] skip predecessor routing -- dfgNode: 2
[DEBUG] success in schedule()
[DEBUG] no available path for DFG node 5 on CGRA node 1 within II 3; path size: 1.
[DEBUG] no available path for DFG node 5 on CGRA node 2 within II 3; path size: 1.
[DEBUG] no available path for DFG node 5 on CGRA node 5 within II 3; path size: 3.
[DEBUG] no available path for DFG node 5 on CGRA node 6 within II 3; path size: 3.
[DEBUG] no available path for DFG node 5 on CGRA node 9 within II 3; path size: 5.
[DEBUG] no available path for DFG node 5 on CGRA node 10 within II 3; path size: 5.
[DEBUG] no available path for DFG node 5 on CGRA node 13 within II 3; path size: 7.
[DEBUG] no available path for DFG node 5 on CGRA node 14 within II 3; path size: 7.
[DEBUG] schedule dfg node[5] onto fu[0] at cycle 3 within II: 3
[DEBUG] setDFGNode 5 onto CGRANode 0 at cycle: 3
[DEBUG] in allocateReg() t_cycle: 2; i: 0 CGRA node: 0; link: 3 duration 1
[DEBUG] done reg allocation
[DEBUG] occupy link[1]-->[0] (bypass:0) dfgNode: 4 at cycle 2
[DEBUG] skip predecessor routing -- dfgNode: 4
[DEBUG] success in schedule()
[DEBUG] schedule dfg node[11] onto fu[10] at cycle 2 within II: 3
[DEBUG] setDFGNode 11 onto CGRANode 10 at cycle: 2
[DEBUG] in allocateReg() t_cycle: 1; i: 0 CGRA node: 10; link: 1 duration 1
[DEBUG] done reg allocation
[DEBUG] occupy link[6]-->[10] (bypass:0) dfgNode: 10 at cycle 1
[DEBUG] skip predecessor routing -- dfgNode: 10
[DEBUG] success in schedule()
[DEBUG] schedule dfg node[13] onto fu[2] at cycle 2 within II: 3
[DEBUG] setDFGNode 13 onto CGRANode 2 at cycle: 2
[DEBUG] in allocateReg() t_cycle: 1; i: 0 CGRA node: 2; link: 0 duration 1
[DEBUG] done reg allocation
[DEBUG] occupy link[6]-->[2] (bypass:0) dfgNode: 10 at cycle 1
[DEBUG] skip predecessor routing -- dfgNode: 10
[DEBUG] success in schedule()
[DEBUG] schedule dfg node[20] onto fu[13] at cycle 3 within II: 3
[DEBUG] setDFGNode 20 onto CGRANode 13 at cycle: 3
[DEBUG] occupy link[6]-->[5] (bypass:1) dfgNode: 1 at cycle 0
[DEBUG] occupy link[5]-->[9] (bypass:1) dfgNode: 1 at cycle 1
[DEBUG] in allocateReg() t_cycle: 2; i: 0 CGRA node: 13; link: 1 duration 1
[DEBUG] done reg allocation
[DEBUG] occupy link[9]-->[13] (bypass:0) dfgNode: 1 at cycle 2
[DEBUG] tryToRoute -- srcDFGNode: 19, srcCGRANode: 9; dstDFGNode: 20, dstCGRANode: 13; backEdge: 0
[DEBUG] check route size: 2
[DEBUG] reset duration: 2 t_dstCycle: 3 previous: 1 II: 3
[DEBUG] in allocateReg() t_cycle: 1; i: 1 CGRA node: 13; link: 1 duration 2
[DEBUG] done reg allocation
[DEBUG] occupy link[9]-->[13] (bypass:0) dfgNode: 19 at cycle 1
[DEBUG] skip predecessor routing -- dfgNode: 1
[DEBUG] success in schedule()
[DEBUG] schedule dfg node[30] onto fu[9] at cycle 3 within II: 3
[DEBUG] setDFGNode 30 onto CGRANode 9 at cycle: 3
[DEBUG] occupy link[14]-->[10] (bypass:1) dfgNode: 29 at cycle 1
[DEBUG] in allocateReg() t_cycle: 2; i: 0 CGRA node: 9; link: 3 duration 1
[DEBUG] done reg allocation
[DEBUG] occupy link[10]-->[9] (bypass:0) dfgNode: 29 at cycle 2
[DEBUG] skip predecessor routing -- dfgNode: 29
[DEBUG] tryToRoute -- srcDFGNode: 1, srcCGRANode: 6; dstDFGNode: 30, dstCGRANode: 9; backEdge: 0
[DEBUG] check route size: 3
[DEBUG] occupy link[6]-->[5] (bypass:1) dfgNode: 1 at cycle 0
[DEBUG] reset duration: 2 t_dstCycle: 3 previous: 1 II: 3
[DEBUG] in allocateReg() t_cycle: 1; i: 1 CGRA node: 9; link: 1 duration 2
[DEBUG] done reg allocation
[DEBUG] occupy link[5]-->[9] (bypass:0) dfgNode: 1 at cycle 1
[DEBUG] success in schedule()
[DEBUG] no available path for DFG node 6 on CGRA node 3 within II 3; path size: 3.
[DEBUG] no available path for DFG node 6 on CGRA node 7 within II 3; path size: 6.
[DEBUG] no available path for DFG node 6 on CGRA node 11 within II 3; path size: 9.
[DEBUG] no available path for DFG node 6 on CGRA node 15 within II 3; path size: 12.
[DEBUG] schedule dfg node[6] onto fu[1] at cycle 4 within II: 3
[DEBUG] setDFGNode 6 onto CGRANode 1 at cycle: 4
[DEBUG] occupy link[3]-->[2] (bypass:1) dfgNode: 3 at cycle 2
[DEBUG] in allocateReg() t_cycle: 3; i: 0 CGRA node: 1; link: 3 duration 1
[DEBUG] done reg allocation
[DEBUG] occupy link[2]-->[1] (bypass:0) dfgNode: 3 at cycle 3
[DEBUG] skip predecessor routing -- dfgNode: 3
[DEBUG] success in schedule()
[DEBUG] no available path for DFG node 7 on CGRA node 3 within II 3; path size: 3.
[DEBUG] no available path for DFG node 7 on CGRA node 7 within II 3; path size: 6.
[DEBUG] no available path for DFG node 7 on CGRA node 11 within II 3; path size: 9.
[DEBUG] no available path for DFG node 7 on CGRA node 15 within II 3; path size: 12.
[DEBUG] schedule dfg node[7] onto fu[4] at cycle 4 within II: 3
[DEBUG] setDFGNode 7 onto CGRANode 4 at cycle: 4
[DEBUG] in allocateReg() t_cycle: 3; i: 0 CGRA node: 4; link: 1 duration 1
[DEBUG] done reg allocation
[DEBUG] occupy link[0]-->[4] (bypass:0) dfgNode: 5 at cycle 3
[DEBUG] skip predecessor routing -- dfgNode: 5
[DEBUG] success in schedule()
[DEBUG] no available path for DFG node 12 on CGRA node 1 within II 3; path size: 1.
[DEBUG] no available path for DFG node 12 on CGRA node 2 within II 3; path size: 1.
[DEBUG] no available path for DFG node 12 on CGRA node 5 within II 3; path size: 3.
[DEBUG] no available path for DFG node 12 on CGRA node 6 within II 3; path size: 3.
[DEBUG] no available path for DFG node 12 on CGRA node 9 within II 3; path size: 5.
[DEBUG] no available path for DFG node 12 on CGRA node 10 within II 3; path size: 5.
[DEBUG] no available path for DFG node 12 on CGRA node 13 within II 3; path size: 7.
[DEBUG] no available path for DFG node 12 on CGRA node 14 within II 3; path size: 7.
[DEBUG] schedule dfg node[12] onto fu[11] at cycle 3 within II: 3
[DEBUG] setDFGNode 12 onto CGRANode 11 at cycle: 3
[DEBUG] in allocateReg() t_cycle: 2; i: 0 CGRA node: 11; link: 2 duration 1
[DEBUG] done reg allocation
[DEBUG] occupy link[10]-->[11] (bypass:0) dfgNode: 11 at cycle 2
[DEBUG] skip predecessor routing -- dfgNode: 11
[DEBUG] success in schedule()
[DEBUG] no available path for DFG node 14 on CGRA node 1 within II 3; path size: 1.
[DEBUG] no available path for DFG node 14 on CGRA node 2 within II 3; path size: 1.
[DEBUG] no available path for DFG node 14 on CGRA node 5 within II 3; path size: 3.
[DEBUG] no available path for DFG node 14 on CGRA node 6 within II 3; path size: 3.
[DEBUG] no available path for DFG node 14 on CGRA node 9 within II 3; path size: 5.
[DEBUG] no available path for DFG node 14 on CGRA node 10 within II 3; path size: 5.
[DEBUG] no available path for DFG node 14 on CGRA node 13 within II 3; path size: 7.
[DEBUG] no available path for DFG node 14 on CGRA node 14 within II 3; path size: 7.
[DEBUG] schedule dfg node[14] onto fu[7] at cycle 4 within II: 3
[DEBUG] setDFGNode 14 onto CGRANode 7 at cycle: 4
[DEBUG] occupy link[2]-->[3] (bypass:1) dfgNode: 13 at cycle 2
[DEBUG] in allocateReg() t_cycle: 3; i: 0 CGRA node: 7; link: 1 duration 1
[DEBUG] done reg allocation
[DEBUG] occupy link[3]-->[7] (bypass:0) dfgNode: 13 at cycle 3
[DEBUG] skip predecessor routing -- dfgNode: 13
[DEBUG] success in schedule()
[DEBUG] schedule dfg node[21] onto fu[12] at cycle 4 within II: 3
[DEBUG] setDFGNode 21 onto CGRANode 12 at cycle: 4
[DEBUG] in allocateReg() t_cycle: 3; i: 0 CGRA node: 12; link: 3 duration 1
[DEBUG] done reg allocation
[DEBUG] occupy link[13]-->[12] (bypass:0) dfgNode: 20 at cycle 3
[DEBUG] skip predecessor routing -- dfgNode: 20
[DEBUG] success in schedule()
[DEBUG] schedule dfg node[23] onto fu[5] at cycle 5 within II: 3
[DEBUG] setDFGNode 23 onto CGRANode 5 at cycle: 5
[DEBUG] occupy link[13]-->[9] (bypass:1) dfgNode: 20 at cycle 3
[DEBUG] in allocateReg() t_cycle: 4; i: 0 CGRA node: 5; link: 0 duration 1
[DEBUG] done reg allocation
[DEBUG] occupy link[9]-->[5] (bypass:0) dfgNode: 20 at cycle 4
[DEBUG] skip predecessor routing -- dfgNode: 20
[DEBUG] success in schedule()
[DEBUG] no available path for DFG node 31 on CGRA node 5 within II 3; path size: 5.
[DEBUG] schedule dfg node[31] onto fu[13] at cycle 4 within II: 3
[DEBUG] setDFGNode 31 onto CGRANode 13 at cycle: 4
[DEBUG] in allocateReg() t_cycle: 3; i: 0 CGRA node: 13; link: 1 duration 1
[DEBUG] done reg allocation
[DEBUG] occupy link[9]-->[13] (bypass:0) dfgNode: 30 at cycle 3
[DEBUG] skip predecessor routing -- dfgNode: 30
[DEBUG] success in schedule()
[DEBUG] no available path for DFG node 33 on CGRA node 5 within II 3; path size: 5.
[DEBUG] schedule dfg node[33] onto fu[14] at cycle 5 within II: 3
[DEBUG] setDFGNode 33 onto CGRANode 14 at cycle: 5
[DEBUG] occupy link[9]-->[13] (bypass:1) dfgNode: 30 at cycle 3
[DEBUG] in allocateReg() t_cycle: 4; i: 0 CGRA node: 14; link: 2 duration 1
[DEBUG] done reg allocation
[DEBUG] occupy link[13]-->[14] (bypass:0) dfgNode: 30 at cycle 4
[DEBUG] skip predecessor routing -- dfgNode: 30
[DEBUG] success in schedule()
[DEBUG] no available path for DFG node 8 on CGRA node 5 within II 3; path size: 5.
[DEBUG] schedule dfg node[8] onto fu[0] at cycle 5 within II: 3
[DEBUG] setDFGNode 8 onto CGRANode 0 at cycle: 5
[DEBUG] in allocateReg() t_cycle: 4; i: 0 CGRA node: 0; link: 3 duration 1
[DEBUG] done reg allocation
[DEBUG] occupy link[1]-->[0] (bypass:0) dfgNode: 6 at cycle 4
[DEBUG] skip predecessor routing -- dfgNode: 6
[DEBUG] tryToRoute -- srcDFGNode: 7, srcCGRANode: 4; dstDFGNode: 8, dstCGRANode: 0; backEdge: 0
[DEBUG] check route size: 2
[DEBUG] reset duration: 1 t_dstCycle: 5 previous: 4 II: 3
[DEBUG] in allocateReg() t_cycle: 4; i: 1 CGRA node: 0; link: 0 duration 1
[DEBUG] done reg allocation
[DEBUG] occupy link[4]-->[0] (bypass:0) dfgNode: 7 at cycle 4
[DEBUG] success in schedule()
[DEBUG] no available path for DFG node 15 on CGRA node 3 within II 3; path size: 3.
[DEBUG] no available path for DFG node 15 on CGRA node 5 within II 3; path size: 4.
[DEBUG] no available path for DFG node 15 on CGRA node 7 within II 3; path size: 5.
[DEBUG] no available path for DFG node 15 on CGRA node 11 within II 3; path size: 8.
[DEBUG] no available path for DFG node 15 on CGRA node 15 within II 3; path size: 11.
[DEBUG] schedule dfg node[15] onto fu[10] at cycle 4 within II: 3
[DEBUG] setDFGNode 15 onto CGRANode 10 at cycle: 4
[DEBUG] in allocateReg() t_cycle: 3; i: 0 CGRA node: 10; link: 3 duration 1
[DEBUG] done reg allocation
[DEBUG] occupy link[11]-->[10] (bypass:0) dfgNode: 12 at cycle 3
[DEBUG] skip predecessor routing -- dfgNode: 12
[DEBUG] success in schedule()
[DEBUG] no available path for DFG node 16 on CGRA node 3 within II 3; path size: 3.
[DEBUG] no available path for DFG node 16 on CGRA node 5 within II 3; path size: 4.
[DEBUG] no available path for DFG node 16 on CGRA node 7 within II 3; path size: 5.
[DEBUG] no available path for DFG node 16 on CGRA node 10 within II 3; path size: 7.
[DEBUG] no available path for DFG node 16 on CGRA node 11 within II 3; path size: 7.
[DEBUG] no available path for DFG node 16 on CGRA node 15 within II 3; path size: 10.
[DEBUG] schedule dfg node[16] onto fu[6] at cycle 5 within II: 3
[DEBUG] setDFGNode 16 onto CGRANode 6 at cycle: 5
[DEBUG] in allocateReg() t_cycle: 4; i: 0 CGRA node: 6; link: 3 duration 1
[DEBUG] done reg allocation
[DEBUG] occupy link[7]-->[6] (bypass:0) dfgNode: 14 at cycle 4
[DEBUG] skip predecessor routing -- dfgNode: 14
[DEBUG] success in schedule()
[DEBUG] no available path for DFG node 22 on CGRA node 1 within II 3; path size: 1.
[DEBUG] no available path for DFG node 22 on CGRA node 2 within II 3; path size: 1.
[DEBUG] no available path for DFG node 22 on CGRA node 5 within II 3; path size: 3.
[DEBUG] no available path for DFG node 22 on CGRA node 6 within II 3; path size: 3.
[DEBUG] no available path for DFG node 22 on CGRA node 9 within II 3; path size: 5.
[DEBUG] no available path for DFG node 22 on CGRA node 10 within II 3; path size: 5.
[DEBUG] no available path for DFG node 22 on CGRA node 13 within II 3; path size: 7.
[DEBUG] no available path for DFG node 22 on CGRA node 14 within II 3; path size: 7.
[DEBUG] schedule dfg node[22] onto fu[8] at cycle 5 within II: 3
[DEBUG] setDFGNode 22 onto CGRANode 8 at cycle: 5
[DEBUG] in allocateReg() t_cycle: 4; i: 0 CGRA node: 8; link: 0 duration 1
[DEBUG] done reg allocation
[DEBUG] occupy link[12]-->[8] (bypass:0) dfgNode: 21 at cycle 4
[DEBUG] skip predecessor routing -- dfgNode: 21
[DEBUG] success in schedule()
[DEBUG] no available path for DFG node 24 on CGRA node 1 within II 3; path size: 1.
[DEBUG] no available path for DFG node 24 on CGRA node 2 within II 3; path size: 1.
[DEBUG] no available path for DFG node 24 on CGRA node 5 within II 3; path size: 3.
[DEBUG] no available path for DFG node 24 on CGRA node 6 within II 3; path size: 3.
[DEBUG] no available path for DFG node 24 on CGRA node 9 within II 3; path size: 5.
[DEBUG] no available path for DFG node 24 on CGRA node 10 within II 3; path size: 5.
[DEBUG] no available path for DFG node 24 on CGRA node 13 within II 3; path size: 7.
[DEBUG] no available path for DFG node 24 on CGRA node 14 within II 3; path size: 7.
[DEBUG] schedule dfg node[24] onto fu[4] at cycle 6 within II: 3
[DEBUG] setDFGNode 24 onto CGRANode 4 at cycle: 6
[DEBUG] in allocateReg() t_cycle: 5; i: 0 CGRA node: 4; link: 3 duration 1
[DEBUG] done reg allocation
[DEBUG] occupy link[5]-->[4] (bypass:0) dfgNode: 23 at cycle 5
[DEBUG] skip predecessor routing -- dfgNode: 23
[DEBUG] success in schedule()
[DEBUG] no available path for DFG node 32 on CGRA node 1 within II 3; path size: 1.
[DEBUG] no available path for DFG node 32 on CGRA node 2 within II 3; path size: 1.
[DEBUG] no available path for DFG node 32 on CGRA node 5 within II 3; path size: 3.
[DEBUG] no available path for DFG node 32 on CGRA node 6 within II 3; path size: 3.
[DEBUG] no available path for DFG node 32 on CGRA node 9 within II 3; path size: 5.
[DEBUG] no available path for DFG node 32 on CGRA node 10 within II 3; path size: 5.
[DEBUG] no available path for DFG node 32 on CGRA node 13 within II 3; path size: 7.
[DEBUG] no available path for DFG node 32 on CGRA node 14 within II 3; path size: 7.
[DEBUG] schedule dfg node[32] onto fu[12] at cycle 5 within II: 3
[DEBUG] setDFGNode 32 onto CGRANode 12 at cycle: 5
[DEBUG] in allocateReg() t_cycle: 4; i: 0 CGRA node: 12; link: 3 duration 1
[DEBUG] done reg allocation
[DEBUG] occupy link[13]-->[12] (bypass:0) dfgNode: 31 at cycle 4
[DEBUG] skip predecessor routing -- dfgNode: 31
[DEBUG] success in schedule()
[DEBUG] no available path for DFG node 34 on CGRA node 1 within II 3; path size: 1.
[DEBUG] no available path for DFG node 34 on CGRA node 2 within II 3; path size: 1.
[DEBUG] no available path for DFG node 34 on CGRA node 5 within II 3; path size: 3.
[DEBUG] no available path for DFG node 34 on CGRA node 6 within II 3; path size: 3.
[DEBUG] no available path for DFG node 34 on CGRA node 9 within II 3; path size: 5.
[DEBUG] no available path for DFG node 34 on CGRA node 10 within II 3; path size: 5.
[DEBUG] no available path for DFG node 34 on CGRA node 13 within II 3; path size: 7.
[DEBUG] no available path for DFG node 34 on CGRA node 14 within II 3; path size: 7.
[DEBUG] schedule dfg node[34] onto fu[15] at cycle 6 within II: 3
[DEBUG] setDFGNode 34 onto CGRANode 15 at cycle: 6
[DEBUG] in allocateReg() t_cycle: 5; i: 0 CGRA node: 15; link: 2 duration 1
[DEBUG] done reg allocation
[DEBUG] occupy link[14]-->[15] (bypass:0) dfgNode: 33 at cycle 5
[DEBUG] skip predecessor routing -- dfgNode: 33
[DEBUG] success in schedule()
[DEBUG] no available path for DFG node 9 on CGRA node 5 within II 3; path size: 5.
[DEBUG] no available path for DFG node 9 on CGRA node 6 within II 3; path size: 5.
[DEBUG] no available path for DFG node 9 on CGRA node 10 within II 3; path size: 8.
[DEBUG] schedule dfg node[9] onto fu[1] at cycle 6 within II: 3
[DEBUG] setDFGNode 9 onto CGRANode 1 at cycle: 6
[DEBUG] in allocateReg() t_cycle: 5; i: 0 CGRA node: 1; link: 2 duration 1
[DEBUG] done reg allocation
[DEBUG] occupy link[0]-->[1] (bypass:0) dfgNode: 8 at cycle 5
[DEBUG] skip predecessor routing -- dfgNode: 8
[DEBUG] success in schedule()
[DEBUG] no available path for DFG node 17 on CGRA node 1 within II 3; path size: 1.
[DEBUG] no available path for DFG node 17 on CGRA node 5 within II 3; path size: 4.
[DEBUG] no available path for DFG node 17 on CGRA node 6 within II 3; path size: 4.
[DEBUG] no available path for DFG node 17 on CGRA node 10 within II 3; path size: 7.
[DEBUG] schedule dfg node[17] onto fu[7] at cycle 6 within II: 3
[DEBUG] setDFGNode 17 onto CGRANode 7 at cycle: 6
[DEBUG] occupy link[10]-->[6] (bypass:1) dfgNode: 15 at cycle 4
[DEBUG] in allocateReg() t_cycle: 5; i: 0 CGRA node: 7; link: 2 duration 1
[DEBUG] done reg allocation
[DEBUG] occupy link[6]-->[7] (bypass:0) dfgNode: 15 at cycle 5
[DEBUG] skip predecessor routing -- dfgNode: 15
[DEBUG] tryToRoute -- srcDFGNode: 16, srcCGRANode: 6; dstDFGNode: 17, dstCGRANode: 7; backEdge: 0
[DEBUG] check route size: 2
[DEBUG] reset duration: 1 t_dstCycle: 6 previous: 5 II: 3
[DEBUG] in allocateReg() t_cycle: 5; i: 1 CGRA node: 7; link: 2 duration 1
[DEBUG] done reg allocation
[DEBUG] occupy link[6]-->[7] (bypass:0) dfgNode: 16 at cycle 5
[DEBUG] success in schedule()
[DEBUG] no available path for DFG node 25 on CGRA node 1 within II 3; path size: 1.
[DEBUG] no available path for DFG node 25 on CGRA node 3 within II 3; path size: 2.
[DEBUG] no available path for DFG node 25 on CGRA node 5 within II 3; path size: 3.
[DEBUG] no available path for DFG node 25 on CGRA node 6 within II 3; path size: 3.
[DEBUG] no available path for DFG node 25 on CGRA node 7 within II 3; path size: 3.
[DEBUG] no available path for DFG node 25 on CGRA node 10 within II 3; path size: 5.
[DEBUG] no available path for DFG node 25 on CGRA node 11 within II 3; path size: 5.
[DEBUG] no available path for DFG node 25 on CGRA node 15 within II 3; path size: 8.
[DEBUG] schedule dfg node[25] onto fu[12] at cycle 6 within II: 3
[DEBUG] setDFGNode 25 onto CGRANode 12 at cycle: 6
[DEBUG] in allocateReg() t_cycle: 5; i: 0 CGRA node: 12; link: 1 duration 1
[DEBUG] done reg allocation
[DEBUG] occupy link[8]-->[12] (bypass:0) dfgNode: 22 at cycle 5
[DEBUG] skip predecessor routing -- dfgNode: 22
[DEBUG] success in schedule()
[DEBUG] no available path for DFG node 26 on CGRA node 1 within II 3; path size: 1.
[DEBUG] no available path for DFG node 26 on CGRA node 3 within II 3; path size: 2.
[DEBUG] no available path for DFG node 26 on CGRA node 5 within II 3; path size: 3.
[DEBUG] no available path for DFG node 26 on CGRA node 6 within II 3; path size: 3.
[DEBUG] no available path for DFG node 26 on CGRA node 7 within II 3; path size: 3.
[DEBUG] no available path for DFG node 26 on CGRA node 10 within II 3; path size: 5.
[DEBUG] no available path for DFG node 26 on CGRA node 11 within II 3; path size: 5.
[DEBUG] no available path for DFG node 26 on CGRA node 12 within II 3; path size: 5.
[DEBUG] no available path for DFG node 26 on CGRA node 15 within II 3; path size: 7.
[DEBUG] schedule dfg node[26] onto fu[8] at cycle 7 within II: 3
[DEBUG] setDFGNode 26 onto CGRANode 8 at cycle: 7
[DEBUG] in allocateReg() t_cycle: 6; i: 0 CGRA node: 8; link: 1 duration 1
[DEBUG] done reg allocation
[DEBUG] occupy link[4]-->[8] (bypass:0) dfgNode: 24 at cycle 6
[DEBUG] skip predecessor routing -- dfgNode: 24
[DEBUG] success in schedule()
[DEBUG] no available path for DFG node 35 on CGRA node 1 within II 3; path size: 1.
[DEBUG] no available path for DFG node 35 on CGRA node 3 within II 3; path size: 2.
[DEBUG] no available path for DFG node 35 on CGRA node 5 within II 3; path size: 3.
[DEBUG] no available path for DFG node 35 on CGRA node 6 within II 3; path size: 3.
[DEBUG] no available path for DFG node 35 on CGRA node 7 within II 3; path size: 3.
[DEBUG] no available path for DFG node 35 on CGRA node 10 within II 3; path size: 5.
[DEBUG] no available path for DFG node 35 on CGRA node 11 within II 3; path size: 5.
[DEBUG] no available path for DFG node 35 on CGRA node 12 within II 3; path size: 5.
[DEBUG] no available path for DFG node 35 on CGRA node 15 within II 3; path size: 7.
[DEBUG] schedule dfg node[35] onto fu[8] at cycle 6 within II: 3
[DEBUG] setDFGNode 35 onto CGRANode 8 at cycle: 6
[DEBUG] in allocateReg() t_cycle: 5; i: 0 CGRA node: 8; link: 0 duration 1
[DEBUG] done reg allocation
[DEBUG] occupy link[12]-->[8] (bypass:0) dfgNode: 32 at cycle 5
[DEBUG] skip predecessor routing -- dfgNode: 32
[DEBUG] success in schedule()
[DEBUG] no available path for DFG node 36 on CGRA node 1 within II 3; path size: 1.
[DEBUG] no available path for DFG node 36 on CGRA node 3 within II 3; path size: 2.
[DEBUG] no available path for DFG node 36 on CGRA node 5 within II 3; path size: 3.
[DEBUG] no available path for DFG node 36 on CGRA node 6 within II 3; path size: 3.
[DEBUG] no available path for DFG node 36 on CGRA node 7 within II 3; path size: 3.
[DEBUG] no available path for DFG node 36 on CGRA node 8 within II 3; path size: 3.
[DEBUG] no available path for DFG node 36 on CGRA node 10 within II 3; path size: 4.
[DEBUG] no available path for DFG node 36 on CGRA node 11 within II 3; path size: 4.
[DEBUG] no available path for DFG node 36 on CGRA node 12 within II 3; path size: 4.
[DEBUG] no available path for DFG node 36 on CGRA node 15 within II 3; path size: 6.
[DEBUG] schedule dfg node[36] onto fu[13] at cycle 8 within II: 3
[DEBUG] setDFGNode 36 onto CGRANode 13 at cycle: 8
[DEBUG] occupy link[15]-->[14] (bypass:1) dfgNode: 34 at cycle 6
[DEBUG] in allocateReg() t_cycle: 7; i: 0 CGRA node: 13; link: 3 duration 1
[DEBUG] done reg allocation
[DEBUG] occupy link[14]-->[13] (bypass:0) dfgNode: 34 at cycle 7
[DEBUG] skip predecessor routing -- dfgNode: 34
[DEBUG] success in schedule()
[DEBUG] no available path for DFG node 18 on CGRA node 1 within II 3; path size: 1.
[DEBUG] no available path for DFG node 18 on CGRA node 5 within II 3; path size: 4.
[DEBUG] no available path for DFG node 18 on CGRA node 6 within II 3; path size: 4.
[DEBUG] no available path for DFG node 18 on CGRA node 8 within II 3; path size: 5.
[DEBUG] no available path for DFG node 18 on CGRA node 10 within II 3; path size: 6.
[DEBUG] no available path for DFG node 18 on CGRA node 12 within II 3; path size: 7.
[DEBUG] no available path for DFG node 18 on CGRA node 13 within II 3; path size: 7.
[DEBUG] schedule dfg node[18] onto fu[2] at cycle 9 within II: 3
[DEBUG] setDFGNode 18 onto CGRANode 2 at cycle: 9
[DEBUG] in allocateReg() t_cycle: 6; i: 0 CGRA node: 2; link: 2 duration 0
[DEBUG] done reg allocation
[DEBUG] occupy link[1]-->[2] (bypass:0) dfgNode: 9 at cycle 6
[DEBUG] skip predecessor routing -- dfgNode: 9
[DEBUG] tryToRoute -- srcDFGNode: 17, srcCGRANode: 7; dstDFGNode: 18, dstCGRANode: 2; backEdge: 0
[DEBUG] check route size: 3
[DEBUG] occupy link[7]-->[3] (bypass:1) dfgNode: 17 at cycle 6
[DEBUG] reset duration: 2 t_dstCycle: 9 previous: 7 II: 3
[DEBUG] in allocateReg() t_cycle: 7; i: 1 CGRA node: 2; link: 3 duration 2
[DEBUG] done reg allocation
[DEBUG] occupy link[3]-->[2] (bypass:0) dfgNode: 17 at cycle 7
[DEBUG] success in schedule()
[DEBUG] no available path for DFG node 27 on CGRA node 1 within II 3; path size: 1.
[DEBUG] no available path for DFG node 27 on CGRA node 2 within II 3; path size: 1.
[DEBUG] no available path for DFG node 27 on CGRA node 5 within II 3; path size: 3.
[DEBUG] no available path for DFG node 27 on CGRA node 6 within II 3; path size: 3.
[DEBUG] no available path for DFG node 27 on CGRA node 8 within II 3; path size: 4.
[DEBUG] no available path for DFG node 27 on CGRA node 10 within II 3; path size: 5.
[DEBUG] no available path for DFG node 27 on CGRA node 12 within II 3; path size: 6.
[DEBUG] no available path for DFG node 27 on CGRA node 13 within II 3; path size: 6.
[DEBUG] schedule dfg node[27] onto fu[9] at cycle 8 within II: 3
[DEBUG] setDFGNode 27 onto CGRANode 9 at cycle: 8
[DEBUG] occupy link[12]-->[8] (bypass:1) dfgNode: 25 at cycle 6
[DEBUG] in allocateReg() t_cycle: 7; i: 0 CGRA node: 9; link: 2 duration 1
[DEBUG] done reg allocation
[DEBUG] occupy link[8]-->[9] (bypass:0) dfgNode: 25 at cycle 7
[DEBUG] skip predecessor routing -- dfgNode: 25
[DEBUG] tryToRoute -- srcDFGNode: 26, srcCGRANode: 8; dstDFGNode: 27, dstCGRANode: 9; backEdge: 0
[DEBUG] check route size: 2
[DEBUG] reset duration: 1 t_dstCycle: 8 previous: 7 II: 3
[DEBUG] in allocateReg() t_cycle: 7; i: 2 CGRA node: 9; link: 2 duration 1
[DEBUG] done reg allocation
[DEBUG] occupy link[8]-->[9] (bypass:0) dfgNode: 26 at cycle 7
[DEBUG] success in schedule()
[DEBUG] no available path for DFG node 37 on CGRA node 1 within II 3; path size: 1.
[DEBUG] no available path for DFG node 37 on CGRA node 2 within II 3; path size: 1.
[DEBUG] no available path for DFG node 37 on CGRA node 5 within II 3; path size: 3.
[DEBUG] no available path for DFG node 37 on CGRA node 6 within II 3; path size: 3.
[DEBUG] no available path for DFG node 37 on CGRA node 8 within II 3; path size: 4.
[DEBUG] no available path for DFG node 37 on CGRA node 9 within II 3; path size: 4.
[DEBUG] no available path for DFG node 37 on CGRA node 10 within II 3; path size: 4.
[DEBUG] no available path for DFG node 37 on CGRA node 12 within II 3; path size: 5.
[DEBUG] no available path for DFG node 37 on CGRA node 13 within II 3; path size: 5.
[DEBUG] schedule dfg node[37] onto fu[14] at cycle 9 within II: 3
[DEBUG] setDFGNode 37 onto CGRANode 14 at cycle: 9
[DEBUG] occupy link[8]-->[9] (bypass:1) dfgNode: 35 at cycle 6
[DEBUG] occupy link[9]-->[10] (bypass:1) dfgNode: 35 at cycle 7
[DEBUG] in allocateReg() t_cycle: 8; i: 0 CGRA node: 14; link: 1 duration 1
[DEBUG] done reg allocation
[DEBUG] occupy link[10]-->[14] (bypass:0) dfgNode: 35 at cycle 8
[DEBUG] skip predecessor routing -- dfgNode: 35
[DEBUG] tryToRoute -- srcDFGNode: 36, srcCGRANode: 13; dstDFGNode: 37, dstCGRANode: 14; backEdge: 0
[DEBUG] check route size: 2
[DEBUG] reset duration: 1 t_dstCycle: 9 previous: 8 II: 3
[DEBUG] in allocateReg() t_cycle: 8; i: 1 CGRA node: 14; link: 2 duration 1
[DEBUG] done reg allocation
[DEBUG] occupy link[13]-->[14] (bypass:0) dfgNode: 36 at cycle 8
[DEBUG] success in schedule()
[DEBUG] no available path for DFG node 28 on CGRA node 1 within II 3; path size: 1.
[DEBUG] no available path for DFG node 28 on CGRA node 2 within II 3; path size: 1.
[DEBUG] no available path for DFG node 28 on CGRA node 5 within II 3; path size: 3.
[DEBUG] no available path for DFG node 28 on CGRA node 6 within II 3; path size: 3.
[DEBUG] no available path for DFG node 28 on CGRA node 8 within II 3; path size: 4.
[DEBUG] no available path for DFG node 28 on CGRA node 9 within II 3; path size: 4.
[DEBUG] no available path for DFG node 28 on CGRA node 10 within II 3; path size: 4.
[DEBUG] no available path for DFG node 28 on CGRA node 12 within II 3; path size: 5.
[DEBUG] no available path for DFG node 28 on CGRA node 13 within II 3; path size: 5.
[DEBUG] no available path for DFG node 28 on CGRA node 14 within II 3; path size: 5.
[DEBUG] schedule dfg node[28] onto fu[7] at cycle 11 within II: 3
[DEBUG] setDFGNode 28 onto CGRANode 7 at cycle: 11
[DEBUG] occupy link[2]-->[3] (bypass:1) dfgNode: 18 at cycle 9
[DEBUG] in allocateReg() t_cycle: 10; i: 0 CGRA node: 7; link: 1 duration 1
[DEBUG] done reg allocation
[DEBUG] occupy link[3]-->[7] (bypass:0) dfgNode: 18 at cycle 10
[DEBUG] skip predecessor routing -- dfgNode: 18
[DEBUG] tryToRoute -- srcDFGNode: 27, srcCGRANode: 9; dstDFGNode: 28, dstCGRANode: 7; backEdge: 0
[DEBUG] check route size: 4
[DEBUG] occupy link[9]-->[5] (bypass:1) dfgNode: 27 at cycle 8
[DEBUG] occupy link[5]-->[6] (bypass:1) dfgNode: 27 at cycle 9
[DEBUG] reset duration: 1 t_dstCycle: 11 previous: 10 II: 3
[DEBUG] in allocateReg() t_cycle: 10; i: 1 CGRA node: 7; link: 2 duration 1
[DEBUG] done reg allocation
[DEBUG] occupy link[6]-->[7] (bypass:0) dfgNode: 27 at cycle 10
[DEBUG] success in schedule()
[DEBUG] no available path for DFG node 38 on CGRA node 1 within II 3; path size: 1.
[DEBUG] no available path for DFG node 38 on CGRA node 2 within II 3; path size: 1.
[DEBUG] no available path for DFG node 38 on CGRA node 5 within II 3; path size: 3.
[DEBUG] no available path for DFG node 38 on CGRA node 6 within II 3; path size: 3.
[DEBUG] no available path for DFG node 38 on CGRA node 7 within II 3; path size: 3.
[DEBUG] no available path for DFG node 38 on CGRA node 8 within II 3; path size: 3.
[DEBUG] no available path for DFG node 38 on CGRA node 9 within II 3; path size: 3.
[DEBUG] no available path for DFG node 38 on CGRA node 10 within II 3; path size: 3.
[DEBUG] no available path for DFG node 38 on CGRA node 12 within II 3; path size: 4.
[DEBUG] no available path for DFG node 38 on CGRA node 13 within II 3; path size: 4.
[DEBUG] no available path for DFG node 38 on CGRA node 14 within II 3; path size: 4.
[DEBUG] schedule dfg node[38] onto fu[15] at cycle 13 within II: 3
[DEBUG] setDFGNode 38 onto CGRANode 15 at cycle: 13
[DEBUG] occupy link[7]-->[11] (bypass:1) dfgNode: 28 at cycle 11
[DEBUG] in allocateReg() t_cycle: 12; i: 0 CGRA node: 15; link: 1 duration 1
[DEBUG] done reg allocation
[DEBUG] occupy link[11]-->[15] (bypass:0) dfgNode: 28 at cycle 12
[DEBUG] skip predecessor routing -- dfgNode: 28
[DEBUG] tryToRoute -- srcDFGNode: 37, srcCGRANode: 14; dstDFGNode: 38, dstCGRANode: 15; backEdge: 0
[DEBUG] check route size: 2
[DEBUG] reset duration: 1 t_dstCycle: 13 previous: 9 II: 3
[DEBUG] in allocateReg() t_cycle: 9; i: 1 CGRA node: 15; link: 2 duration 1
[DEBUG] done reg allocation
[DEBUG] occupy link[14]-->[15] (bypass:0) dfgNode: 37 at cycle 9
[DEBUG] success in schedule()
[DEBUG] no available path for DFG node 40 on CGRA node 1 within II 3; path size: 1.
[DEBUG] no available path for DFG node 40 on CGRA node 2 within II 3; path size: 1.
[DEBUG] no available path for DFG node 40 on CGRA node 5 within II 3; path size: 3.
[DEBUG] no available path for DFG node 40 on CGRA node 6 within II 3; path size: 3.
[DEBUG] no available path for DFG node 40 on CGRA node 7 within II 3; path size: 3.
[DEBUG] no available path for DFG node 40 on CGRA node 8 within II 3; path size: 3.
[DEBUG] no available path for DFG node 40 on CGRA node 9 within II 3; path size: 3.
[DEBUG] no available path for DFG node 40 on CGRA node 10 within II 3; path size: 3.
[DEBUG] no available path for DFG node 40 on CGRA node 12 within II 3; path size: 4.
[DEBUG] no available path for DFG node 40 on CGRA node 13 within II 3; path size: 4.
[DEBUG] no available path for DFG node 40 on CGRA node 14 within II 3; path size: 4.
[DEBUG] schedule dfg node[40] onto fu[11] at cycle 14 within II: 3
[DEBUG] setDFGNode 40 onto CGRANode 11 at cycle: 14
[DEBUG] in allocateReg() t_cycle: 13; i: 0 CGRA node: 11; link: 0 duration 1
[DEBUG] done reg allocation
[DEBUG] occupy link[15]-->[11] (bypass:0) dfgNode: 38 at cycle 13
[DEBUG] skip predecessor routing -- dfgNode: 38
[DEBUG] tryToRoute -- srcDFGNode: 39, srcCGRANode: 5; dstDFGNode: 40, dstCGRANode: 11; backEdge: 0
[DEBUG] check route size: 4
[DEBUG] occupy link[5]-->[6] (bypass:1) dfgNode: 39 at cycle 1
[DEBUG] reset duration: 0 t_dstCycle: 14 previous: 2 II: 3
[DEBUG] reset duration is 0...
[DEBUG] in allocateReg() t_cycle: 2; i: 1 CGRA node: 10; link: 1 duration 3
[DEBUG] done reg allocation
[DEBUG] occupy link[6]-->[10] (bypass:0) dfgNode: 39 at cycle 2
[DEBUG] reset duration: 1 t_dstCycle: 14 previous: 4 II: 3
[DEBUG] in allocateReg() t_cycle: 4; i: 1 CGRA node: 11; link: 2 duration 1
[DEBUG] done reg allocation
[DEBUG] occupy link[10]-->[11] (bypass:0) dfgNode: 39 at cycle 4
[DEBUG] success in schedule()
Mapping algorithm elapsed time=92ms
--------------------------- cycle:0 ---------------------------
[     ] ← [     ]   [     ] ⇄ [     ]
   ↓         ⇅         ↑         ↑ 
[     ] → [     ] ← [  0  ] ← [     ]
   ↑                   ↓           
[     ]   [ 41  ] ⇄ [  1  ]   [     ]
   ↑                   ↓         ⇅ 
[     ]   [     ] ⇄ [     ] → [     ]
--------------------------- cycle:1 ---------------------------
[     ] ← [     ] ⇄ [ 29  ]   [     ]
   ↓         ↑         ↓         ↓ 
[     ] → [ 19  ] → [     ] → [     ]
             ⇅         ⇅           
[     ]   [ 39  ] → [ 10  ] ⇄ [     ]
   ↓                   ↓         ↑ 
[     ] ← [     ] ← [  2  ] ⇄ [     ]
--------------------------- cycle:2 ---------------------------
[     ]   [     ] → [     ] → [     ]
   ⇅         ↑         ↑           
[     ]   [     ] ← [ 11  ] → [     ]
             ↓         ↑         ↑ 
[     ] ← [     ]   [     ] → [     ]
                                   
[     ] ⇄ [  4  ]   [ 13  ] ⇄ [  3  ]
--------------------------- cycle:3 ---------------------------
[     ] ← [ 20  ]   [     ] ⇄ [     ]
   ↓         ⇅         ↑         ↑ 
[     ] → [ 30  ] ← [  0  ] ← [ 12  ]
   ↑                   ↓           
[     ]   [ 41  ] ⇄ [  1  ]   [     ]
   ↑                   ↓         ⇅ 
[  5  ]   [     ] ⇄ [     ] → [     ]
--------------------------- cycle:4 ---------------------------
[ 21  ] ← [ 31  ] ⇄ [ 29  ]   [     ]
   ↓         ↑         ↓         ↓ 
[     ] → [ 19  ] → [ 15  ] → [     ]
             ⇅         ⇅           
[  7  ]   [ 39  ] → [ 10  ] ⇄ [ 14  ]
   ↓                   ↓         ↑ 
[     ] ← [  6  ] ← [  2  ] ⇄ [     ]
--------------------------- cycle:5 ---------------------------
[ 32  ]   [     ] → [ 33  ] → [     ]
   ⇅         ↑         ↑           
[ 22  ]   [     ] ← [ 11  ] → [     ]
             ↓         ↑         ↑ 
[     ] ← [ 23  ]   [ 16  ] → [     ]
                                   
[  8  ] ⇄ [  4  ]   [ 13  ] ⇄ [  3  ]
--------------------------- cycle:6 ---------------------------
[ 25  ] ← [ 20  ]   [     ] ⇄ [ 34  ]
   ↓         ⇅         ↑         ↑ 
[ 35  ] → [ 30  ] ← [  0  ] ← [ 12  ]
   ↑                   ↓           
[ 24  ]   [ 41  ] ⇄ [  1  ]   [ 17  ]
   ↑                   ↓         ⇅ 
[  5  ]   [  9  ] ⇄ [     ] → [     ]
--------------------------- cycle:7 ---------------------------
[ 21  ] ← [ 31  ] ⇄ [ 29  ]   [     ]
   ↓         ↑         ↓         ↓ 
[ 26  ] → [ 19  ] → [ 15  ] → [     ]
             ⇅         ⇅           
[  7  ]   [ 39  ] → [ 10  ] ⇄ [ 14  ]
   ↓                   ↓         ↑ 
[     ] ← [  6  ] ← [  2  ] ⇄ [     ]
--------------------------- cycle:8 ---------------------------
[ 32  ]   [ 36  ] → [ 33  ] → [     ]
   ⇅         ↑         ↑           
[ 22  ]   [ 27  ] ← [ 11  ] → [     ]
             ↓         ↑         ↑ 
[     ] ← [ 23  ]   [ 16  ] → [     ]
                                   
[  8  ] ⇄ [  4  ]   [ 13  ] ⇄ [  3  ]
--------------------------- cycle:9 ---------------------------
[ 25  ] ← [ 20  ]   [ 37  ] ⇄ [ 34  ]
   ↓         ⇅         ↑         ↑ 
[ 35  ] → [ 30  ] ← [  0  ] ← [ 12  ]
   ↑                   ↓           
[ 24  ]   [ 41  ] ⇄ [  1  ]   [ 17  ]
   ↑                   ↓         ⇅ 
[  5  ]   [  9  ] ⇄ [ 18  ] → [     ]
--------------------------- cycle:10 ---------------------------
[ 21  ] ← [ 31  ] ⇄ [ 29  ]   [     ]
   ↓         ↑         ↓         ↓ 
[ 26  ] → [ 19  ] → [ 15  ] → [     ]
             ⇅         ⇅           
[  7  ]   [ 39  ] → [ 10  ] ⇄ [ 14  ]
   ↓                   ↓         ↑ 
[     ] ← [  6  ] ← [  2  ] ⇄ [     ]
--------------------------- cycle:11 ---------------------------
[ 32  ]   [ 36  ] → [ 33  ] → [     ]
   ⇅         ↑         ↑           
[ 22  ]   [ 27  ] ← [ 11  ] → [     ]
             ↓         ↑         ↑ 
[     ] ← [ 23  ]   [ 16  ] → [ 28  ]
                                   
[  8  ] ⇄ [  4  ]   [ 13  ] ⇄ [  3  ]
--------------------------- cycle:12 ---------------------------
[ 25  ] ← [ 20  ]   [ 37  ] ⇄ [ 34  ]
   ↓         ⇅         ↑         ↑ 
[ 35  ] → [ 30  ] ← [  0  ] ← [ 12  ]
   ↑                   ↓           
[ 24  ]   [ 41  ] ⇄ [  1  ]   [ 17  ]
   ↑                   ↓         ⇅ 
[  5  ]   [  9  ] ⇄ [ 18  ] → [     ]
--------------------------- cycle:13 ---------------------------
[ 21  ] ← [ 31  ] ⇄ [ 29  ]   [ 38  ]
   ↓         ↑         ↓         ↓ 
[ 26  ] → [ 19  ] → [ 15  ] → [     ]
             ⇅         ⇅           
[  7  ]   [ 39  ] → [ 10  ] ⇄ [ 14  ]
   ↓                   ↓         ↑ 
[     ] ← [  6  ] ← [  2  ] ⇄ [     ]
--------------------------- cycle:14 ---------------------------
[ 32  ]   [ 36  ] → [ 33  ] → [     ]
   ⇅         ↑         ↑           
[ 22  ]   [ 27  ] ← [ 11  ] → [ 40  ]
             ↓         ↑         ↑ 
[     ] ← [ 23  ]   [ 16  ] → [ 28  ]
                                   
[  8  ] ⇄ [  4  ]   [ 13  ] ⇄ [  3  ]
--------------------------- cycle:15 ---------------------------
[ 25  ] ← [ 20  ]   [ 37  ] ⇄ [ 34  ]
   ↓         ⇅         ↑         ↑ 
[ 35  ] → [ 30  ] ← [  0  ] ← [ 12  ]
   ↑                   ↓           
[ 24  ]   [ 41  ] ⇄ [  1  ]   [ 17  ]
   ↑                   ↓         ⇅ 
[  5  ]   [  9  ] ⇄ [ 18  ] → [     ]
--------------------------- cycle:16 ---------------------------
[ 21  ] ← [ 31  ] ⇄ [ 29  ]   [ 38  ]
   ↓         ↑         ↓         ↓ 
[ 26  ] → [ 19  ] → [ 15  ] → [     ]
             ⇅         ⇅           
[  7  ]   [ 39  ] → [ 10  ] ⇄ [ 14  ]
   ↓                   ↓         ↑ 
[     ] ← [  6  ] ← [  2  ] ⇄ [     ]
--------------------------- cycle:17 ---------------------------
[ 32  ]   [ 36  ] → [ 33  ] → [     ]
   ⇅         ↑         ↑           
[ 22  ]   [ 27  ] ← [ 11  ] → [ 40  ]
             ↓         ↑         ↑ 
[     ] ← [ 23  ]   [ 16  ] → [ 28  ]
                                   
[  8  ] ⇄ [  4  ]   [ 13  ] ⇄ [  3  ]
--------------------------- cycle:18 ---------------------------
[ 25  ] ← [ 20  ]   [ 37  ] ⇄ [ 34  ]
   ↓         ⇅         ↑         ↑ 
[ 35  ] → [ 30  ] ← [  0  ] ← [ 12  ]
   ↑                   ↓           
[ 24  ]   [ 41  ] ⇄ [  1  ]   [ 17  ]
   ↑                   ↓         ⇅ 
[  5  ]   [  9  ] ⇄ [ 18  ] → [     ]
--------------------------- cycle:19 ---------------------------
[ 21  ] ← [ 31  ] ⇄ [ 29  ]   [ 38  ]
   ↓         ↑         ↓         ↓ 
[ 26  ] → [ 19  ] → [ 15  ] → [     ]
             ⇅         ⇅           
[  7  ]   [ 39  ] → [ 10  ] ⇄ [ 14  ]
   ↓                   ↓         ↑ 
[     ] ← [  6  ] ← [  2  ] ⇄ [     ]
--------------------------- cycle:20 ---------------------------
[ 32  ]   [ 36  ] → [ 33  ] → [     ]
   ⇅         ↑         ↑           
[ 22  ]   [ 27  ] ← [ 11  ] → [ 40  ]
             ↓         ↑         ↑ 
[     ] ← [ 23  ]   [ 16  ] → [ 28  ]
                                   
[  8  ] ⇄ [  4  ]   [ 13  ] ⇄ [  3  ]
--------------------------- cycle:21 ---------------------------
[ 25  ] ← [ 20  ]   [ 37  ] ⇄ [ 34  ]
   ↓         ⇅         ↑         ↑ 
[ 35  ] → [ 30  ] ← [  0  ] ← [ 12  ]
   ↑                   ↓           
[ 24  ]   [ 41  ] ⇄ [  1  ]   [ 17  ]
   ↑                   ↓         ⇅ 
[  5  ]   [  9  ] ⇄ [ 18  ] → [     ]
--------------------------- cycle:22 ---------------------------
[ 21  ] ← [ 31  ] ⇄ [ 29  ]   [ 38  ]
   ↓         ↑         ↓         ↓ 
[ 26  ] → [ 19  ] → [ 15  ] → [     ]
             ⇅         ⇅           
[  7  ]   [ 39  ] → [ 10  ] ⇄ [ 14  ]
   ↓                   ↓         ↑ 
[     ] ← [  6  ] ← [  2  ] ⇄ [     ]
--------------------------- cycle:23 ---------------------------
[ 32  ]   [ 36  ] → [ 33  ] → [     ]
   ⇅         ↑         ↑           
[ 22  ]   [ 27  ] ← [ 11  ] → [ 40  ]
             ↓         ↑         ↑ 
[     ] ← [ 23  ]   [ 16  ] → [ 28  ]
                                   
[  8  ] ⇄ [  4  ]   [ 13  ] ⇄ [  3  ]
--------------------------- cycle:24 ---------------------------
[ 25  ] ← [ 20  ]   [ 37  ] ⇄ [ 34  ]
   ↓         ⇅         ↑         ↑ 
[ 35  ] → [ 30  ] ← [  0  ] ← [ 12  ]
   ↑                   ↓           
[ 24  ]   [ 41  ] ⇄ [  1  ]   [ 17  ]
   ↑                   ↓         ⇅ 
[  5  ]   [  9  ] ⇄ [ 18  ] → [     ]
--------------------------- cycle:25 ---------------------------
[ 21  ] ← [ 31  ] ⇄ [ 29  ]   [ 38  ]
   ↓         ↑         ↓         ↓ 
[ 26  ] → [ 19  ] → [ 15  ] → [     ]
             ⇅         ⇅           
[  7  ]   [ 39  ] → [ 10  ] ⇄ [ 14  ]
   ↓                   ↓         ↑ 
[     ] ← [  6  ] ← [  2  ] ⇄ [     ]
--------------------------- cycle:26 ---------------------------
[ 32  ]   [ 36  ] → [ 33  ] → [     ]
   ⇅         ↑         ↑           
[ 22  ]   [ 27  ] ← [ 11  ] → [ 40  ]
             ↓         ↑         ↑ 
[     ] ← [ 23  ]   [ 16  ] → [ 28  ]
                                   
[  8  ] ⇄ [  4  ]   [ 13  ] ⇄ [  3  ]
--------------------------- cycle:27 ---------------------------
[ 25  ] ← [ 20  ]   [ 37  ] ⇄ [ 34  ]
   ↓         ⇅         ↑         ↑ 
[ 35  ] → [ 30  ] ← [  0  ] ← [ 12  ]
   ↑                   ↓           
[ 24  ]   [ 41  ] ⇄ [  1  ]   [ 17  ]
   ↑                   ↓         ⇅ 
[  5  ]   [  9  ] ⇄ [ 18  ] → [     ]
--------------------------- cycle:28 ---------------------------
[ 21  ] ← [ 31  ] ⇄ [ 29  ]   [ 38  ]
   ↓         ↑         ↓         ↓ 
[ 26  ] → [ 19  ] → [ 15  ] → [     ]
             ⇅         ⇅           
[  7  ]   [ 39  ] → [ 10  ] ⇄ [ 14  ]
   ↓                   ↓         ↑ 
[     ] ← [  6  ] ← [  2  ] ⇄ [     ]
--------------------------- cycle:29 ---------------------------
[ 32  ]   [ 36  ] → [ 33  ] → [     ]
   ⇅         ↑         ↑           
[ 22  ]   [ 27  ] ← [ 11  ] → [ 40  ]
             ↓         ↑         ↑ 
[     ] ← [ 23  ]   [ 16  ] → [ 28  ]
                                   
[  8  ] ⇄ [  4  ]   [ 13  ] ⇄ [  3  ]
--------------------------- cycle:30 ---------------------------
[ 25  ] ← [ 20  ]   [ 37  ] ⇄ [ 34  ]
   ↓         ⇅         ↑         ↑ 
[ 35  ] → [ 30  ] ← [  0  ] ← [ 12  ]
   ↑                   ↓           
[ 24  ]   [ 41  ] ⇄ [  1  ]   [ 17  ]
   ↑                   ↓         ⇅ 
[  5  ]   [  9  ] ⇄ [ 18  ] → [     ]
--------------------------- cycle:31 ---------------------------
[ 21  ] ← [ 31  ] ⇄ [ 29  ]   [ 38  ]
   ↓         ↑         ↓         ↓ 
[ 26  ] → [ 19  ] → [ 15  ] → [     ]
             ⇅         ⇅           
[  7  ]   [ 39  ] → [ 10  ] ⇄ [ 14  ]
   ↓                   ↓         ↑ 
[     ] ← [  6  ] ← [  2  ] ⇄ [     ]
--------------------------- cycle:32 ---------------------------
[ 32  ]   [ 36  ] → [ 33  ] → [     ]
   ⇅         ↑         ↑           
[ 22  ]   [ 27  ] ← [ 11  ] → [ 40  ]
             ↓         ↑         ↑ 
[     ] ← [ 23  ]   [ 16  ] → [ 28  ]
                                   
[  8  ] ⇄ [  4  ]   [ 13  ] ⇄ [  3  ]
[Mapping II: 3]
[show opcode count]
add : 11
getelementptr : 9
load : 8
mul : 9
ret : 1
sext : 2
shl : 1
store : 1
DFG node count: 42; DFG edge count: 50; SIMD node count: 0
[Mapping Success]
==================================
[Utilization & DVFS stats]
tile avg fu utilization: 87.5%; avg xbar utilization: 100%; avg overall utilization: 100%
histogram 0% tile utilization: 0
histogram (0%, 25%] tile utilization: 0
histogram (25%, 50%] tile utilization: 0
histogram (50%, 100%] tile utilization: 16
tile average DVFS frequency level: 100%
histogram 0% tile DVFS frequency ratio: 0
histogram 25% tile DVFS frequency ratio: 0
histogram 50% tile DVFS frequency ratio: 0
histogram 100% tile DVFS frequency ratio: 16
==================================
[DEBUG] inside roi for CGRA node 2...
[DEBUG] inside roi for CGRA node 3...
[DEBUG] inside roi for CGRA node 3...
[DEBUG] inside roi for CGRA node 5...
[DEBUG] inside roi for CGRA node 6...
[DEBUG] inside roi for CGRA node 9...
[DEBUG] inside roi for CGRA node 9...
[DEBUG] inside roi for CGRA node 13...
[DEBUG] inside roi for CGRA node 14...
[DEBUG] inside roi for CGRA node 6...
[DEBUG] inside roi for CGRA node 9...
[DEBUG] inside roi for CGRA node 10...
[DEBUG] inside roi for CGRA node 10...
[DEBUG] inside roi for CGRA node 2...
[DEBUG] inside roi for CGRA node 3...
[DEBUG] inside roi for CGRA node 5...
[DEBUG] inside roi for CGRA node 11...
[DEBUG] inside roi for CGRA node 2...
[DEBUG] inside roi for CGRA node 3...
[DEBUG] inside roi for CGRA node 3...
[DEBUG] inside roi for CGRA node 5...
[DEBUG] inside roi for CGRA node 6...
[DEBUG] inside roi for CGRA node 9...
[DEBUG] inside roi for CGRA node 9...
[DEBUG] inside roi for CGRA node 13...
[DEBUG] inside roi for CGRA node 14...
[Output Json]
[Output Json for Incremental Mapping]
==================================
Initialize opt latency for DFG nodes: 
Deciding fusion strategy for DFG nodes: 
Initialize additional functionality on CGRA nodes: 
Finding fusion pattern for DFG: 
[function 'fmcw_cfar_2d_map' is not in our target list]
... no loop detected in the target kernel ...
... done detected loops.size(): 0
└── *** current basic block: ; First Inst:   %6 = sext i32 %3 to i64
│   └── +++ "  %6 = sext i32 %3 to i64" (ID: 0)
│   └── +++ "  %7 = sext i32 %4 to i64" (ID: 1)
│   └── +++ "  %8 = getelementptr inbounds float, float* %0, i64 %7" (ID: 2)
│   └── +++ "  %9 = load float, float* %8, align 4, !tbaa !2" (ID: 3)
│   └── +++ "  %10 = getelementptr inbounds float, float* %1, i64 %7" (ID: 4)
│   └── +++ "  %11 = load float, float* %10, align 4, !tbaa !2" (ID: 5)
│   └── +++ "  %12 = fmul float %9, %9" (ID: 6)
│   └── +++ "  %13 = fmul float %11, %11" (ID: 7)
│   └── +++ "  %14 = fadd float %12, %13" (ID: 8)
│   └── +++ "  %15 = fadd float %14, 0.000000e+00" (ID: 9)
│   └── +++ "  %16 = add nsw i64 %6, %7" (ID: 10)
│   └── +++ "  %17 = getelementptr inbounds float, float* %0, i64 %16" (ID: 11)
│   └── +++ "  %18 = load float, float* %17, align 4, !tbaa !2" (ID: 12)
│   └── +++ "  %19 = getelementptr inbounds float, float* %1, i64 %16" (ID: 13)
│   └── +++ "  %20 = load float, float* %19, align 4, !tbaa !2" (ID: 14)
│   └── +++ "  %21 = fmul float %18, %18" (ID: 15)
│   └── +++ "  %22 = fmul float %20, %20" (ID: 16)
│   └── +++ "  %23 = fadd float %21, %22" (ID: 17)
│   └── +++ "  %24 = fadd float %15, %23" (ID: 18)
│   └── +++ "  %25 = shl nsw i64 %6, 1" (ID: 19)
│   └── +++ "  %26 = add nsw i64 %25, %7" (ID: 20)
│   └── +++ "  %27 = getelementptr inbounds float, float* %0, i64 %26" (ID: 21)
│   └── +++ "  %28 = load float, float* %27, align 4, !tbaa !2" (ID: 22)
│   └── +++ "  %29 = getelementptr inbounds float, float* %1, i64 %26" (ID: 23)
│   └── +++ "  %30 = load float, float* %29, align 4, !tbaa !2" (ID: 24)
│   └── +++ "  %31 = fmul float %28, %28" (ID: 25)
│   └── +++ "  %32 = fmul float %30, %30" (ID: 26)
│   └── +++ "  %33 = fadd float %31, %32" (ID: 27)
│   └── +++ "  %34 = fadd float %24, %33" (ID: 28)
│   └── +++ "  %35 = mul nsw i64 %6, 3" (ID: 29)
│   └── +++ "  %36 = add nsw i64 %35, %7" (ID: 30)
│   └── +++ "  %37 = getelementptr inbounds float, float* %0, i64 %36" (ID: 31)
│   └── +++ "  %38 = load float, float* %37, align 4, !tbaa !2" (ID: 32)
│   └── +++ "  %39 = getelementptr inbounds float, float* %1, i64 %36" (ID: 33)
│   └── +++ "  %40 = load float, float* %39, align 4, !tbaa !2" (ID: 34)
│   └── +++ "  %41 = fmul float %38, %38" (ID: 35)
│   └── +++ "  %42 = fmul float %40, %40" (ID: 36)
│   └── +++ "  %43 = fadd float %41, %42" (ID: 37)
│   └── +++ "  %44 = fadd float %34, %43" (ID: 38)
│   └── +++ "  %45 = getelementptr inbounds float, float* %2, i64 %7" (ID: 39)
│   └── +++ "  store float %44, float* %45, align 4, !tbaa !2" (ID: 40)
│   └── +++ "  ret void" (ID: 41)
└── +++ basic block "" got ID: 0
│
│
└── *** curBB: ; First Inst:   %6 = sext i32 %3 to i64
│   ├── *** find terminator instruction of curBB:   ret void
(0)   %6 = sext i32 %3 to i64, level: 0
(1)   %7 = sext i32 %4 to i64, level: 0
(41)   ret void, level: 0
(2)   %8 = getelementptr inbounds float, float* %0, i64 %7, level: 1
(4)   %10 = getelementptr inbounds float, float* %1, i64 %7, level: 1
(10)   %16 = add nsw i64 %6, %7, level: 1
(19)   %25 = shl nsw i64 %6, 1, level: 1
(29)   %35 = mul nsw i64 %6, 3, level: 1
(39)   %45 = getelementptr inbounds float, float* %2, i64 %7, level: 1
(3)   %9 = load float, float* %8, align 4, !tbaa !2, level: 2
(5)   %11 = load float, float* %10, align 4, !tbaa !2, level: 2
(11)   %17 = getelementptr inbounds float, float* %0, i64 %16, level: 2
(13)   %19 = getelementptr inbounds float, float* %1, i64 %16, level: 2
(20)   %26 = add nsw i64 %25, %7, level: 2
(30)   %36 = add nsw i64 %35, %7, level: 2
(6)   %12 = fmul float %9, %9, level: 3
(7)   %13 = fmul float %11, %11, level: 3
(12)   %18 = load float, float* %17, align 4, !tbaa !2, level: 3
(14)   %20 = load float, float* %19, align 4, !tbaa !2, level: 3
(21)   %27 = getelementptr inbounds float, float* %0, i64 %26, level: 3
(23)   %29 = getelementptr inbounds float, float* %1, i64 %26, level: 3
(31)   %37 = getelementptr inbounds float, float* %0, i64 %36, level: 3
(33)   %39 = getelementptr inbounds float, float* %1, i64 %36, level: 3
(8)   %14 = fadd float %12, %13, level: 4
(15)   %21 = fmul float %18, %18, level: 4
(16)   %22 = fmul float %20, %20, level: 4
(22)   %28 = load float, float* %27, align 4, !tbaa !2, level: 4
(24)   %30 = load float, float* %29, align 4, !tbaa !2, level: 4
(32)   %38 = load float, float* %37, align 4, !tbaa !2, level: 4
(34)   %40 = load float, float* %39, align 4, !tbaa !2, level: 4
(9)   %15 = fadd float %14, 0.000000e+00, level: 5
(17)   %23 = fadd float %21, %22, level: 5
(25)   %31 = fmul float %28, %28, level: 5
(26)   %32 = fmul float %30, %30, level: 5
(35)   %41 = fmul float %38, %38, level: 5
(36)   %42 = fmul float %40, %40, level: 5
(18)   %24 = fadd float %15, %23, level: 6
(27)   %33 = fadd float %31, %32, level: 6
(37)   %43 = fadd float %41, %42, level: 6
(28)   %34 = fadd float %24, %33, level: 7
(38)   %44 = fadd float %34, %43, level: 8
(40)   store float %44, float* %45, align 4, !tbaa !2, level: 9
