Initialize opt latency for DFG nodes: 
Deciding fusion strategy for DFG nodes: 
Initialize additional functionality on CGRA nodes: 
Finding fusion pattern for DFG: 
==================================
[function 'fmcw_window_map' is one of our targets]
*** current function: fmcw_window_map
==================================
==================================
[reorder DFG along with the longest path]
==================================
==================================
disabling multiple ops
disabling multiple ops
disabling multiple ops
disabling multiple ops
disabling multiple ops
disabling multiple ops
disabling multiple ops
disabling multiple ops
disabling multiple ops
disabling multiple ops
disabling multiple ops
disabling multiple ops
disabling multiple ops
disabling multiple ops
disabling multiple ops
disabling multiple ops
Node 0 supports: "Add" "Br" "Cmp" "Logic" "Phi" "Ret" "Sel" "Shift" "Ld" "Mul"  
 
Node 1 supports: "Add" "Br" "Cmp" "Logic" "Phi" "Ret" "Sel" "Shift" "Mul"  
 
Node 2 supports: "Add" "Br" "Cmp" "Logic" "Phi" "Ret" "Sel" "Shift" "Mul"  
 
Node 3 supports: "Add" "Br" "Cmp" "Logic" "Phi" "Ret" "Sel" "Shift" "St"  
 
Node 4 supports: "Add" "Br" "Cmp" "Logic" "Phi" "Ret" "Sel" "Shift" "Ld" "FAdd"  
 
Node 5 supports: "Add" "Br" "Cmp" "Logic" "Phi" "Ret" "Sel" "Shift" "Mul" "FAdd"  
 
Node 6 supports: "Add" "Br" "Cmp" "Logic" "Phi" "Ret" "Sel" "Shift" "Mul" "FAdd"  
 
Node 7 supports: "Add" "Br" "Cmp" "Logic" "Phi" "Ret" "Sel" "Shift" "St"  
 
Node 8 supports: "Add" "Br" "Cmp" "Logic" "Phi" "Ret" "Sel" "Shift" "Ld"  
 
Node 9 supports: "Add" "Br" "Cmp" "Logic" "Phi" "Ret" "Sel" "Shift" "Mul"  
 
Node 10 supports: "Add" "Br" "Cmp" "Logic" "Phi" "Ret" "Sel" "Shift" "Mul"  
 
Node 11 supports: "Add" "Br" "Cmp" "Logic" "Phi" "Ret" "Sel" "Shift" "St"  
 
Node 12 supports: "Add" "Br" "Cmp" "Logic" "Phi" "Ret" "Sel" "Shift" "Ld" "FAdd"  
 
Node 13 supports: "Add" "Br" "Cmp" "Logic" "Phi" "Ret" "Sel" "Shift" "Mul" "FAdd"  
 
Node 14 supports: "Add" "Br" "Cmp" "Logic" "Phi" "Ret" "Sel" "Shift" "Mul" "FAdd"  
 
Node 15 supports: "Add" "Br" "Cmp" "Logic" "Phi" "Ret" "Sel" "Shift" "St"  
 
==================================
[show opcode count]
add : 1
br : 1
cmp : 1
getelementptr : 10
load : 8
mul : 4
or : 1
phi : 1
store : 4
DFG node count: 31; DFG edge count: 40; SIMD node count: 0
==================================
[generate dot for DFG]
==================================
[generate JSON for DFG]
==================================
[ResMII: 2]
==================================
[RecMII: 3]
==================================
[heuristic]
----------------------------------------
[DEBUG] start heuristic algorithm with II=3
[DEBUG] schedule dfg node[29] onto fu[5] at cycle 0 within II: 3
[DEBUG] setDFGNode 29 onto CGRANode 5 at cycle: 0
[DEBUG] success in schedule()
[DEBUG] schedule dfg node[30] onto fu[6] at cycle 1 within II: 3
[DEBUG] setDFGNode 30 onto CGRANode 6 at cycle: 1
[DEBUG] in allocateReg() t_cycle: 0; i: 0 CGRA node: 6; link: 2 duration 1
[DEBUG] done reg allocation
[DEBUG] occupy link[5]-->[6] (bypass:0) dfgNode: 29 at cycle 0
[DEBUG] skip predecessor routing -- dfgNode: 29
[DEBUG] success in schedule()
[DEBUG] schedule dfg node[0] onto fu[10] at cycle 2 within II: 3
[DEBUG] setDFGNode 0 onto CGRANode 10 at cycle: 2
[DEBUG] in allocateReg() t_cycle: 1; i: 0 CGRA node: 10; link: 1 duration 1
[DEBUG] done reg allocation
[DEBUG] occupy link[6]-->[10] (bypass:0) dfgNode: 30 at cycle 1
[DEBUG] skip predecessor routing -- dfgNode: 30
[DEBUG] in shareSameCycle is true: node 0
[DEBUG] tryToRoute -- srcDFGNode: 0, srcCGRANode: 10; dstDFGNode: 29, dstCGRANode: 5; backEdge: 1
[DEBUG] in shareSameCycle is true: node 29
[DEBUG] check route size: 3
[DEBUG] occupy link[10]-->[6] (bypass:1) dfgNode: 0 at cycle 2
[DEBUG] reset duration: 0 t_dstCycle: 0 previous: 3 II: 3
[DEBUG] reset duration is 0...
[DEBUG] cannot route due to backedge
DEBUG target DFG node: 0 on fu: 10 failed, mapped succ DFG node: 29; return false
[DEBUG] fail1 in schedule() II: 3
[DEBUG] the failed path -- cycle: 1 CGRANode: 6
[DEBUG] the failed path -- cycle: 2 CGRANode: 10
----------------------------------------
[DEBUG] start heuristic algorithm with II=4
[DEBUG] schedule dfg node[29] onto fu[5] at cycle 0 within II: 4
[DEBUG] setDFGNode 29 onto CGRANode 5 at cycle: 0
[DEBUG] success in schedule()
[DEBUG] schedule dfg node[30] onto fu[6] at cycle 1 within II: 4
[DEBUG] setDFGNode 30 onto CGRANode 6 at cycle: 1
[DEBUG] in allocateReg() t_cycle: 0; i: 0 CGRA node: 6; link: 2 duration 1
[DEBUG] done reg allocation
[DEBUG] occupy link[5]-->[6] (bypass:0) dfgNode: 29 at cycle 0
[DEBUG] skip predecessor routing -- dfgNode: 29
[DEBUG] success in schedule()
[DEBUG] schedule dfg node[0] onto fu[10] at cycle 2 within II: 4
[DEBUG] setDFGNode 0 onto CGRANode 10 at cycle: 2
[DEBUG] in allocateReg() t_cycle: 1; i: 0 CGRA node: 10; link: 1 duration 1
[DEBUG] done reg allocation
[DEBUG] occupy link[6]-->[10] (bypass:0) dfgNode: 30 at cycle 1
[DEBUG] skip predecessor routing -- dfgNode: 30
[DEBUG] in shareSameCycle is true: node 0
[DEBUG] tryToRoute -- srcDFGNode: 0, srcCGRANode: 10; dstDFGNode: 29, dstCGRANode: 5; backEdge: 1
[DEBUG] in shareSameCycle is true: node 29
[DEBUG] check route size: 3
[DEBUG] occupy link[10]-->[6] (bypass:1) dfgNode: 0 at cycle 2
[DEBUG] reset duration: 1 t_dstCycle: 0 previous: 3 II: 4
[DEBUG] in allocateReg() t_cycle: 3; i: 0 CGRA node: 5; link: 3 duration 1
[DEBUG] done reg allocation
[DEBUG] occupy link[6]-->[5] (bypass:0) dfgNode: 0 at cycle 3
[DEBUG] success in schedule()
[DEBUG] schedule dfg node[1] onto fu[9] at cycle 3 within II: 4
[DEBUG] setDFGNode 1 onto CGRANode 9 at cycle: 3
[DEBUG] in allocateReg() t_cycle: 2; i: 0 CGRA node: 9; link: 3 duration 1
[DEBUG] done reg allocation
[DEBUG] occupy link[10]-->[9] (bypass:0) dfgNode: 0 at cycle 2
[DEBUG] skip predecessor routing -- dfgNode: 0
[DEBUG] success in schedule()
[DEBUG] schedule dfg node[3] onto fu[6] at cycle 3 within II: 4
[DEBUG] setDFGNode 3 onto CGRANode 6 at cycle: 3
[DEBUG] in allocateReg() t_cycle: 2; i: 0 CGRA node: 6; link: 0 duration 1
[DEBUG] done reg allocation
[DEBUG] occupy link[10]-->[6] (bypass:0) dfgNode: 0 at cycle 2
[DEBUG] skip predecessor routing -- dfgNode: 0
[DEBUG] success in schedule()
[DEBUG] schedule dfg node[6] onto fu[14] at cycle 3 within II: 4
[DEBUG] setDFGNode 6 onto CGRANode 14 at cycle: 3
[DEBUG] in allocateReg() t_cycle: 2; i: 0 CGRA node: 14; link: 1 duration 1
[DEBUG] done reg allocation
[DEBUG] occupy link[10]-->[14] (bypass:0) dfgNode: 0 at cycle 2
[DEBUG] skip predecessor routing -- dfgNode: 0
[DEBUG] success in schedule()
[DEBUG] schedule dfg node[8] onto fu[2] at cycle 4 within II: 4
[DEBUG] setDFGNode 8 onto CGRANode 2 at cycle: 4
[DEBUG] occupy link[10]-->[6] (bypass:1) dfgNode: 0 at cycle 2
[DEBUG] in allocateReg() t_cycle: 3; i: 0 CGRA node: 2; link: 0 duration 1
[DEBUG] done reg allocation
[DEBUG] occupy link[6]-->[2] (bypass:0) dfgNode: 0 at cycle 3
[DEBUG] skip predecessor routing -- dfgNode: 0
[DEBUG] success in schedule()
[DEBUG] schedule dfg node[12] onto fu[13] at cycle 4 within II: 4
[DEBUG] setDFGNode 12 onto CGRANode 13 at cycle: 4
[DEBUG] occupy link[10]-->[9] (bypass:1) dfgNode: 0 at cycle 2
[DEBUG] in allocateReg() t_cycle: 3; i: 0 CGRA node: 13; link: 1 duration 1
[DEBUG] done reg allocation
[DEBUG] occupy link[9]-->[13] (bypass:0) dfgNode: 0 at cycle 3
[DEBUG] skip predecessor routing -- dfgNode: 0
[DEBUG] success in schedule()
[DEBUG] schedule dfg node[14] onto fu[10] at cycle 3 within II: 4
[DEBUG] setDFGNode 14 onto CGRANode 10 at cycle: 3
[DEBUG] tryToRoute -- srcDFGNode: 0, srcCGRANode: 10; dstDFGNode: 14, dstCGRANode: 10; backEdge: 0
[DEBUG] check route size: 1
[DEBUG] allocate for local reg maintain... duration=1 last cycle: 2
[DEBUG] in allocateReg() t_cycle: 2; i: 0 CGRA node: 10; link: 4 duration 1
[DEBUG] done reg allocation
[DEBUG] success in schedule()
[DEBUG] schedule dfg node[28] onto fu[1] at cycle 5 within II: 4
[DEBUG] setDFGNode 28 onto CGRANode 1 at cycle: 5
[DEBUG] occupy link[10]-->[6] (bypass:1) dfgNode: 0 at cycle 2
[DEBUG] occupy link[6]-->[2] (bypass:1) dfgNode: 0 at cycle 3
[DEBUG] in allocateReg() t_cycle: 4; i: 0 CGRA node: 1; link: 3 duration 1
[DEBUG] done reg allocation
[DEBUG] occupy link[2]-->[1] (bypass:0) dfgNode: 0 at cycle 4
[DEBUG] skip predecessor routing -- dfgNode: 0
[DEBUG] in shareSameCycle is true: node 28
[DEBUG] tryToRoute -- srcDFGNode: 28, srcCGRANode: 1; dstDFGNode: 0, dstCGRANode: 10; backEdge: 1
[DEBUG] in shareSameCycle is true: node 0
[DEBUG] check route size: 4
[DEBUG] occupy link[1]-->[2] (bypass:1) dfgNode: 28 at cycle 5
[DEBUG] occupy link[2]-->[6] (bypass:1) dfgNode: 28 at cycle 6
[DEBUG] reset duration: 3 t_dstCycle: 2 previous: 7 II: 4
[DEBUG] in allocateReg() t_cycle: 7; i: 1 CGRA node: 10; link: 1 duration 3
[DEBUG] done reg allocation
[DEBUG] occupy link[6]-->[10] (bypass:0) dfgNode: 28 at cycle 7
[DEBUG] success in schedule()
[DEBUG] no available path for DFG node 2 on CGRA node 1 within II 4; path size: 1.
[DEBUG] no available path for DFG node 2 on CGRA node 2 within II 4; path size: 1.
[DEBUG] no available path for DFG node 2 on CGRA node 5 within II 4; path size: 3.
[DEBUG] no available path for DFG node 2 on CGRA node 6 within II 4; path size: 3.
[DEBUG] no available path for DFG node 2 on CGRA node 9 within II 4; path size: 5.
[DEBUG] no available path for DFG node 2 on CGRA node 10 within II 4; path size: 5.
[DEBUG] no available path for DFG node 2 on CGRA node 13 within II 4; path size: 7.
[DEBUG] no available path for DFG node 2 on CGRA node 14 within II 4; path size: 7.
[DEBUG] schedule dfg node[2] onto fu[8] at cycle 4 within II: 4
[DEBUG] setDFGNode 2 onto CGRANode 8 at cycle: 4
[DEBUG] in allocateReg() t_cycle: 3; i: 0 CGRA node: 8; link: 3 duration 1
[DEBUG] done reg allocation
[DEBUG] occupy link[9]-->[8] (bypass:0) dfgNode: 1 at cycle 3
[DEBUG] skip predecessor routing -- dfgNode: 1
[DEBUG] success in schedule()
[DEBUG] no available path for DFG node 4 on CGRA node 1 within II 4; path size: 1.
[DEBUG] no available path for DFG node 4 on CGRA node 2 within II 4; path size: 1.
[DEBUG] no available path for DFG node 4 on CGRA node 5 within II 4; path size: 3.
[DEBUG] no available path for DFG node 4 on CGRA node 6 within II 4; path size: 3.
[DEBUG] no available path for DFG node 4 on CGRA node 9 within II 4; path size: 5.
[DEBUG] no available path for DFG node 4 on CGRA node 10 within II 4; path size: 5.
[DEBUG] no available path for DFG node 4 on CGRA node 13 within II 4; path size: 7.
[DEBUG] no available path for DFG node 4 on CGRA node 14 within II 4; path size: 7.
[DEBUG] schedule dfg node[4] onto fu[7] at cycle 4 within II: 4
[DEBUG] setDFGNode 4 onto CGRANode 7 at cycle: 4
[DEBUG] in allocateReg() t_cycle: 3; i: 0 CGRA node: 7; link: 2 duration 1
[DEBUG] done reg allocation
[DEBUG] occupy link[6]-->[7] (bypass:0) dfgNode: 3 at cycle 3
[DEBUG] skip predecessor routing -- dfgNode: 3
[DEBUG] success in schedule()
[DEBUG] no available path for DFG node 9 on CGRA node 1 within II 4; path size: 1.
[DEBUG] no available path for DFG node 9 on CGRA node 2 within II 4; path size: 1.
[DEBUG] no available path for DFG node 9 on CGRA node 5 within II 4; path size: 3.
[DEBUG] no available path for DFG node 9 on CGRA node 6 within II 4; path size: 3.
[DEBUG] no available path for DFG node 9 on CGRA node 9 within II 4; path size: 5.
[DEBUG] no available path for DFG node 9 on CGRA node 10 within II 4; path size: 5.
[DEBUG] no available path for DFG node 9 on CGRA node 13 within II 4; path size: 7.
[DEBUG] no available path for DFG node 9 on CGRA node 14 within II 4; path size: 7.
[DEBUG] schedule dfg node[9] onto fu[3] at cycle 5 within II: 4
[DEBUG] setDFGNode 9 onto CGRANode 3 at cycle: 5
[DEBUG] in allocateReg() t_cycle: 4; i: 0 CGRA node: 3; link: 2 duration 1
[DEBUG] done reg allocation
[DEBUG] occupy link[2]-->[3] (bypass:0) dfgNode: 8 at cycle 4
[DEBUG] skip predecessor routing -- dfgNode: 8
[DEBUG] success in schedule()
[DEBUG] no available path for DFG node 10 on CGRA node 1 within II 4; path size: 1.
[DEBUG] no available path for DFG node 10 on CGRA node 2 within II 4; path size: 1.
[DEBUG] no available path for DFG node 10 on CGRA node 5 within II 4; path size: 3.
[DEBUG] no available path for DFG node 10 on CGRA node 6 within II 4; path size: 3.
[DEBUG] no available path for DFG node 10 on CGRA node 9 within II 4; path size: 5.
[DEBUG] no available path for DFG node 10 on CGRA node 10 within II 4; path size: 5.
[DEBUG] no available path for DFG node 10 on CGRA node 13 within II 4; path size: 7.
[DEBUG] no available path for DFG node 10 on CGRA node 14 within II 4; path size: 7.
[DEBUG] schedule dfg node[10] onto fu[11] at cycle 5 within II: 4
[DEBUG] setDFGNode 10 onto CGRANode 11 at cycle: 5
[DEBUG] occupy link[6]-->[7] (bypass:1) dfgNode: 3 at cycle 3
[DEBUG] in allocateReg() t_cycle: 4; i: 0 CGRA node: 11; link: 1 duration 1
[DEBUG] done reg allocation
[DEBUG] occupy link[7]-->[11] (bypass:0) dfgNode: 3 at cycle 4
[DEBUG] skip predecessor routing -- dfgNode: 3
[DEBUG] success in schedule()
[DEBUG] schedule dfg node[15] onto fu[9] at cycle 4 within II: 4
[DEBUG] setDFGNode 15 onto CGRANode 9 at cycle: 4
[DEBUG] in allocateReg() t_cycle: 3; i: 0 CGRA node: 9; link: 3 duration 1
[DEBUG] done reg allocation
[DEBUG] occupy link[10]-->[9] (bypass:0) dfgNode: 14 at cycle 3
[DEBUG] skip predecessor routing -- dfgNode: 14
[DEBUG] success in schedule()
[DEBUG] schedule dfg node[17] onto fu[10] at cycle 4 within II: 4
[DEBUG] setDFGNode 17 onto CGRANode 10 at cycle: 4
[DEBUG] tryToRoute -- srcDFGNode: 14, srcCGRANode: 10; dstDFGNode: 17, dstCGRANode: 10; backEdge: 0
[DEBUG] check route size: 1
[DEBUG] allocate for local reg maintain... duration=1 last cycle: 3
[DEBUG] in allocateReg() t_cycle: 3; i: 0 CGRA node: 10; link: 4 duration 1
[DEBUG] done reg allocation
[DEBUG] success in schedule()
[DEBUG] schedule dfg node[20] onto fu[5] at cycle 5 within II: 4
[DEBUG] setDFGNode 20 onto CGRANode 5 at cycle: 5
[DEBUG] occupy link[10]-->[6] (bypass:1) dfgNode: 14 at cycle 3
[DEBUG] in allocateReg() t_cycle: 4; i: 0 CGRA node: 5; link: 3 duration 1
[DEBUG] done reg allocation
[DEBUG] occupy link[6]-->[5] (bypass:0) dfgNode: 14 at cycle 4
[DEBUG] skip predecessor routing -- dfgNode: 14
[DEBUG] success in schedule()
[DEBUG] schedule dfg node[22] onto fu[13] at cycle 5 within II: 4
[DEBUG] setDFGNode 22 onto CGRANode 13 at cycle: 5
[DEBUG] occupy link[10]-->[9] (bypass:1) dfgNode: 14 at cycle 3
[DEBUG] in allocateReg() t_cycle: 4; i: 0 CGRA node: 13; link: 1 duration 1
[DEBUG] done reg allocation
[DEBUG] occupy link[9]-->[13] (bypass:0) dfgNode: 14 at cycle 4
[DEBUG] skip predecessor routing -- dfgNode: 14
[DEBUG] success in schedule()
[DEBUG] schedule dfg node[26] onto fu[2] at cycle 5 within II: 4
[DEBUG] setDFGNode 26 onto CGRANode 2 at cycle: 5
[DEBUG] occupy link[10]-->[6] (bypass:1) dfgNode: 14 at cycle 3
[DEBUG] in allocateReg() t_cycle: 4; i: 0 CGRA node: 2; link: 0 duration 1
[DEBUG] done reg allocation
[DEBUG] occupy link[6]-->[2] (bypass:0) dfgNode: 14 at cycle 4
[DEBUG] skip predecessor routing -- dfgNode: 14
[DEBUG] success in schedule()
[DEBUG] no available path for DFG node 5 on CGRA node 3 within II 4; path size: 3.
[DEBUG] no available path for DFG node 5 on CGRA node 4 within II 4; path size: 3.
[DEBUG] no available path for DFG node 5 on CGRA node 7 within II 4; path size: 5.
[DEBUG] no available path for DFG node 5 on CGRA node 8 within II 4; path size: 5.
[DEBUG] no available path for DFG node 5 on CGRA node 11 within II 4; path size: 7.
[DEBUG] no available path for DFG node 5 on CGRA node 12 within II 4; path size: 7.
[DEBUG] no available path for DFG node 5 on CGRA node 15 within II 4; path size: 9.
[DEBUG] schedule dfg node[5] onto fu[5] at cycle 6 within II: 4
[DEBUG] setDFGNode 5 onto CGRANode 5 at cycle: 6
[DEBUG] occupy link[8]-->[4] (bypass:1) dfgNode: 2 at cycle 4
[DEBUG] in allocateReg() t_cycle: 5; i: 0 CGRA node: 5; link: 2 duration 1
[DEBUG] done reg allocation
[DEBUG] occupy link[4]-->[5] (bypass:0) dfgNode: 2 at cycle 5
[DEBUG] skip predecessor routing -- dfgNode: 2
[DEBUG] tryToRoute -- srcDFGNode: 4, srcCGRANode: 7; dstDFGNode: 5, dstCGRANode: 5; backEdge: 0
[DEBUG] check route size: 3
[DEBUG] occupy link[7]-->[6] (bypass:1) dfgNode: 4 at cycle 4
[DEBUG] reset duration: 1 t_dstCycle: 6 previous: 5 II: 4
[DEBUG] in allocateReg() t_cycle: 5; i: 1 CGRA node: 5; link: 3 duration 1
[DEBUG] done reg allocation
[DEBUG] occupy link[6]-->[5] (bypass:0) dfgNode: 4 at cycle 5
[DEBUG] success in schedule()
[DEBUG] no available path for DFG node 11 on CGRA node 3 within II 4; path size: 3.
[DEBUG] no available path for DFG node 11 on CGRA node 4 within II 4; path size: 3.
[DEBUG] no available path for DFG node 11 on CGRA node 7 within II 4; path size: 5.
[DEBUG] no available path for DFG node 11 on CGRA node 8 within II 4; path size: 5.
[DEBUG] no available path for DFG node 11 on CGRA node 11 within II 4; path size: 7.
[DEBUG] no available path for DFG node 11 on CGRA node 12 within II 4; path size: 7.
[DEBUG] no available path for DFG node 11 on CGRA node 15 within II 4; path size: 9.
[DEBUG] schedule dfg node[11] onto fu[14] at cycle 9 within II: 4
[DEBUG] setDFGNode 11 onto CGRANode 14 at cycle: 9
[DEBUG] occupy link[3]-->[7] (bypass:1) dfgNode: 9 at cycle 5
[DEBUG] occupy link[7]-->[11] (bypass:1) dfgNode: 9 at cycle 6
[DEBUG] occupy link[11]-->[10] (bypass:1) dfgNode: 9 at cycle 7
[DEBUG] in allocateReg() t_cycle: 8; i: 0 CGRA node: 14; link: 1 duration 1
[DEBUG] done reg allocation
[DEBUG] occupy link[10]-->[14] (bypass:0) dfgNode: 9 at cycle 8
[DEBUG] skip predecessor routing -- dfgNode: 9
[DEBUG] tryToRoute -- srcDFGNode: 10, srcCGRANode: 11; dstDFGNode: 11, dstCGRANode: 14; backEdge: 0
[DEBUG] check route size: 3
[DEBUG] occupy link[11]-->[15] (bypass:1) dfgNode: 10 at cycle 5
[DEBUG] reset duration: 3 t_dstCycle: 9 previous: 6 II: 4
[DEBUG] in allocateReg() t_cycle: 6; i: 1 CGRA node: 14; link: 3 duration 3
[DEBUG] done reg allocation
[DEBUG] occupy link[15]-->[14] (bypass:0) dfgNode: 10 at cycle 6
[DEBUG] success in schedule()
[DEBUG] no available path for DFG node 16 on CGRA node 1 within II 4; path size: 1.
[DEBUG] no available path for DFG node 16 on CGRA node 2 within II 4; path size: 1.
[DEBUG] no available path for DFG node 16 on CGRA node 5 within II 4; path size: 3.
[DEBUG] no available path for DFG node 16 on CGRA node 6 within II 4; path size: 3.
[DEBUG] no available path for DFG node 16 on CGRA node 9 within II 4; path size: 5.
[DEBUG] no available path for DFG node 16 on CGRA node 10 within II 4; path size: 5.
[DEBUG] no available path for DFG node 16 on CGRA node 13 within II 4; path size: 7.
[DEBUG] no available path for DFG node 16 on CGRA node 14 within II 4; path size: 7.
[DEBUG] schedule dfg node[16] onto fu[4] at cycle 6 within II: 4
[DEBUG] setDFGNode 16 onto CGRANode 4 at cycle: 6
[DEBUG] occupy link[9]-->[5] (bypass:1) dfgNode: 15 at cycle 4
[DEBUG] in allocateReg() t_cycle: 5; i: 0 CGRA node: 4; link: 3 duration 1
[DEBUG] done reg allocation
[DEBUG] occupy link[5]-->[4] (bypass:0) dfgNode: 15 at cycle 5
[DEBUG] skip predecessor routing -- dfgNode: 15
[DEBUG] success in schedule()
[DEBUG] no available path for DFG node 18 on CGRA node 1 within II 4; path size: 1.
[DEBUG] no available path for DFG node 18 on CGRA node 2 within II 4; path size: 1.
[DEBUG] no available path for DFG node 18 on CGRA node 5 within II 4; path size: 3.
[DEBUG] no available path for DFG node 18 on CGRA node 6 within II 4; path size: 3.
[DEBUG] no available path for DFG node 18 on CGRA node 9 within II 4; path size: 5.
[DEBUG] no available path for DFG node 18 on CGRA node 10 within II 4; path size: 5.
[DEBUG] no available path for DFG node 18 on CGRA node 13 within II 4; path size: 7.
[DEBUG] no available path for DFG node 18 on CGRA node 14 within II 4; path size: 7.
[DEBUG] schedule dfg node[18] onto fu[8] at cycle 6 within II: 4
[DEBUG] setDFGNode 18 onto CGRANode 8 at cycle: 6
[DEBUG] occupy link[10]-->[9] (bypass:1) dfgNode: 17 at cycle 4
[DEBUG] in allocateReg() t_cycle: 5; i: 0 CGRA node: 8; link: 3 duration 1
[DEBUG] done reg allocation
[DEBUG] occupy link[9]-->[8] (bypass:0) dfgNode: 17 at cycle 5
[DEBUG] skip predecessor routing -- dfgNode: 17
[DEBUG] success in schedule()
[DEBUG] no available path for DFG node 23 on CGRA node 1 within II 4; path size: 1.
[DEBUG] no available path for DFG node 23 on CGRA node 2 within II 4; path size: 1.
[DEBUG] no available path for DFG node 23 on CGRA node 5 within II 4; path size: 3.
[DEBUG] no available path for DFG node 23 on CGRA node 6 within II 4; path size: 3.
[DEBUG] no available path for DFG node 23 on CGRA node 9 within II 4; path size: 5.
[DEBUG] no available path for DFG node 23 on CGRA node 10 within II 4; path size: 5.
[DEBUG] no available path for DFG node 23 on CGRA node 13 within II 4; path size: 7.
[DEBUG] no available path for DFG node 23 on CGRA node 14 within II 4; path size: 7.
[DEBUG] schedule dfg node[23] onto fu[12] at cycle 6 within II: 4
[DEBUG] setDFGNode 23 onto CGRANode 12 at cycle: 6
[DEBUG] in allocateReg() t_cycle: 5; i: 0 CGRA node: 12; link: 3 duration 1
[DEBUG] done reg allocation
[DEBUG] occupy link[13]-->[12] (bypass:0) dfgNode: 22 at cycle 5
[DEBUG] skip predecessor routing -- dfgNode: 22
[DEBUG] success in schedule()
[DEBUG] no available path for DFG node 24 on CGRA node 1 within II 4; path size: 1.
[DEBUG] no available path for DFG node 24 on CGRA node 2 within II 4; path size: 1.
[DEBUG] no available path for DFG node 24 on CGRA node 5 within II 4; path size: 3.
[DEBUG] no available path for DFG node 24 on CGRA node 6 within II 4; path size: 3.
[DEBUG] no available path for DFG node 24 on CGRA node 9 within II 4; path size: 5.
[DEBUG] no available path for DFG node 24 on CGRA node 10 within II 4; path size: 5.
[DEBUG] no available path for DFG node 24 on CGRA node 13 within II 4; path size: 7.
[DEBUG] no available path for DFG node 24 on CGRA node 14 within II 4; path size: 7.
[DEBUG] schedule dfg node[24] onto fu[4] at cycle 7 within II: 4
[DEBUG] setDFGNode 24 onto CGRANode 4 at cycle: 7
[DEBUG] occupy link[10]-->[9] (bypass:1) dfgNode: 17 at cycle 4
[DEBUG] occupy link[9]-->[8] (bypass:1) dfgNode: 17 at cycle 5
[DEBUG] in allocateReg() t_cycle: 6; i: 0 CGRA node: 4; link: 0 duration 1
[DEBUG] done reg allocation
[DEBUG] occupy link[8]-->[4] (bypass:0) dfgNode: 17 at cycle 6
[DEBUG] skip predecessor routing -- dfgNode: 17
[DEBUG] success in schedule()
[DEBUG] no available path for DFG node 7 on CGRA node 1 within II 4; path size: 1.
[DEBUG] no available path for DFG node 7 on CGRA node 2 within II 4; path size: 1.
[DEBUG] no available path for DFG node 7 on CGRA node 5 within II 4; path size: 3.
[DEBUG] no available path for DFG node 7 on CGRA node 6 within II 4; path size: 3.
[DEBUG] no available path for DFG node 7 on CGRA node 9 within II 4; path size: 5.
[DEBUG] no available path for DFG node 7 on CGRA node 10 within II 4; path size: 5.
[DEBUG] no available path for DFG node 7 on CGRA node 13 within II 4; path size: 7.
[DEBUG] no available path for DFG node 7 on CGRA node 14 within II 4; path size: 7.
[DEBUG] schedule dfg node[7] onto fu[12] at cycle 9 within II: 4
[DEBUG] setDFGNode 7 onto CGRANode 12 at cycle: 9
[DEBUG] occupy link[5]-->[4] (bypass:1) dfgNode: 5 at cycle 6
[DEBUG] occupy link[4]-->[8] (bypass:1) dfgNode: 5 at cycle 7
[DEBUG] in allocateReg() t_cycle: 8; i: 0 CGRA node: 12; link: 1 duration 1
[DEBUG] done reg allocation
[DEBUG] occupy link[8]-->[12] (bypass:0) dfgNode: 5 at cycle 8
[DEBUG] skip predecessor routing -- dfgNode: 5
[DEBUG] tryToRoute -- srcDFGNode: 6, srcCGRANode: 14; dstDFGNode: 7, dstCGRANode: 12; backEdge: 0
[DEBUG] check route size: 3
[DEBUG] occupy link[14]-->[13] (bypass:1) dfgNode: 6 at cycle 3
[DEBUG] reset duration: 1 t_dstCycle: 9 previous: 4 II: 4
[DEBUG] in allocateReg() t_cycle: 4; i: 1 CGRA node: 12; link: 3 duration 1
[DEBUG] done reg allocation
[DEBUG] occupy link[13]-->[12] (bypass:0) dfgNode: 6 at cycle 4
[DEBUG] success in schedule()
[DEBUG] no available path for DFG node 13 on CGRA node 1 within II 4; path size: 1.
[DEBUG] no available path for DFG node 13 on CGRA node 2 within II 4; path size: 1.
[DEBUG] no available path for DFG node 13 on CGRA node 5 within II 4; path size: 3.
[DEBUG] no available path for DFG node 13 on CGRA node 6 within II 4; path size: 3.
[DEBUG] no available path for DFG node 13 on CGRA node 9 within II 4; path size: 5.
[DEBUG] no available path for DFG node 13 on CGRA node 10 within II 4; path size: 5.
[DEBUG] no available path for DFG node 13 on CGRA node 13 within II 4; path size: 7.
[DEBUG] no available path for DFG node 13 on CGRA node 14 within II 4; path size: 7.
[DEBUG] schedule dfg node[13] onto fu[15] at cycle 10 within II: 4
[DEBUG] setDFGNode 13 onto CGRANode 15 at cycle: 10
[DEBUG] in allocateReg() t_cycle: 9; i: 0 CGRA node: 15; link: 2 duration 1
[DEBUG] done reg allocation
[DEBUG] occupy link[14]-->[15] (bypass:0) dfgNode: 11 at cycle 9
[DEBUG] skip predecessor routing -- dfgNode: 11
[DEBUG] tryToRoute -- srcDFGNode: 12, srcCGRANode: 13; dstDFGNode: 13, dstCGRANode: 15; backEdge: 0
[DEBUG] check route size: 3
[DEBUG] occupy link[13]-->[14] (bypass:1) dfgNode: 12 at cycle 4
[DEBUG] reset duration: 1 t_dstCycle: 10 previous: 5 II: 4
[DEBUG] in allocateReg() t_cycle: 5; i: 1 CGRA node: 15; link: 2 duration 1
[DEBUG] done reg allocation
[DEBUG] occupy link[14]-->[15] (bypass:0) dfgNode: 12 at cycle 5
[DEBUG] success in schedule()
[DEBUG] no available path for DFG node 19 on CGRA node 3 within II 4; path size: 3.
[DEBUG] no available path for DFG node 19 on CGRA node 4 within II 4; path size: 3.
[DEBUG] no available path for DFG node 19 on CGRA node 7 within II 4; path size: 5.
[DEBUG] no available path for DFG node 19 on CGRA node 8 within II 4; path size: 5.
[DEBUG] no available path for DFG node 19 on CGRA node 11 within II 4; path size: 7.
[DEBUG] no available path for DFG node 19 on CGRA node 12 within II 4; path size: 7.
[DEBUG] no available path for DFG node 19 on CGRA node 15 within II 4; path size: 9.
[DEBUG] schedule dfg node[19] onto fu[10] at cycle 9 within II: 4
[DEBUG] setDFGNode 19 onto CGRANode 10 at cycle: 9
[DEBUG] occupy link[4]-->[5] (bypass:1) dfgNode: 16 at cycle 6
[DEBUG] occupy link[5]-->[6] (bypass:1) dfgNode: 16 at cycle 7
[DEBUG] in allocateReg() t_cycle: 8; i: 0 CGRA node: 10; link: 1 duration 1
[DEBUG] done reg allocation
[DEBUG] occupy link[6]-->[10] (bypass:0) dfgNode: 16 at cycle 8
[DEBUG] skip predecessor routing -- dfgNode: 16
[DEBUG] tryToRoute -- srcDFGNode: 18, srcCGRANode: 8; dstDFGNode: 19, dstCGRANode: 10; backEdge: 0
[DEBUG] check route size: 3
[DEBUG] occupy link[8]-->[9] (bypass:1) dfgNode: 18 at cycle 6
[DEBUG] reset duration: 2 t_dstCycle: 9 previous: 7 II: 4
[DEBUG] in allocateReg() t_cycle: 7; i: 2 CGRA node: 10; link: 2 duration 2
[DEBUG] done reg allocation
[DEBUG] occupy link[9]-->[10] (bypass:0) dfgNode: 18 at cycle 7
[DEBUG] success in schedule()
[DEBUG] no available path for DFG node 25 on CGRA node 3 within II 4; path size: 3.
[DEBUG] no available path for DFG node 25 on CGRA node 4 within II 4; path size: 3.
[DEBUG] no available path for DFG node 25 on CGRA node 7 within II 4; path size: 5.
[DEBUG] no available path for DFG node 25 on CGRA node 8 within II 4; path size: 5.
[DEBUG] no available path for DFG node 25 on CGRA node 10 within II 4; path size: 6.
[DEBUG] no available path for DFG node 25 on CGRA node 11 within II 4; path size: 6.
[DEBUG] no available path for DFG node 25 on CGRA node 12 within II 4; path size: 6.
[DEBUG] no available path for DFG node 25 on CGRA node 15 within II 4; path size: 8.
[DEBUG] schedule dfg node[25] onto fu[1] at cycle 10 within II: 4
[DEBUG] setDFGNode 25 onto CGRANode 1 at cycle: 10
[DEBUG] occupy link[12]-->[8] (bypass:1) dfgNode: 23 at cycle 6
[DEBUG] occupy link[8]-->[4] (bypass:1) dfgNode: 23 at cycle 7
[DEBUG] occupy link[4]-->[0] (bypass:1) dfgNode: 23 at cycle 8
[DEBUG] in allocateReg() t_cycle: 9; i: 0 CGRA node: 1; link: 2 duration 1
[DEBUG] done reg allocation
[DEBUG] occupy link[0]-->[1] (bypass:0) dfgNode: 23 at cycle 9
[DEBUG] skip predecessor routing -- dfgNode: 23
[DEBUG] tryToRoute -- srcDFGNode: 24, srcCGRANode: 4; dstDFGNode: 25, dstCGRANode: 1; backEdge: 0
[DEBUG] check route size: 3
[DEBUG] occupy link[4]-->[5] (bypass:1) dfgNode: 24 at cycle 7
[DEBUG] reset duration: 2 t_dstCycle: 10 previous: 8 II: 4
[DEBUG] in allocateReg() t_cycle: 8; i: 1 CGRA node: 1; link: 0 duration 2
[DEBUG] done reg allocation
[DEBUG] occupy link[5]-->[1] (bypass:0) dfgNode: 24 at cycle 8
[DEBUG] success in schedule()
[DEBUG] no available path for DFG node 21 on CGRA node 1 within II 4; path size: 1.
[DEBUG] no available path for DFG node 21 on CGRA node 2 within II 4; path size: 1.
[DEBUG] no available path for DFG node 21 on CGRA node 5 within II 4; path size: 3.
[DEBUG] no available path for DFG node 21 on CGRA node 6 within II 4; path size: 3.
[DEBUG] no available path for DFG node 21 on CGRA node 9 within II 4; path size: 5.
[DEBUG] no available path for DFG node 21 on CGRA node 10 within II 4; path size: 5.
[DEBUG] no available path for DFG node 21 on CGRA node 13 within II 4; path size: 7.
[DEBUG] no available path for DFG node 21 on CGRA node 14 within II 4; path size: 7.
[DEBUG] schedule dfg node[21] onto fu[11] at cycle 10 within II: 4
[DEBUG] setDFGNode 21 onto CGRANode 11 at cycle: 10
[DEBUG] in allocateReg() t_cycle: 9; i: 0 CGRA node: 11; link: 2 duration 1
[DEBUG] done reg allocation
[DEBUG] occupy link[10]-->[11] (bypass:0) dfgNode: 19 at cycle 9
[DEBUG] skip predecessor routing -- dfgNode: 19
[DEBUG] tryToRoute -- srcDFGNode: 20, srcCGRANode: 5; dstDFGNode: 21, dstCGRANode: 11; backEdge: 0
[DEBUG] check route size: 4
[DEBUG] occupy link[5]-->[6] (bypass:1) dfgNode: 20 at cycle 5
[DEBUG] occupy link[6]-->[7] (bypass:1) dfgNode: 20 at cycle 6
[DEBUG] reset duration: 3 t_dstCycle: 10 previous: 7 II: 4
[DEBUG] in allocateReg() t_cycle: 7; i: 1 CGRA node: 11; link: 1 duration 3
[DEBUG] done reg allocation
[DEBUG] occupy link[7]-->[11] (bypass:0) dfgNode: 20 at cycle 7
[DEBUG] success in schedule()
[DEBUG] no available path for DFG node 27 on CGRA node 1 within II 4; path size: 1.
[DEBUG] no available path for DFG node 27 on CGRA node 2 within II 4; path size: 1.
[DEBUG] no available path for DFG node 27 on CGRA node 5 within II 4; path size: 3.
[DEBUG] no available path for DFG node 27 on CGRA node 6 within II 4; path size: 3.
[DEBUG] no available path for DFG node 27 on CGRA node 9 within II 4; path size: 5.
[DEBUG] no available path for DFG node 27 on CGRA node 10 within II 4; path size: 5.
[DEBUG] no available path for DFG node 27 on CGRA node 13 within II 4; path size: 7.
[DEBUG] no available path for DFG node 27 on CGRA node 14 within II 4; path size: 7.
[DEBUG] schedule dfg node[27] onto fu[0] at cycle 11 within II: 4
[DEBUG] setDFGNode 27 onto CGRANode 0 at cycle: 11
[DEBUG] in allocateReg() t_cycle: 10; i: 0 CGRA node: 0; link: 3 duration 1
[DEBUG] done reg allocation
[DEBUG] occupy link[1]-->[0] (bypass:0) dfgNode: 25 at cycle 10
[DEBUG] skip predecessor routing -- dfgNode: 25
[DEBUG] tryToRoute -- srcDFGNode: 26, srcCGRANode: 2; dstDFGNode: 27, dstCGRANode: 0; backEdge: 0
[DEBUG] check route size: 3
[DEBUG] occupy link[2]-->[1] (bypass:1) dfgNode: 26 at cycle 5
[DEBUG] reset duration: 1 t_dstCycle: 11 previous: 6 II: 4
[DEBUG] in allocateReg() t_cycle: 6; i: 1 CGRA node: 0; link: 3 duration 1
[DEBUG] done reg allocation
[DEBUG] occupy link[1]-->[0] (bypass:0) dfgNode: 26 at cycle 6
[DEBUG] success in schedule()
Mapping algorithm elapsed time=58ms
--------------------------- cycle:0 ---------------------------
[     ] ← [     ] → [     ]   [     ]
   ↑         ↑         ↑           
[     ]   [     ] ← [     ]   [     ]
   ↓         ↓         ↑         ↑ 
[     ]   [ 29  ] ⇄ [     ] ← [     ]
   ↓         ↓         ↓           
[     ]   [     ] ← [     ] → [     ]
--------------------------- cycle:1 ---------------------------
[     ] ← [     ]   [     ] → [     ]
                                 ↑ 
[     ] ← [     ]   [     ] → [     ]
                       ↑           
[     ] ⇄ [     ] ⇄ [ 30  ]   [     ]
                                 ↑ 
[     ] → [     ] ⇄ [     ]   [     ]
--------------------------- cycle:2 ---------------------------
[     ]   [     ]   [     ] ← [     ]
   ↓                   ↑           
[     ] → [     ] ← [  0  ]   [     ]
   ↓                   ↓         ↑ 
[     ] ⇄ [     ]   [     ] → [     ]
                       ↑           
[     ] ← [     ]   [     ]   [     ]
--------------------------- cycle:3 ---------------------------
[     ]   [     ] ← [  6  ]   [     ]
             ↑                     
[     ] ← [  1  ] ⇄ [ 14  ] ← [     ]
   ⇅                   ⇅         ↑ 
[     ] → [     ] ⇄ [  3  ] → [     ]
                       ↓           
[     ]   [     ]   [     ]   [     ]
--------------------------- cycle:4 ---------------------------
[     ] ← [ 12  ] → [     ]   [     ]
   ↑         ↑         ↑           
[  2  ]   [ 15  ] ← [ 17  ]   [     ]
   ↓         ↓         ↑         ↑ 
[     ]   [ 29  ] ⇄ [     ] ← [  4  ]
   ↓         ↓         ↓           
[     ]   [     ] ← [  8  ] → [     ]
--------------------------- cycle:5 ---------------------------
[     ] ← [ 22  ]   [     ] → [     ]
                                 ↑ 
[     ] ← [     ]   [     ] → [ 10  ]
                       ↑           
[     ] ⇄ [ 20  ] ⇄ [ 30  ]   [     ]
                                 ↑ 
[     ] → [ 28  ] ⇄ [ 26  ]   [  9  ]
--------------------------- cycle:6 ---------------------------
[ 23  ]   [     ]   [     ] ← [     ]
   ↓                   ↑           
[ 18  ] → [     ] ← [  0  ]   [     ]
   ↓                   ↓         ↑ 
[ 16  ] ⇄ [  5  ]   [     ] → [     ]
                       ↑           
[     ] ← [     ]   [     ]   [     ]
--------------------------- cycle:7 ---------------------------
[     ]   [     ] ← [  6  ]   [     ]
             ↑                     
[     ] ← [  1  ] ⇄ [ 14  ] ← [     ]
   ⇅                   ⇅         ↑ 
[ 24  ] → [     ] ⇄ [  3  ] → [     ]
                       ↓           
[     ]   [     ]   [     ]   [     ]
--------------------------- cycle:8 ---------------------------
[     ] ← [ 12  ] → [     ]   [     ]
   ↑         ↑         ↑           
[  2  ]   [ 15  ] ← [ 17  ]   [     ]
   ↓         ↓         ↑         ↑ 
[     ]   [ 29  ] ⇄ [     ] ← [  4  ]
   ↓         ↓         ↓           
[     ]   [     ] ← [  8  ] → [     ]
--------------------------- cycle:9 ---------------------------
[  7  ] ← [ 22  ]   [ 11  ] → [     ]
                                 ↑ 
[     ] ← [     ]   [ 19  ] → [ 10  ]
                       ↑           
[     ] ⇄ [ 20  ] ⇄ [ 30  ]   [     ]
                                 ↑ 
[     ] → [ 28  ] ⇄ [ 26  ]   [  9  ]
--------------------------- cycle:10 ---------------------------
[ 23  ]   [     ]   [     ] ← [ 13  ]
   ↓                   ↑           
[ 18  ] → [     ] ← [  0  ]   [ 21  ]
   ↓                   ↓         ↑ 
[ 16  ] ⇄ [  5  ]   [     ] → [     ]
                       ↑           
[     ] ← [ 25  ]   [     ]   [     ]
--------------------------- cycle:11 ---------------------------
[     ]   [     ] ← [  6  ]   [     ]
             ↑                     
[     ] ← [  1  ] ⇄ [ 14  ] ← [     ]
   ⇅                   ⇅         ↑ 
[ 24  ] → [     ] ⇄ [  3  ] → [     ]
                       ↓           
[ 27  ]   [     ]   [     ]   [     ]
--------------------------- cycle:12 ---------------------------
[     ] ← [ 12  ] → [     ]   [     ]
   ↑         ↑         ↑           
[  2  ]   [ 15  ] ← [ 17  ]   [     ]
   ↓         ↓         ↑         ↑ 
[     ]   [ 29  ] ⇄ [     ] ← [  4  ]
   ↓         ↓         ↓           
[     ]   [     ] ← [  8  ] → [     ]
--------------------------- cycle:13 ---------------------------
[  7  ] ← [ 22  ]   [ 11  ] → [     ]
                                 ↑ 
[     ] ← [     ]   [ 19  ] → [ 10  ]
                       ↑           
[     ] ⇄ [ 20  ] ⇄ [ 30  ]   [     ]
                                 ↑ 
[     ] → [ 28  ] ⇄ [ 26  ]   [  9  ]
--------------------------- cycle:14 ---------------------------
[ 23  ]   [     ]   [     ] ← [ 13  ]
   ↓                   ↑           
[ 18  ] → [     ] ← [  0  ]   [ 21  ]
   ↓                   ↓         ↑ 
[ 16  ] ⇄ [  5  ]   [     ] → [     ]
                       ↑           
[     ] ← [ 25  ]   [     ]   [     ]
--------------------------- cycle:15 ---------------------------
[     ]   [     ] ← [  6  ]   [     ]
             ↑                     
[     ] ← [  1  ] ⇄ [ 14  ] ← [     ]
   ⇅                   ⇅         ↑ 
[ 24  ] → [     ] ⇄ [  3  ] → [     ]
                       ↓           
[ 27  ]   [     ]   [     ]   [     ]
--------------------------- cycle:16 ---------------------------
[     ] ← [ 12  ] → [     ]   [     ]
   ↑         ↑         ↑           
[  2  ]   [ 15  ] ← [ 17  ]   [     ]
   ↓         ↓         ↑         ↑ 
[     ]   [ 29  ] ⇄ [     ] ← [  4  ]
   ↓         ↓         ↓           
[     ]   [     ] ← [  8  ] → [     ]
--------------------------- cycle:17 ---------------------------
[  7  ] ← [ 22  ]   [ 11  ] → [     ]
                                 ↑ 
[     ] ← [     ]   [ 19  ] → [ 10  ]
                       ↑           
[     ] ⇄ [ 20  ] ⇄ [ 30  ]   [     ]
                                 ↑ 
[     ] → [ 28  ] ⇄ [ 26  ]   [  9  ]
--------------------------- cycle:18 ---------------------------
[ 23  ]   [     ]   [     ] ← [ 13  ]
   ↓                   ↑           
[ 18  ] → [     ] ← [  0  ]   [ 21  ]
   ↓                   ↓         ↑ 
[ 16  ] ⇄ [  5  ]   [     ] → [     ]
                       ↑           
[     ] ← [ 25  ]   [     ]   [     ]
--------------------------- cycle:19 ---------------------------
[     ]   [     ] ← [  6  ]   [     ]
             ↑                     
[     ] ← [  1  ] ⇄ [ 14  ] ← [     ]
   ⇅                   ⇅         ↑ 
[ 24  ] → [     ] ⇄ [  3  ] → [     ]
                       ↓           
[ 27  ]   [     ]   [     ]   [     ]
--------------------------- cycle:20 ---------------------------
[     ] ← [ 12  ] → [     ]   [     ]
   ↑         ↑         ↑           
[  2  ]   [ 15  ] ← [ 17  ]   [     ]
   ↓         ↓         ↑         ↑ 
[     ]   [ 29  ] ⇄ [     ] ← [  4  ]
   ↓         ↓         ↓           
[     ]   [     ] ← [  8  ] → [     ]
--------------------------- cycle:21 ---------------------------
[  7  ] ← [ 22  ]   [ 11  ] → [     ]
                                 ↑ 
[     ] ← [     ]   [ 19  ] → [ 10  ]
                       ↑           
[     ] ⇄ [ 20  ] ⇄ [ 30  ]   [     ]
                                 ↑ 
[     ] → [ 28  ] ⇄ [ 26  ]   [  9  ]
--------------------------- cycle:22 ---------------------------
[ 23  ]   [     ]   [     ] ← [ 13  ]
   ↓                   ↑           
[ 18  ] → [     ] ← [  0  ]   [ 21  ]
   ↓                   ↓         ↑ 
[ 16  ] ⇄ [  5  ]   [     ] → [     ]
                       ↑           
[     ] ← [ 25  ]   [     ]   [     ]
--------------------------- cycle:23 ---------------------------
[     ]   [     ] ← [  6  ]   [     ]
             ↑                     
[     ] ← [  1  ] ⇄ [ 14  ] ← [     ]
   ⇅                   ⇅         ↑ 
[ 24  ] → [     ] ⇄ [  3  ] → [     ]
                       ↓           
[ 27  ]   [     ]   [     ]   [     ]
--------------------------- cycle:24 ---------------------------
[     ] ← [ 12  ] → [     ]   [     ]
   ↑         ↑         ↑           
[  2  ]   [ 15  ] ← [ 17  ]   [     ]
   ↓         ↓         ↑         ↑ 
[     ]   [ 29  ] ⇄ [     ] ← [  4  ]
   ↓         ↓         ↓           
[     ]   [     ] ← [  8  ] → [     ]
--------------------------- cycle:25 ---------------------------
[  7  ] ← [ 22  ]   [ 11  ] → [     ]
                                 ↑ 
[     ] ← [     ]   [ 19  ] → [ 10  ]
                       ↑           
[     ] ⇄ [ 20  ] ⇄ [ 30  ]   [     ]
                                 ↑ 
[     ] → [ 28  ] ⇄ [ 26  ]   [  9  ]
--------------------------- cycle:26 ---------------------------
[ 23  ]   [     ]   [     ] ← [ 13  ]
   ↓                   ↑           
[ 18  ] → [     ] ← [  0  ]   [ 21  ]
   ↓                   ↓         ↑ 
[ 16  ] ⇄ [  5  ]   [     ] → [     ]
                       ↑           
[     ] ← [ 25  ]   [     ]   [     ]
--------------------------- cycle:27 ---------------------------
[     ]   [     ] ← [  6  ]   [     ]
             ↑                     
[     ] ← [  1  ] ⇄ [ 14  ] ← [     ]
   ⇅                   ⇅         ↑ 
[ 24  ] → [     ] ⇄ [  3  ] → [     ]
                       ↓           
[ 27  ]   [     ]   [     ]   [     ]
--------------------------- cycle:28 ---------------------------
[     ] ← [ 12  ] → [     ]   [     ]
   ↑         ↑         ↑           
[  2  ]   [ 15  ] ← [ 17  ]   [     ]
   ↓         ↓         ↑         ↑ 
[     ]   [ 29  ] ⇄ [     ] ← [  4  ]
   ↓         ↓         ↓           
[     ]   [     ] ← [  8  ] → [     ]
--------------------------- cycle:29 ---------------------------
[  7  ] ← [ 22  ]   [ 11  ] → [     ]
                                 ↑ 
[     ] ← [     ]   [ 19  ] → [ 10  ]
                       ↑           
[     ] ⇄ [ 20  ] ⇄ [ 30  ]   [     ]
                                 ↑ 
[     ] → [ 28  ] ⇄ [ 26  ]   [  9  ]
--------------------------- cycle:30 ---------------------------
[ 23  ]   [     ]   [     ] ← [ 13  ]
   ↓                   ↑           
[ 18  ] → [     ] ← [  0  ]   [ 21  ]
   ↓                   ↓         ↑ 
[ 16  ] ⇄ [  5  ]   [     ] → [     ]
                       ↑           
[     ] ← [ 25  ]   [     ]   [     ]
--------------------------- cycle:31 ---------------------------
[     ]   [     ] ← [  6  ]   [     ]
             ↑                     
[     ] ← [  1  ] ⇄ [ 14  ] ← [     ]
   ⇅                   ⇅         ↑ 
[ 24  ] → [     ] ⇄ [  3  ] → [     ]
                       ↓           
[ 27  ]   [     ]   [     ]   [     ]
--------------------------- cycle:32 ---------------------------
[     ] ← [ 12  ] → [     ]   [     ]
   ↑         ↑         ↑           
[  2  ]   [ 15  ] ← [ 17  ]   [     ]
   ↓         ↓         ↑         ↑ 
[     ]   [ 29  ] ⇄ [     ] ← [  4  ]
   ↓         ↓         ↓           
[     ]   [     ] ← [  8  ] → [     ]
[Mapping II: 4]
[show opcode count]
add : 1
br : 1
cmp : 1
getelementptr : 10
load : 8
mul : 4
or : 1
phi : 1
store : 4
DFG node count: 31; DFG edge count: 40; SIMD node count: 0
[Mapping Success]
==================================
[Utilization & DVFS stats]
tile avg fu utilization: 48.4375%; avg xbar utilization: 84.375%; avg overall utilization: 84.375%
histogram 0% tile utilization: 0
histogram (0%, 25%] tile utilization: 0
histogram (25%, 50%] tile utilization: 2
histogram (50%, 100%] tile utilization: 14
tile average DVFS frequency level: 100%
histogram 0% tile DVFS frequency ratio: 0
histogram 25% tile DVFS frequency ratio: 0
histogram 50% tile DVFS frequency ratio: 0
histogram 100% tile DVFS frequency ratio: 16
==================================
[DEBUG] inside roi for CGRA node 0...
[DEBUG] inside roi for CGRA node 4...
[DEBUG] inside roi for CGRA node 5...
[DEBUG] inside roi for CGRA node 6...
[DEBUG] inside roi for CGRA node 9...
[DEBUG] inside roi for CGRA node 14...
[DEBUG] inside roi for CGRA node 1...
[DEBUG] inside roi for CGRA node 2...
[DEBUG] inside roi for CGRA node 6...
[DEBUG] inside roi for CGRA node 7...
[DEBUG] inside roi for CGRA node 8...
[DEBUG] inside roi for CGRA node 15...
[DEBUG] inside roi for CGRA node 4...
[DEBUG] inside roi for CGRA node 5...
[DEBUG] inside roi for CGRA node 6...
[DEBUG] inside roi for CGRA node 6...
[DEBUG] inside roi for CGRA node 6...
[DEBUG] inside roi for CGRA node 7...
[DEBUG] inside roi for CGRA node 8...
[DEBUG] inside roi for CGRA node 9...
[DEBUG] inside roi for CGRA node 9...
[DEBUG] inside roi for CGRA node 11...
[DEBUG] inside roi for CGRA node 2...
[DEBUG] inside roi for CGRA node 4...
[DEBUG] inside roi for CGRA node 5...
[DEBUG] inside roi for CGRA node 6...
[DEBUG] inside roi for CGRA node 6...
[DEBUG] inside roi for CGRA node 6...
[DEBUG] inside roi for CGRA node 7...
[DEBUG] inside roi for CGRA node 8...
[DEBUG] inside roi for CGRA node 9...
[DEBUG] inside roi for CGRA node 10...
[DEBUG] inside roi for CGRA node 13...
[DEBUG] inside roi for CGRA node 0...
[DEBUG] inside roi for CGRA node 4...
[DEBUG] inside roi for CGRA node 5...
[DEBUG] inside roi for CGRA node 6...
[DEBUG] inside roi for CGRA node 9...
[DEBUG] inside roi for CGRA node 14...
[Output Json]
[Output Json for Incremental Mapping]
==================================
Initialize opt latency for DFG nodes: 
Deciding fusion strategy for DFG nodes: 
Initialize additional functionality on CGRA nodes: 
Finding fusion pattern for DFG: 
[function 'fmcw_fft_stage_map' is not in our target list]
Initialize opt latency for DFG nodes: 
Deciding fusion strategy for DFG nodes: 
Initialize additional functionality on CGRA nodes: 
Finding fusion pattern for DFG: 
[function 'fmcw_transpose_map' is not in our target list]
Initialize opt latency for DFG nodes: 
Deciding fusion strategy for DFG nodes: 
Initialize additional functionality on CGRA nodes: 
Finding fusion pattern for DFG: 
[function 'fmcw_accumulate_power_map' is not in our target list]
Initialize opt latency for DFG nodes: 
Deciding fusion strategy for DFG nodes: 
Initialize additional functionality on CGRA nodes: 
Finding fusion pattern for DFG: 
[function 'fmcw_cfar_2d_map' is not in our target list]
*** reach target loop ID: 0
... done detected loops.size(): 1
└── *** current basic block: ; First Inst:   br label %7
│   └── *** ignored by pass because instruction "  br label %7" is out of the scope (target loop).
└── *** ignored by pass because basic block "" is out of the scope (target loop).
│
└── *** current basic block: ; First Inst:   ret void
│   └── *** ignored by pass because instruction "  ret void" is out of the scope (target loop).
└── *** ignored by pass because basic block "" is out of the scope (target loop).
│
└── *** current basic block: ; First Inst:   %8 = phi i64 [ 0, %5 ], [ %32, %7 ]
│   └── +++ "  %8 = phi i64 [ 0, %5 ], [ %32, %7 ]" (ID: 0)
│   └── +++ "  %9 = getelementptr inbounds float, float* %0, i64 %8" (ID: 1)
│   └── +++ "  %10 = load float, float* %9, align 4, !tbaa !2" (ID: 2)
│   └── +++ "  %11 = getelementptr inbounds float, float* %2, i64 %8" (ID: 3)
│   └── +++ "  %12 = load float, float* %11, align 4, !tbaa !2" (ID: 4)
│   └── +++ "  %13 = fmul float %10, %12" (ID: 5)
│   └── +++ "  %14 = getelementptr inbounds float, float* %3, i64 %8" (ID: 6)
│   └── +++ "  store float %13, float* %14, align 4, !tbaa !2" (ID: 7)
│   └── +++ "  %15 = getelementptr inbounds float, float* %1, i64 %8" (ID: 8)
│   └── +++ "  %16 = load float, float* %15, align 4, !tbaa !2" (ID: 9)
│   └── +++ "  %17 = load float, float* %11, align 4, !tbaa !2" (ID: 10)
│   └── +++ "  %18 = fmul float %16, %17" (ID: 11)
│   └── +++ "  %19 = getelementptr inbounds float, float* %4, i64 %8" (ID: 12)
│   └── +++ "  store float %18, float* %19, align 4, !tbaa !2" (ID: 13)
│   └── +++ "  %20 = or i64 %8, 1" (ID: 14)
│   └── +++ "  %21 = getelementptr inbounds float, float* %0, i64 %20" (ID: 15)
│   └── +++ "  %22 = load float, float* %21, align 4, !tbaa !2" (ID: 16)
│   └── +++ "  %23 = getelementptr inbounds float, float* %2, i64 %20" (ID: 17)
│   └── +++ "  %24 = load float, float* %23, align 4, !tbaa !2" (ID: 18)
│   └── +++ "  %25 = fmul float %22, %24" (ID: 19)
│   └── +++ "  %26 = getelementptr inbounds float, float* %3, i64 %20" (ID: 20)
│   └── +++ "  store float %25, float* %26, align 4, !tbaa !2" (ID: 21)
│   └── +++ "  %27 = getelementptr inbounds float, float* %1, i64 %20" (ID: 22)
│   └── +++ "  %28 = load float, float* %27, align 4, !tbaa !2" (ID: 23)
│   └── +++ "  %29 = load float, float* %23, align 4, !tbaa !2" (ID: 24)
│   └── +++ "  %30 = fmul float %28, %29" (ID: 25)
│   └── +++ "  %31 = getelementptr inbounds float, float* %4, i64 %20" (ID: 26)
│   └── +++ "  store float %30, float* %31, align 4, !tbaa !2" (ID: 27)
│   └── +++ "  %32 = add nuw nsw i64 %8, 2" (ID: 28)
│   └── +++ "  %33 = icmp ult i64 %8, 254" (ID: 29)
│   └── +++ "  br i1 %33, label %7, label %6, !llvm.loop !6" (ID: 30)
└── +++ basic block "" got ID: 0
│
│
└── *** curBB: ; First Inst:   %8 = phi i64 [ 0, %5 ], [ %32, %7 ]
│   ├── *** find terminator instruction of curBB:   br i1 %33, label %7, label %6, !llvm.loop !6
│   ├── *** into sucBB ""
│   │   ├── Type: first inst of a BB.
│   │   ├── ctrl flow point to:   %8 = phi i64 [ 0, %5 ], [ %32, %7 ]; In BB: 
│   │   └── +++ construct ctrl flow:   br i1 %33, label %7, label %6, !llvm.loop !6->  %8 = phi i64 [ 0, %5 ], [ %32, %7 ]
│   └── *** ignore sucBB ""
[detected one cycle] head:   %8 = phi i64 [ 0, %5 ], [ %32, %7 ]
cycle edge: {  %8 = phi i64 [ 0, %5 ], [ %32, %7 ]  } -> {  %32 = add nuw nsw i64 %8, 2  } (0 -> 28)
cycle edge: {  %32 = add nuw nsw i64 %8, 2  } -> {  %8 = phi i64 [ 0, %5 ], [ %32, %7 ]  } (28 -> 0)
[detected one cycle] head:   %8 = phi i64 [ 0, %5 ], [ %32, %7 ]
cycle edge: {  %8 = phi i64 [ 0, %5 ], [ %32, %7 ]  } -> {  %33 = icmp ult i64 %8, 254  } (0 -> 29)
cycle edge: {  %33 = icmp ult i64 %8, 254  } -> {  br i1 %33, label %7, label %6, !llvm.loop !6  } (29 -> 30)
cycle edge: {  br i1 %33, label %7, label %6, !llvm.loop !6  } -> {  %8 = phi i64 [ 0, %5 ], [ %32, %7 ]  } (30 -> 0)
(29)   %33 = icmp ult i64 %8, 254, level: 0
(30)   br i1 %33, label %7, label %6, !llvm.loop !6, level: 1
(0)   %8 = phi i64 [ 0, %5 ], [ %32, %7 ], level: 2
(1)   %9 = getelementptr inbounds float, float* %0, i64 %8, level: 3
(3)   %11 = getelementptr inbounds float, float* %2, i64 %8, level: 3
(6)   %14 = getelementptr inbounds float, float* %3, i64 %8, level: 3
(8)   %15 = getelementptr inbounds float, float* %1, i64 %8, level: 3
(12)   %19 = getelementptr inbounds float, float* %4, i64 %8, level: 3
(14)   %20 = or i64 %8, 1, level: 3
(28)   %32 = add nuw nsw i64 %8, 2, level: 3
(2)   %10 = load float, float* %9, align 4, !tbaa !2, level: 4
(4)   %12 = load float, float* %11, align 4, !tbaa !2, level: 4
(9)   %16 = load float, float* %15, align 4, !tbaa !2, level: 4
(10)   %17 = load float, float* %11, align 4, !tbaa !2, level: 4
(15)   %21 = getelementptr inbounds float, float* %0, i64 %20, level: 4
(17)   %23 = getelementptr inbounds float, float* %2, i64 %20, level: 4
(20)   %26 = getelementptr inbounds float, float* %3, i64 %20, level: 4
(22)   %27 = getelementptr inbounds float, float* %1, i64 %20, level: 4
(26)   %31 = getelementptr inbounds float, float* %4, i64 %20, level: 4
(5)   %13 = fmul float %10, %12, level: 5
(11)   %18 = fmul float %16, %17, level: 5
(16)   %22 = load float, float* %21, align 4, !tbaa !2, level: 5
(18)   %24 = load float, float* %23, align 4, !tbaa !2, level: 5
(23)   %28 = load float, float* %27, align 4, !tbaa !2, level: 5
(24)   %29 = load float, float* %23, align 4, !tbaa !2, level: 5
(7)   store float %13, float* %14, align 4, !tbaa !2, level: 6
(13)   store float %18, float* %19, align 4, !tbaa !2, level: 6
(19)   %25 = fmul float %22, %24, level: 6
(25)   %30 = fmul float %28, %29, level: 6
(21)   store float %25, float* %26, align 4, !tbaa !2, level: 7
(27)   store float %30, float* %31, align 4, !tbaa !2, level: 7
[detected one cycle] head:   %33 = icmp ult i64 %8, 254
cycle edge: {  %33 = icmp ult i64 %8, 254  } -> {  br i1 %33, label %7, label %6, !llvm.loop !6  } (29 -> 30)
cycle edge: {  br i1 %33, label %7, label %6, !llvm.loop !6  } -> {  %8 = phi i64 [ 0, %5 ], [ %32, %7 ]  } (30 -> 0)
cycle edge: {  %8 = phi i64 [ 0, %5 ], [ %32, %7 ]  } -> {  %33 = icmp ult i64 %8, 254  } (0 -> 29)
[detected one cycle] head:   %8 = phi i64 [ 0, %5 ], [ %32, %7 ]
cycle edge: {  %8 = phi i64 [ 0, %5 ], [ %32, %7 ]  } -> {  %32 = add nuw nsw i64 %8, 2  } (0 -> 28)
cycle edge: {  %32 = add nuw nsw i64 %8, 2  } -> {  %8 = phi i64 [ 0, %5 ], [ %32, %7 ]  } (28 -> 0)
