Initialize opt latency for DFG nodes: 
Deciding fusion strategy for DFG nodes: 
Initialize additional functionality on CGRA nodes: 
Finding fusion pattern for DFG: 
[function 'fmcw_window_map' is not in our target list]
Initialize opt latency for DFG nodes: 
Deciding fusion strategy for DFG nodes: 
Initialize additional functionality on CGRA nodes: 
Finding fusion pattern for DFG: 
[function 'fmcw_fft_stage_map' is not in our target list]
Initialize opt latency for DFG nodes: 
Deciding fusion strategy for DFG nodes: 
Initialize additional functionality on CGRA nodes: 
Finding fusion pattern for DFG: 
[function 'fmcw_transpose_map' is not in our target list]
Initialize opt latency for DFG nodes: 
Deciding fusion strategy for DFG nodes: 
Initialize additional functionality on CGRA nodes: 
Finding fusion pattern for DFG: 
==================================
[function 'fmcw_accumulate_power_map' is one of our targets]
*** current function: fmcw_accumulate_power_map
==================================
==================================
[reorder DFG along with the longest path]
==================================
==================================
disabling multiple ops
disabling multiple ops
disabling multiple ops
disabling multiple ops
disabling multiple ops
disabling multiple ops
disabling multiple ops
disabling multiple ops
disabling multiple ops
disabling multiple ops
disabling multiple ops
disabling multiple ops
disabling multiple ops
disabling multiple ops
disabling multiple ops
disabling multiple ops
Node 0 supports: "Add" "Br" "Cmp" "Logic" "Phi" "Ret" "Sel" "Shift" "Ld" "Mul"  
 
Node 1 supports: "Add" "Br" "Cmp" "Logic" "Phi" "Ret" "Sel" "Shift" "Mul"  
 
Node 2 supports: "Add" "Br" "Cmp" "Logic" "Phi" "Ret" "Sel" "Shift" "Mul"  
 
Node 3 supports: "Add" "Br" "Cmp" "Logic" "Phi" "Ret" "Sel" "Shift" "St"  
 
Node 4 supports: "Add" "Br" "Cmp" "Logic" "Phi" "Ret" "Sel" "Shift" "Ld" "FAdd"  
 
Node 5 supports: "Add" "Br" "Cmp" "Logic" "Phi" "Ret" "Sel" "Shift" "Mul" "FAdd"  
 
Node 6 supports: "Add" "Br" "Cmp" "Logic" "Phi" "Ret" "Sel" "Shift" "Mul" "FAdd"  
 
Node 7 supports: "Add" "Br" "Cmp" "Logic" "Phi" "Ret" "Sel" "Shift" "St"  
 
Node 8 supports: "Add" "Br" "Cmp" "Logic" "Phi" "Ret" "Sel" "Shift" "Ld"  
 
Node 9 supports: "Add" "Br" "Cmp" "Logic" "Phi" "Ret" "Sel" "Shift" "Mul"  
 
Node 10 supports: "Add" "Br" "Cmp" "Logic" "Phi" "Ret" "Sel" "Shift" "Mul"  
 
Node 11 supports: "Add" "Br" "Cmp" "Logic" "Phi" "Ret" "Sel" "Shift" "St"  
 
Node 12 supports: "Add" "Br" "Cmp" "Logic" "Phi" "Ret" "Sel" "Shift" "Ld" "FAdd"  
 
Node 13 supports: "Add" "Br" "Cmp" "Logic" "Phi" "Ret" "Sel" "Shift" "Mul" "FAdd"  
 
Node 14 supports: "Add" "Br" "Cmp" "Logic" "Phi" "Ret" "Sel" "Shift" "Mul" "FAdd"  
 
Node 15 supports: "Add" "Br" "Cmp" "Logic" "Phi" "Ret" "Sel" "Shift" "St"  
 
==================================
[show opcode count]
add : 6
br : 1
getelementptr : 4
load : 4
mul : 6
or : 1
phi : 3
DFG node count: 25; DFG edge count: 30; SIMD node count: 0
==================================
[generate dot for DFG]
==================================
[generate JSON for DFG]
==================================
[ResMII: 2]
==================================
[RecMII: 3]
==================================
[heuristic]
----------------------------------------
[DEBUG] start heuristic algorithm with II=3
[DEBUG] schedule dfg node[0] onto fu[5] at cycle 0 within II: 3
[DEBUG] setDFGNode 0 onto CGRANode 5 at cycle: 0
[DEBUG] success in schedule()
[DEBUG] schedule dfg node[24] onto fu[6] at cycle 1 within II: 3
[DEBUG] setDFGNode 24 onto CGRANode 6 at cycle: 1
[DEBUG] in allocateReg() t_cycle: 0; i: 0 CGRA node: 6; link: 2 duration 1
[DEBUG] done reg allocation
[DEBUG] occupy link[5]-->[6] (bypass:0) dfgNode: 0 at cycle 0
[DEBUG] skip predecessor routing -- dfgNode: 0
[DEBUG] in shareSameCycle is true: node 24
[DEBUG] tryToRoute -- srcDFGNode: 24, srcCGRANode: 6; dstDFGNode: 0, dstCGRANode: 5; backEdge: 1
[DEBUG] in shareSameCycle is true: node 0
[DEBUG] check route size: 2
[DEBUG] reset duration: 2 t_dstCycle: 0 previous: 1 II: 3
[DEBUG] in allocateReg() t_cycle: 1; i: 0 CGRA node: 5; link: 3 duration 2
[DEBUG] done reg allocation
[DEBUG] occupy link[6]-->[5] (bypass:0) dfgNode: 24 at cycle 1
[DEBUG] success in schedule()
[DEBUG] schedule dfg node[1] onto fu[10] at cycle 2 within II: 3
[DEBUG] setDFGNode 1 onto CGRANode 10 at cycle: 2
[DEBUG] in allocateReg() t_cycle: 1; i: 0 CGRA node: 10; link: 1 duration 1
[DEBUG] done reg allocation
[DEBUG] occupy link[6]-->[10] (bypass:0) dfgNode: 24 at cycle 1
[DEBUG] skip predecessor routing -- dfgNode: 24
[DEBUG] success in schedule()
[DEBUG] no available path for DFG node 3 on CGRA node 3 within II 3; path size: 3.
[DEBUG] no available path for DFG node 3 on CGRA node 4 within II 3; path size: 3.
[DEBUG] no available path for DFG node 3 on CGRA node 7 within II 3; path size: 5.
[DEBUG] no available path for DFG node 3 on CGRA node 8 within II 3; path size: 5.
[DEBUG] no available path for DFG node 3 on CGRA node 11 within II 3; path size: 7.
[DEBUG] no available path for DFG node 3 on CGRA node 12 within II 3; path size: 7.
[DEBUG] no available path for DFG node 3 on CGRA node 15 within II 3; path size: 9.
[DEBUG] schedule dfg node[3] onto fu[9] at cycle 3 within II: 3
[DEBUG] setDFGNode 3 onto CGRANode 9 at cycle: 3
[DEBUG] in allocateReg() t_cycle: 2; i: 0 CGRA node: 9; link: 3 duration 1
[DEBUG] done reg allocation
[DEBUG] occupy link[10]-->[9] (bypass:0) dfgNode: 1 at cycle 2
[DEBUG] skip predecessor routing -- dfgNode: 1
[DEBUG] success in schedule()
[DEBUG] schedule dfg node[9] onto fu[14] at cycle 3 within II: 3
[DEBUG] setDFGNode 9 onto CGRANode 14 at cycle: 3
[DEBUG] in allocateReg() t_cycle: 2; i: 0 CGRA node: 14; link: 1 duration 1
[DEBUG] done reg allocation
[DEBUG] occupy link[10]-->[14] (bypass:0) dfgNode: 1 at cycle 2
[DEBUG] skip predecessor routing -- dfgNode: 1
[DEBUG] success in schedule()
[DEBUG] schedule dfg node[4] onto fu[10] at cycle 4 within II: 3
[DEBUG] setDFGNode 4 onto CGRANode 10 at cycle: 4
[DEBUG] in allocateReg() t_cycle: 3; i: 0 CGRA node: 10; link: 2 duration 1
[DEBUG] done reg allocation
[DEBUG] occupy link[9]-->[10] (bypass:0) dfgNode: 3 at cycle 3
[DEBUG] skip predecessor routing -- dfgNode: 3
[DEBUG] success in schedule()
[DEBUG] no available path for DFG node 14 on CGRA node 3 within II 3; path size: 3.
[DEBUG] no available path for DFG node 14 on CGRA node 4 within II 3; path size: 3.
[DEBUG] no available path for DFG node 14 on CGRA node 7 within II 3; path size: 5.
[DEBUG] no available path for DFG node 14 on CGRA node 8 within II 3; path size: 5.
[DEBUG] no available path for DFG node 14 on CGRA node 11 within II 3; path size: 7.
[DEBUG] no available path for DFG node 14 on CGRA node 12 within II 3; path size: 7.
[DEBUG] no available path for DFG node 14 on CGRA node 15 within II 3; path size: 9.
[DEBUG] schedule dfg node[14] onto fu[13] at cycle 4 within II: 3
[DEBUG] setDFGNode 14 onto CGRANode 13 at cycle: 4
[DEBUG] in allocateReg() t_cycle: 3; i: 0 CGRA node: 13; link: 3 duration 1
[DEBUG] done reg allocation
[DEBUG] occupy link[14]-->[13] (bypass:0) dfgNode: 9 at cycle 3
[DEBUG] skip predecessor routing -- dfgNode: 9
[DEBUG] success in schedule()
[DEBUG] schedule dfg node[5] onto fu[6] at cycle 5 within II: 3
[DEBUG] setDFGNode 5 onto CGRANode 6 at cycle: 5
[DEBUG] in allocateReg() t_cycle: 4; i: 0 CGRA node: 6; link: 0 duration 1
[DEBUG] done reg allocation
[DEBUG] occupy link[10]-->[6] (bypass:0) dfgNode: 4 at cycle 4
[DEBUG] skip predecessor routing -- dfgNode: 4
[DEBUG] success in schedule()
[DEBUG] schedule dfg node[7] onto fu[9] at cycle 5 within II: 3
[DEBUG] setDFGNode 7 onto CGRANode 9 at cycle: 5
[DEBUG] in allocateReg() t_cycle: 4; i: 0 CGRA node: 9; link: 3 duration 1
[DEBUG] done reg allocation
[DEBUG] occupy link[10]-->[9] (bypass:0) dfgNode: 4 at cycle 4
[DEBUG] skip predecessor routing -- dfgNode: 4
[DEBUG] success in schedule()
[DEBUG] schedule dfg node[15] onto fu[10] at cycle 6 within II: 3
[DEBUG] setDFGNode 15 onto CGRANode 10 at cycle: 6
[DEBUG] occupy link[13]-->[9] (bypass:1) dfgNode: 14 at cycle 4
[DEBUG] in allocateReg() t_cycle: 5; i: 0 CGRA node: 10; link: 2 duration 1
[DEBUG] done reg allocation
[DEBUG] occupy link[9]-->[10] (bypass:0) dfgNode: 14 at cycle 5
[DEBUG] skip predecessor routing -- dfgNode: 14
[DEBUG] success in schedule()
[DEBUG] no available path for DFG node 6 on CGRA node 1 within II 3; path size: 1.
[DEBUG] no available path for DFG node 6 on CGRA node 2 within II 3; path size: 1.
[DEBUG] no available path for DFG node 6 on CGRA node 5 within II 3; path size: 3.
[DEBUG] no available path for DFG node 6 on CGRA node 6 within II 3; path size: 3.
[DEBUG] no available path for DFG node 6 on CGRA node 9 within II 3; path size: 5.
[DEBUG] no available path for DFG node 6 on CGRA node 10 within II 3; path size: 5.
[DEBUG] no available path for DFG node 6 on CGRA node 13 within II 3; path size: 7.
[DEBUG] no available path for DFG node 6 on CGRA node 14 within II 3; path size: 7.
[DEBUG] schedule dfg node[6] onto fu[7] at cycle 6 within II: 3
[DEBUG] setDFGNode 6 onto CGRANode 7 at cycle: 6
[DEBUG] in allocateReg() t_cycle: 5; i: 0 CGRA node: 7; link: 2 duration 1
[DEBUG] done reg allocation
[DEBUG] occupy link[6]-->[7] (bypass:0) dfgNode: 5 at cycle 5
[DEBUG] skip predecessor routing -- dfgNode: 5
[DEBUG] success in schedule()
[DEBUG] no available path for DFG node 8 on CGRA node 1 within II 3; path size: 1.
[DEBUG] no available path for DFG node 8 on CGRA node 2 within II 3; path size: 1.
[DEBUG] no available path for DFG node 8 on CGRA node 5 within II 3; path size: 3.
[DEBUG] no available path for DFG node 8 on CGRA node 6 within II 3; path size: 3.
[DEBUG] no available path for DFG node 8 on CGRA node 9 within II 3; path size: 5.
[DEBUG] no available path for DFG node 8 on CGRA node 10 within II 3; path size: 5.
[DEBUG] no available path for DFG node 8 on CGRA node 13 within II 3; path size: 7.
[DEBUG] no available path for DFG node 8 on CGRA node 14 within II 3; path size: 7.
[DEBUG] schedule dfg node[8] onto fu[8] at cycle 6 within II: 3
[DEBUG] setDFGNode 8 onto CGRANode 8 at cycle: 6
[DEBUG] in allocateReg() t_cycle: 5; i: 0 CGRA node: 8; link: 3 duration 1
[DEBUG] done reg allocation
[DEBUG] occupy link[9]-->[8] (bypass:0) dfgNode: 7 at cycle 5
[DEBUG] skip predecessor routing -- dfgNode: 7
[DEBUG] success in schedule()
[DEBUG] no available path for DFG node 16 on CGRA node 10 within II 3; path size: 10.
[DEBUG] schedule dfg node[16] onto fu[14] at cycle 7 within II: 3
[DEBUG] setDFGNode 16 onto CGRANode 14 at cycle: 7
[DEBUG] in allocateReg() t_cycle: 6; i: 0 CGRA node: 14; link: 1 duration 1
[DEBUG] done reg allocation
[DEBUG] occupy link[10]-->[14] (bypass:0) dfgNode: 15 at cycle 6
[DEBUG] skip predecessor routing -- dfgNode: 15
[DEBUG] success in schedule()
[DEBUG] no available path for DFG node 18 on CGRA node 10 within II 3; path size: 10.
[DEBUG] schedule dfg node[18] onto fu[2] at cycle 8 within II: 3
[DEBUG] setDFGNode 18 onto CGRANode 2 at cycle: 8
[DEBUG] occupy link[10]-->[6] (bypass:1) dfgNode: 15 at cycle 6
[DEBUG] in allocateReg() t_cycle: 7; i: 0 CGRA node: 2; link: 0 duration 1
[DEBUG] done reg allocation
[DEBUG] occupy link[6]-->[2] (bypass:0) dfgNode: 15 at cycle 7
[DEBUG] skip predecessor routing -- dfgNode: 15
[DEBUG] success in schedule()
[DEBUG] no available path for DFG node 10 on CGRA node 3 within II 3; path size: 3.
[DEBUG] no available path for DFG node 10 on CGRA node 4 within II 3; path size: 3.
[DEBUG] no available path for DFG node 10 on CGRA node 7 within II 3; path size: 5.
[DEBUG] no available path for DFG node 10 on CGRA node 8 within II 3; path size: 5.
[DEBUG] no available path for DFG node 10 on CGRA node 10 within II 3; path size: 6.
[DEBUG] no available path for DFG node 10 on CGRA node 11 within II 3; path size: 6.
[DEBUG] no available path for DFG node 10 on CGRA node 12 within II 3; path size: 6.
[DEBUG] no available path for DFG node 10 on CGRA node 15 within II 3; path size: 8.
[DEBUG] schedule dfg node[10] onto fu[1] at cycle 9 within II: 3
[DEBUG] setDFGNode 10 onto CGRANode 1 at cycle: 9
[DEBUG] occupy link[7]-->[3] (bypass:1) dfgNode: 6 at cycle 6
[DEBUG] occupy link[3]-->[2] (bypass:1) dfgNode: 6 at cycle 7
[DEBUG] in allocateReg() t_cycle: 8; i: 0 CGRA node: 1; link: 3 duration 1
[DEBUG] done reg allocation
[DEBUG] occupy link[2]-->[1] (bypass:0) dfgNode: 6 at cycle 8
[DEBUG] skip predecessor routing -- dfgNode: 6
[DEBUG] success in schedule()
[DEBUG] no available path for DFG node 11 on CGRA node 3 within II 3; path size: 3.
[DEBUG] no available path for DFG node 11 on CGRA node 4 within II 3; path size: 3.
[DEBUG] no available path for DFG node 11 on CGRA node 7 within II 3; path size: 5.
[DEBUG] no available path for DFG node 11 on CGRA node 8 within II 3; path size: 5.
[DEBUG] no available path for DFG node 11 on CGRA node 10 within II 3; path size: 6.
[DEBUG] no available path for DFG node 11 on CGRA node 11 within II 3; path size: 6.
[DEBUG] no available path for DFG node 11 on CGRA node 12 within II 3; path size: 6.
[DEBUG] no available path for DFG node 11 on CGRA node 15 within II 3; path size: 8.
[DEBUG] schedule dfg node[11] onto fu[5] at cycle 8 within II: 3
[DEBUG] setDFGNode 11 onto CGRANode 5 at cycle: 8
[DEBUG] occupy link[8]-->[4] (bypass:1) dfgNode: 8 at cycle 6
[DEBUG] in allocateReg() t_cycle: 7; i: 1 CGRA node: 5; link: 2 duration 1
[DEBUG] done reg allocation
[DEBUG] occupy link[4]-->[5] (bypass:0) dfgNode: 8 at cycle 7
[DEBUG] skip predecessor routing -- dfgNode: 8
[DEBUG] success in schedule()
[DEBUG] no available path for DFG node 17 on CGRA node 1 within II 3; path size: 1.
[DEBUG] no available path for DFG node 17 on CGRA node 2 within II 3; path size: 1.
[DEBUG] no available path for DFG node 17 on CGRA node 5 within II 3; path size: 3.
[DEBUG] no available path for DFG node 17 on CGRA node 6 within II 3; path size: 3.
[DEBUG] no available path for DFG node 17 on CGRA node 9 within II 3; path size: 5.
[DEBUG] no available path for DFG node 17 on CGRA node 10 within II 3; path size: 5.
[DEBUG] no available path for DFG node 17 on CGRA node 13 within II 3; path size: 7.
[DEBUG] no available path for DFG node 17 on CGRA node 14 within II 3; path size: 7.
[DEBUG] schedule dfg node[17] onto fu[15] at cycle 8 within II: 3
[DEBUG] setDFGNode 17 onto CGRANode 15 at cycle: 8
[DEBUG] in allocateReg() t_cycle: 7; i: 0 CGRA node: 15; link: 2 duration 1
[DEBUG] done reg allocation
[DEBUG] occupy link[14]-->[15] (bypass:0) dfgNode: 16 at cycle 7
[DEBUG] skip predecessor routing -- dfgNode: 16
[DEBUG] success in schedule()
[DEBUG] no available path for DFG node 19 on CGRA node 1 within II 3; path size: 1.
[DEBUG] no available path for DFG node 19 on CGRA node 2 within II 3; path size: 1.
[DEBUG] no available path for DFG node 19 on CGRA node 5 within II 3; path size: 3.
[DEBUG] no available path for DFG node 19 on CGRA node 6 within II 3; path size: 3.
[DEBUG] no available path for DFG node 19 on CGRA node 9 within II 3; path size: 5.
[DEBUG] no available path for DFG node 19 on CGRA node 10 within II 3; path size: 5.
[DEBUG] no available path for DFG node 19 on CGRA node 13 within II 3; path size: 7.
[DEBUG] no available path for DFG node 19 on CGRA node 14 within II 3; path size: 7.
[DEBUG] schedule dfg node[19] onto fu[3] at cycle 9 within II: 3
[DEBUG] setDFGNode 19 onto CGRANode 3 at cycle: 9
[DEBUG] in allocateReg() t_cycle: 8; i: 0 CGRA node: 3; link: 2 duration 1
[DEBUG] done reg allocation
[DEBUG] occupy link[2]-->[3] (bypass:0) dfgNode: 18 at cycle 8
[DEBUG] skip predecessor routing -- dfgNode: 18
[DEBUG] success in schedule()
[DEBUG] no available path for DFG node 12 on CGRA node 10 within II 3; path size: 10.
[DEBUG] schedule dfg node[12] onto fu[2] at cycle 10 within II: 3
[DEBUG] setDFGNode 12 onto CGRANode 2 at cycle: 10
[DEBUG] in allocateReg() t_cycle: 9; i: 0 CGRA node: 2; link: 2 duration 1
[DEBUG] done reg allocation
[DEBUG] occupy link[1]-->[2] (bypass:0) dfgNode: 10 at cycle 9
[DEBUG] skip predecessor routing -- dfgNode: 10
[DEBUG] tryToRoute -- srcDFGNode: 11, srcCGRANode: 5; dstDFGNode: 12, dstCGRANode: 2; backEdge: 0
[DEBUG] check route size: 3
[DEBUG] occupy link[5]-->[6] (bypass:1) dfgNode: 11 at cycle 8
[DEBUG] reset duration: 1 t_dstCycle: 10 previous: 9 II: 3
[DEBUG] in allocateReg() t_cycle: 9; i: 1 CGRA node: 2; link: 0 duration 1
[DEBUG] done reg allocation
[DEBUG] occupy link[6]-->[2] (bypass:0) dfgNode: 11 at cycle 9
[DEBUG] success in schedule()
[DEBUG] no available path for DFG node 20 on CGRA node 3 within II 3; path size: 3.
[DEBUG] no available path for DFG node 20 on CGRA node 4 within II 3; path size: 3.
[DEBUG] no available path for DFG node 20 on CGRA node 7 within II 3; path size: 5.
[DEBUG] no available path for DFG node 20 on CGRA node 8 within II 3; path size: 5.
[DEBUG] no available path for DFG node 20 on CGRA node 10 within II 3; path size: 6.
[DEBUG] no available path for DFG node 20 on CGRA node 11 within II 3; path size: 6.
[DEBUG] no available path for DFG node 20 on CGRA node 12 within II 3; path size: 6.
[DEBUG] no available path for DFG node 20 on CGRA node 15 within II 3; path size: 8.
[DEBUG] schedule dfg node[20] onto fu[1] at cycle 13 within II: 3
[DEBUG] setDFGNode 20 onto CGRANode 1 at cycle: 13
[DEBUG] occupy link[15]-->[11] (bypass:1) dfgNode: 17 at cycle 8
[DEBUG] occupy link[11]-->[7] (bypass:1) dfgNode: 17 at cycle 9
[DEBUG] occupy link[7]-->[6] (bypass:1) dfgNode: 17 at cycle 10
[DEBUG] occupy link[6]-->[2] (bypass:1) dfgNode: 17 at cycle 11
[DEBUG] in allocateReg() t_cycle: 12; i: 0 CGRA node: 1; link: 3 duration 1
[DEBUG] done reg allocation
[DEBUG] occupy link[2]-->[1] (bypass:0) dfgNode: 17 at cycle 12
[DEBUG] skip predecessor routing -- dfgNode: 17
[DEBUG] success in schedule()
[DEBUG] no available path for DFG node 21 on CGRA node 3 within II 3; path size: 3.
[DEBUG] no available path for DFG node 21 on CGRA node 4 within II 3; path size: 3.
[DEBUG] no available path for DFG node 21 on CGRA node 7 within II 3; path size: 5.
[DEBUG] no available path for DFG node 21 on CGRA node 8 within II 3; path size: 5.
[DEBUG] no available path for DFG node 21 on CGRA node 10 within II 3; path size: 6.
[DEBUG] no available path for DFG node 21 on CGRA node 11 within II 3; path size: 6.
[DEBUG] no available path for DFG node 21 on CGRA node 12 within II 3; path size: 6.
[DEBUG] no available path for DFG node 21 on CGRA node 15 within II 3; path size: 8.
[DEBUG] schedule dfg node[21] onto fu[6] at cycle 12 within II: 3
[DEBUG] setDFGNode 21 onto CGRANode 6 at cycle: 12
[DEBUG] occupy link[3]-->[7] (bypass:1) dfgNode: 19 at cycle 9
[DEBUG] in allocateReg() t_cycle: 10; i: 1 CGRA node: 6; link: 3 duration 2
[DEBUG] done reg allocation
[DEBUG] occupy link[7]-->[6] (bypass:0) dfgNode: 19 at cycle 10
[DEBUG] skip predecessor routing -- dfgNode: 19
[DEBUG] success in schedule()
[DEBUG] no available path for DFG node 22 on CGRA node 6 within II 3; path size: 6.
[DEBUG] no available path for DFG node 22 on CGRA node 10 within II 3; path size: 9.
[DEBUG] schedule dfg node[22] onto fu[4] at cycle 15 within II: 3
[DEBUG] setDFGNode 22 onto CGRANode 4 at cycle: 15
[DEBUG] occupy link[1]-->[0] (bypass:1) dfgNode: 20 at cycle 13
[DEBUG] in allocateReg() t_cycle: 14; i: 0 CGRA node: 4; link: 1 duration 1
[DEBUG] done reg allocation
[DEBUG] occupy link[0]-->[4] (bypass:0) dfgNode: 20 at cycle 14
[DEBUG] skip predecessor routing -- dfgNode: 20
[DEBUG] tryToRoute -- srcDFGNode: 21, srcCGRANode: 6; dstDFGNode: 22, dstCGRANode: 4; backEdge: 0
[DEBUG] check route size: 3
[DEBUG] occupy link[6]-->[5] (bypass:1) dfgNode: 21 at cycle 12
[DEBUG] reset duration: 2 t_dstCycle: 15 previous: 13 II: 3
[DEBUG] in allocateReg() t_cycle: 13; i: 1 CGRA node: 4; link: 3 duration 2
[DEBUG] done reg allocation
[DEBUG] occupy link[5]-->[4] (bypass:0) dfgNode: 21 at cycle 13
[DEBUG] success in schedule()
[DEBUG] no available path for DFG node 23 on CGRA node 6 within II 3; path size: 6.
[DEBUG] no available path for DFG node 23 on CGRA node 10 within II 3; path size: 9.
[DEBUG] schedule dfg node[23] onto fu[0] at cycle 16 within II: 3
[DEBUG] setDFGNode 23 onto CGRANode 0 at cycle: 16
[DEBUG] in allocateReg() t_cycle: 15; i: 0 CGRA node: 0; link: 0 duration 1
[DEBUG] done reg allocation
[DEBUG] occupy link[4]-->[0] (bypass:0) dfgNode: 22 at cycle 15
[DEBUG] skip predecessor routing -- dfgNode: 22
[DEBUG] success in schedule()
[DEBUG] no available path for DFG node 2 on CGRA node 6 within II 3; path size: 6.
[DEBUG] no available path for DFG node 2 on CGRA node 10 within II 3; path size: 9.
[DEBUG] schedule dfg node[2] onto fu[1] at cycle 17 within II: 3
[DEBUG] setDFGNode 2 onto CGRANode 1 at cycle: 17
[DEBUG] in allocateReg() t_cycle: 16; i: 0 CGRA node: 1; link: 2 duration 1
[DEBUG] done reg allocation
[DEBUG] occupy link[0]-->[1] (bypass:0) dfgNode: 23 at cycle 16
[DEBUG] skip predecessor routing -- dfgNode: 23
[DEBUG] tryToRoute -- srcDFGNode: 24, srcCGRANode: 6; dstDFGNode: 2, dstCGRANode: 1; backEdge: 0
[DEBUG] check route size: 3
[DEBUG] occupy link[6]-->[5] (bypass:1) dfgNode: 24 at cycle 1
[DEBUG] reset duration: 0 t_dstCycle: 17 previous: 2 II: 3
[DEBUG] reset duration is 0...
[DEBUG] in allocateReg() t_cycle: 2; i: 1 CGRA node: 1; link: 0 duration 3
[DEBUG] done reg allocation
[DEBUG] occupy link[5]-->[1] (bypass:0) dfgNode: 24 at cycle 2
[DEBUG] success in schedule()
[DEBUG] no available path for DFG node 13 on CGRA node 1 within II 3; path size: 1.
[DEBUG] no available path for DFG node 13 on CGRA node 6 within II 3; path size: 5.
[DEBUG] no available path for DFG node 13 on CGRA node 10 within II 3; path size: 8.
[DEBUG] schedule dfg node[13] onto fu[9] at cycle 19 within II: 3
[DEBUG] setDFGNode 13 onto CGRANode 9 at cycle: 19
[DEBUG] occupy link[1]-->[5] (bypass:1) dfgNode: 2 at cycle 17
[DEBUG] in allocateReg() t_cycle: 18; i: 0 CGRA node: 9; link: 1 duration 1
[DEBUG] done reg allocation
[DEBUG] occupy link[5]-->[9] (bypass:0) dfgNode: 2 at cycle 18
[DEBUG] skip predecessor routing -- dfgNode: 2
[DEBUG] tryToRoute -- srcDFGNode: 12, srcCGRANode: 2; dstDFGNode: 13, dstCGRANode: 9; backEdge: 0
[DEBUG] check route size: 8
[DEBUG] occupy link[2]-->[3] (bypass:1) dfgNode: 12 at cycle 10
[DEBUG] occupy link[3]-->[7] (bypass:1) dfgNode: 12 at cycle 11
[DEBUG] occupy link[7]-->[11] (bypass:1) dfgNode: 12 at cycle 12
[DEBUG] occupy link[11]-->[15] (bypass:1) dfgNode: 12 at cycle 13
[DEBUG] occupy link[15]-->[14] (bypass:1) dfgNode: 12 at cycle 14
[DEBUG] reset duration: 1 t_dstCycle: 19 previous: 15 II: 3
[DEBUG] in allocateReg() t_cycle: 15; i: 1 CGRA node: 13; link: 3 duration 1
[DEBUG] done reg allocation
[DEBUG] occupy link[14]-->[13] (bypass:0) dfgNode: 12 at cycle 15
[DEBUG] reset duration: 1 t_dstCycle: 19 previous: 18 II: 3
[DEBUG] in allocateReg() t_cycle: 18; i: 1 CGRA node: 9; link: 0 duration 1
[DEBUG] done reg allocation
[DEBUG] occupy link[13]-->[9] (bypass:0) dfgNode: 12 at cycle 18
[DEBUG] in shareSameCycle is true: node 13
[DEBUG] tryToRoute -- srcDFGNode: 13, srcCGRANode: 9; dstDFGNode: 23, dstCGRANode: 0; backEdge: 1
[DEBUG] in shareSameCycle is true: node 23
[DEBUG] cannot route due to II is violated for backward cycle
DEBUG target DFG node: 13 on fu: 9 failed, mapped succ DFG node: 23; return false
[DEBUG] fail1 in schedule() II: 3
[DEBUG] the failed path -- cycle: 18 CGRANode: 5
[DEBUG] the failed path -- cycle: 19 CGRANode: 9
[DEBUG] the failed path -- cycle: 17 CGRANode: 1
----------------------------------------
[DEBUG] start heuristic algorithm with II=4
[DEBUG] schedule dfg node[0] onto fu[5] at cycle 0 within II: 4
[DEBUG] setDFGNode 0 onto CGRANode 5 at cycle: 0
[DEBUG] success in schedule()
[DEBUG] schedule dfg node[24] onto fu[6] at cycle 1 within II: 4
[DEBUG] setDFGNode 24 onto CGRANode 6 at cycle: 1
[DEBUG] in allocateReg() t_cycle: 0; i: 0 CGRA node: 6; link: 2 duration 1
[DEBUG] done reg allocation
[DEBUG] occupy link[5]-->[6] (bypass:0) dfgNode: 0 at cycle 0
[DEBUG] skip predecessor routing -- dfgNode: 0
[DEBUG] in shareSameCycle is true: node 24
[DEBUG] tryToRoute -- srcDFGNode: 24, srcCGRANode: 6; dstDFGNode: 0, dstCGRANode: 5; backEdge: 1
[DEBUG] in shareSameCycle is true: node 0
[DEBUG] check route size: 2
[DEBUG] reset duration: 3 t_dstCycle: 0 previous: 1 II: 4
[DEBUG] in allocateReg() t_cycle: 1; i: 0 CGRA node: 5; link: 3 duration 3
[DEBUG] done reg allocation
[DEBUG] occupy link[6]-->[5] (bypass:0) dfgNode: 24 at cycle 1
[DEBUG] success in schedule()
[DEBUG] schedule dfg node[1] onto fu[10] at cycle 2 within II: 4
[DEBUG] setDFGNode 1 onto CGRANode 10 at cycle: 2
[DEBUG] in allocateReg() t_cycle: 1; i: 0 CGRA node: 10; link: 1 duration 1
[DEBUG] done reg allocation
[DEBUG] occupy link[6]-->[10] (bypass:0) dfgNode: 24 at cycle 1
[DEBUG] skip predecessor routing -- dfgNode: 24
[DEBUG] success in schedule()
[DEBUG] no available path for DFG node 3 on CGRA node 3 within II 4; path size: 3.
[DEBUG] no available path for DFG node 3 on CGRA node 4 within II 4; path size: 3.
[DEBUG] no available path for DFG node 3 on CGRA node 7 within II 4; path size: 5.
[DEBUG] no available path for DFG node 3 on CGRA node 8 within II 4; path size: 5.
[DEBUG] no available path for DFG node 3 on CGRA node 11 within II 4; path size: 7.
[DEBUG] no available path for DFG node 3 on CGRA node 12 within II 4; path size: 7.
[DEBUG] no available path for DFG node 3 on CGRA node 15 within II 4; path size: 9.
[DEBUG] schedule dfg node[3] onto fu[9] at cycle 3 within II: 4
[DEBUG] setDFGNode 3 onto CGRANode 9 at cycle: 3
[DEBUG] in allocateReg() t_cycle: 2; i: 0 CGRA node: 9; link: 3 duration 1
[DEBUG] done reg allocation
[DEBUG] occupy link[10]-->[9] (bypass:0) dfgNode: 1 at cycle 2
[DEBUG] skip predecessor routing -- dfgNode: 1
[DEBUG] success in schedule()
[DEBUG] schedule dfg node[9] onto fu[14] at cycle 3 within II: 4
[DEBUG] setDFGNode 9 onto CGRANode 14 at cycle: 3
[DEBUG] in allocateReg() t_cycle: 2; i: 0 CGRA node: 14; link: 1 duration 1
[DEBUG] done reg allocation
[DEBUG] occupy link[10]-->[14] (bypass:0) dfgNode: 1 at cycle 2
[DEBUG] skip predecessor routing -- dfgNode: 1
[DEBUG] success in schedule()
[DEBUG] schedule dfg node[4] onto fu[10] at cycle 4 within II: 4
[DEBUG] setDFGNode 4 onto CGRANode 10 at cycle: 4
[DEBUG] in allocateReg() t_cycle: 3; i: 0 CGRA node: 10; link: 2 duration 1
[DEBUG] done reg allocation
[DEBUG] occupy link[9]-->[10] (bypass:0) dfgNode: 3 at cycle 3
[DEBUG] skip predecessor routing -- dfgNode: 3
[DEBUG] success in schedule()
[DEBUG] no available path for DFG node 14 on CGRA node 3 within II 4; path size: 3.
[DEBUG] no available path for DFG node 14 on CGRA node 4 within II 4; path size: 3.
[DEBUG] no available path for DFG node 14 on CGRA node 7 within II 4; path size: 5.
[DEBUG] no available path for DFG node 14 on CGRA node 8 within II 4; path size: 5.
[DEBUG] no available path for DFG node 14 on CGRA node 11 within II 4; path size: 7.
[DEBUG] no available path for DFG node 14 on CGRA node 12 within II 4; path size: 7.
[DEBUG] no available path for DFG node 14 on CGRA node 15 within II 4; path size: 9.
[DEBUG] schedule dfg node[14] onto fu[13] at cycle 4 within II: 4
[DEBUG] setDFGNode 14 onto CGRANode 13 at cycle: 4
[DEBUG] in allocateReg() t_cycle: 3; i: 0 CGRA node: 13; link: 3 duration 1
[DEBUG] done reg allocation
[DEBUG] occupy link[14]-->[13] (bypass:0) dfgNode: 9 at cycle 3
[DEBUG] skip predecessor routing -- dfgNode: 9
[DEBUG] success in schedule()
[DEBUG] schedule dfg node[5] onto fu[9] at cycle 5 within II: 4
[DEBUG] setDFGNode 5 onto CGRANode 9 at cycle: 5
[DEBUG] in allocateReg() t_cycle: 4; i: 0 CGRA node: 9; link: 3 duration 1
[DEBUG] done reg allocation
[DEBUG] occupy link[10]-->[9] (bypass:0) dfgNode: 4 at cycle 4
[DEBUG] skip predecessor routing -- dfgNode: 4
[DEBUG] success in schedule()
[DEBUG] schedule dfg node[7] onto fu[14] at cycle 5 within II: 4
[DEBUG] setDFGNode 7 onto CGRANode 14 at cycle: 5
[DEBUG] in allocateReg() t_cycle: 4; i: 0 CGRA node: 14; link: 1 duration 1
[DEBUG] done reg allocation
[DEBUG] occupy link[10]-->[14] (bypass:0) dfgNode: 4 at cycle 4
[DEBUG] skip predecessor routing -- dfgNode: 4
[DEBUG] success in schedule()
[DEBUG] schedule dfg node[15] onto fu[6] at cycle 7 within II: 4
[DEBUG] setDFGNode 15 onto CGRANode 6 at cycle: 7
[DEBUG] occupy link[13]-->[9] (bypass:1) dfgNode: 14 at cycle 4
[DEBUG] occupy link[9]-->[5] (bypass:1) dfgNode: 14 at cycle 5
[DEBUG] in allocateReg() t_cycle: 6; i: 0 CGRA node: 6; link: 2 duration 1
[DEBUG] done reg allocation
[DEBUG] occupy link[5]-->[6] (bypass:0) dfgNode: 14 at cycle 6
[DEBUG] skip predecessor routing -- dfgNode: 14
[DEBUG] success in schedule()
[DEBUG] no available path for DFG node 6 on CGRA node 1 within II 4; path size: 1.
[DEBUG] no available path for DFG node 6 on CGRA node 2 within II 4; path size: 1.
[DEBUG] no available path for DFG node 6 on CGRA node 5 within II 4; path size: 3.
[DEBUG] no available path for DFG node 6 on CGRA node 6 within II 4; path size: 3.
[DEBUG] no available path for DFG node 6 on CGRA node 9 within II 4; path size: 5.
[DEBUG] no available path for DFG node 6 on CGRA node 10 within II 4; path size: 5.
[DEBUG] no available path for DFG node 6 on CGRA node 13 within II 4; path size: 7.
[DEBUG] no available path for DFG node 6 on CGRA node 14 within II 4; path size: 7.
[DEBUG] schedule dfg node[6] onto fu[8] at cycle 6 within II: 4
[DEBUG] setDFGNode 6 onto CGRANode 8 at cycle: 6
[DEBUG] in allocateReg() t_cycle: 5; i: 0 CGRA node: 8; link: 3 duration 1
[DEBUG] done reg allocation
[DEBUG] occupy link[9]-->[8] (bypass:0) dfgNode: 5 at cycle 5
[DEBUG] skip predecessor routing -- dfgNode: 5
[DEBUG] success in schedule()
[DEBUG] no available path for DFG node 8 on CGRA node 1 within II 4; path size: 1.
[DEBUG] no available path for DFG node 8 on CGRA node 2 within II 4; path size: 1.
[DEBUG] no available path for DFG node 8 on CGRA node 5 within II 4; path size: 3.
[DEBUG] no available path for DFG node 8 on CGRA node 6 within II 4; path size: 3.
[DEBUG] no available path for DFG node 8 on CGRA node 9 within II 4; path size: 5.
[DEBUG] no available path for DFG node 8 on CGRA node 10 within II 4; path size: 5.
[DEBUG] no available path for DFG node 8 on CGRA node 13 within II 4; path size: 7.
[DEBUG] no available path for DFG node 8 on CGRA node 14 within II 4; path size: 7.
[DEBUG] schedule dfg node[8] onto fu[15] at cycle 6 within II: 4
[DEBUG] setDFGNode 8 onto CGRANode 15 at cycle: 6
[DEBUG] in allocateReg() t_cycle: 5; i: 0 CGRA node: 15; link: 2 duration 1
[DEBUG] done reg allocation
[DEBUG] occupy link[14]-->[15] (bypass:0) dfgNode: 7 at cycle 5
[DEBUG] skip predecessor routing -- dfgNode: 7
[DEBUG] success in schedule()
[DEBUG] schedule dfg node[16] onto fu[2] at cycle 8 within II: 4
[DEBUG] setDFGNode 16 onto CGRANode 2 at cycle: 8
[DEBUG] in allocateReg() t_cycle: 7; i: 0 CGRA node: 2; link: 0 duration 1
[DEBUG] done reg allocation
[DEBUG] occupy link[6]-->[2] (bypass:0) dfgNode: 15 at cycle 7
[DEBUG] skip predecessor routing -- dfgNode: 15
[DEBUG] success in schedule()
[DEBUG] schedule dfg node[18] onto fu[1] at cycle 9 within II: 4
[DEBUG] setDFGNode 18 onto CGRANode 1 at cycle: 9
[DEBUG] occupy link[6]-->[2] (bypass:1) dfgNode: 15 at cycle 7
[DEBUG] in allocateReg() t_cycle: 8; i: 0 CGRA node: 1; link: 3 duration 1
[DEBUG] done reg allocation
[DEBUG] occupy link[2]-->[1] (bypass:0) dfgNode: 15 at cycle 8
[DEBUG] skip predecessor routing -- dfgNode: 15
[DEBUG] success in schedule()
[DEBUG] no available path for DFG node 10 on CGRA node 3 within II 4; path size: 3.
[DEBUG] no available path for DFG node 10 on CGRA node 4 within II 4; path size: 3.
[DEBUG] no available path for DFG node 10 on CGRA node 7 within II 4; path size: 5.
[DEBUG] no available path for DFG node 10 on CGRA node 8 within II 4; path size: 5.
[DEBUG] no available path for DFG node 10 on CGRA node 11 within II 4; path size: 7.
[DEBUG] no available path for DFG node 10 on CGRA node 12 within II 4; path size: 7.
[DEBUG] no available path for DFG node 10 on CGRA node 15 within II 4; path size: 9.
[DEBUG] schedule dfg node[10] onto fu[0] at cycle 8 within II: 4
[DEBUG] setDFGNode 10 onto CGRANode 0 at cycle: 8
[DEBUG] occupy link[8]-->[4] (bypass:1) dfgNode: 6 at cycle 6
[DEBUG] in allocateReg() t_cycle: 7; i: 0 CGRA node: 0; link: 0 duration 1
[DEBUG] done reg allocation
[DEBUG] occupy link[4]-->[0] (bypass:0) dfgNode: 6 at cycle 7
[DEBUG] skip predecessor routing -- dfgNode: 6
[DEBUG] success in schedule()
[DEBUG] no available path for DFG node 11 on CGRA node 3 within II 4; path size: 3.
[DEBUG] no available path for DFG node 11 on CGRA node 4 within II 4; path size: 3.
[DEBUG] no available path for DFG node 11 on CGRA node 7 within II 4; path size: 5.
[DEBUG] no available path for DFG node 11 on CGRA node 8 within II 4; path size: 5.
[DEBUG] no available path for DFG node 11 on CGRA node 11 within II 4; path size: 7.
[DEBUG] no available path for DFG node 11 on CGRA node 12 within II 4; path size: 7.
[DEBUG] no available path for DFG node 11 on CGRA node 15 within II 4; path size: 9.
[DEBUG] schedule dfg node[11] onto fu[2] at cycle 10 within II: 4
[DEBUG] setDFGNode 11 onto CGRANode 2 at cycle: 10
[DEBUG] occupy link[15]-->[11] (bypass:1) dfgNode: 8 at cycle 6
[DEBUG] occupy link[11]-->[7] (bypass:1) dfgNode: 8 at cycle 7
[DEBUG] occupy link[7]-->[3] (bypass:1) dfgNode: 8 at cycle 8
[DEBUG] in allocateReg() t_cycle: 9; i: 0 CGRA node: 2; link: 3 duration 1
[DEBUG] done reg allocation
[DEBUG] occupy link[3]-->[2] (bypass:0) dfgNode: 8 at cycle 9
[DEBUG] skip predecessor routing -- dfgNode: 8
[DEBUG] success in schedule()
[DEBUG] no available path for DFG node 17 on CGRA node 1 within II 4; path size: 1.
[DEBUG] no available path for DFG node 17 on CGRA node 2 within II 4; path size: 1.
[DEBUG] no available path for DFG node 17 on CGRA node 5 within II 4; path size: 3.
[DEBUG] no available path for DFG node 17 on CGRA node 6 within II 4; path size: 3.
[DEBUG] no available path for DFG node 17 on CGRA node 9 within II 4; path size: 5.
[DEBUG] no available path for DFG node 17 on CGRA node 10 within II 4; path size: 5.
[DEBUG] no available path for DFG node 17 on CGRA node 13 within II 4; path size: 7.
[DEBUG] no available path for DFG node 17 on CGRA node 14 within II 4; path size: 7.
[DEBUG] schedule dfg node[17] onto fu[3] at cycle 9 within II: 4
[DEBUG] setDFGNode 17 onto CGRANode 3 at cycle: 9
[DEBUG] in allocateReg() t_cycle: 8; i: 0 CGRA node: 3; link: 2 duration 1
[DEBUG] done reg allocation
[DEBUG] occupy link[2]-->[3] (bypass:0) dfgNode: 16 at cycle 8
[DEBUG] skip predecessor routing -- dfgNode: 16
[DEBUG] success in schedule()
[DEBUG] no available path for DFG node 19 on CGRA node 1 within II 4; path size: 1.
[DEBUG] no available path for DFG node 19 on CGRA node 2 within II 4; path size: 1.
[DEBUG] no available path for DFG node 19 on CGRA node 5 within II 4; path size: 3.
[DEBUG] no available path for DFG node 19 on CGRA node 6 within II 4; path size: 3.
[DEBUG] no available path for DFG node 19 on CGRA node 9 within II 4; path size: 5.
[DEBUG] no available path for DFG node 19 on CGRA node 10 within II 4; path size: 5.
[DEBUG] no available path for DFG node 19 on CGRA node 13 within II 4; path size: 7.
[DEBUG] no available path for DFG node 19 on CGRA node 14 within II 4; path size: 7.
[DEBUG] schedule dfg node[19] onto fu[4] at cycle 11 within II: 4
[DEBUG] setDFGNode 19 onto CGRANode 4 at cycle: 11
[DEBUG] occupy link[1]-->[0] (bypass:1) dfgNode: 18 at cycle 9
[DEBUG] in allocateReg() t_cycle: 10; i: 0 CGRA node: 4; link: 1 duration 1
[DEBUG] done reg allocation
[DEBUG] occupy link[0]-->[4] (bypass:0) dfgNode: 18 at cycle 10
[DEBUG] skip predecessor routing -- dfgNode: 18
[DEBUG] success in schedule()
[DEBUG] schedule dfg node[12] onto fu[1] at cycle 11 within II: 4
[DEBUG] setDFGNode 12 onto CGRANode 1 at cycle: 11
[DEBUG] in allocateReg() t_cycle: 10; i: 0 CGRA node: 1; link: 3 duration 1
[DEBUG] done reg allocation
[DEBUG] occupy link[2]-->[1] (bypass:0) dfgNode: 11 at cycle 10
[DEBUG] tryToRoute -- srcDFGNode: 10, srcCGRANode: 0; dstDFGNode: 12, dstCGRANode: 1; backEdge: 0
[DEBUG] check route size: 2
[DEBUG] reset duration: 3 t_dstCycle: 11 previous: 8 II: 4
[DEBUG] in allocateReg() t_cycle: 8; i: 1 CGRA node: 1; link: 2 duration 3
[DEBUG] done reg allocation
[DEBUG] occupy link[0]-->[1] (bypass:0) dfgNode: 10 at cycle 8
[DEBUG] skip predecessor routing -- dfgNode: 11
[DEBUG] success in schedule()
[DEBUG] no available path for DFG node 20 on CGRA node 3 within II 4; path size: 3.
[DEBUG] no available path for DFG node 20 on CGRA node 4 within II 4; path size: 3.
[DEBUG] no available path for DFG node 20 on CGRA node 7 within II 4; path size: 5.
[DEBUG] no available path for DFG node 20 on CGRA node 8 within II 4; path size: 5.
[DEBUG] no available path for DFG node 20 on CGRA node 11 within II 4; path size: 7.
[DEBUG] no available path for DFG node 20 on CGRA node 12 within II 4; path size: 7.
[DEBUG] no available path for DFG node 20 on CGRA node 15 within II 4; path size: 9.
[DEBUG] schedule dfg node[20] onto fu[2] at cycle 11 within II: 4
[DEBUG] setDFGNode 20 onto CGRANode 2 at cycle: 11
[DEBUG] in allocateReg() t_cycle: 9; i: 1 CGRA node: 2; link: 3 duration 2
[DEBUG] done reg allocation
[DEBUG] occupy link[3]-->[2] (bypass:0) dfgNode: 17 at cycle 9
[DEBUG] skip predecessor routing -- dfgNode: 17
[DEBUG] success in schedule()
[DEBUG] no available path for DFG node 21 on CGRA node 3 within II 4; path size: 3.
[DEBUG] no available path for DFG node 21 on CGRA node 4 within II 4; path size: 3.
[DEBUG] no available path for DFG node 21 on CGRA node 7 within II 4; path size: 5.
[DEBUG] no available path for DFG node 21 on CGRA node 8 within II 4; path size: 5.
[DEBUG] no available path for DFG node 21 on CGRA node 11 within II 4; path size: 7.
[DEBUG] no available path for DFG node 21 on CGRA node 12 within II 4; path size: 7.
[DEBUG] no available path for DFG node 21 on CGRA node 15 within II 4; path size: 9.
[DEBUG] schedule dfg node[21] onto fu[13] at cycle 14 within II: 4
[DEBUG] setDFGNode 21 onto CGRANode 13 at cycle: 14
[DEBUG] occupy link[4]-->[5] (bypass:1) dfgNode: 19 at cycle 11
[DEBUG] occupy link[5]-->[9] (bypass:1) dfgNode: 19 at cycle 12
[DEBUG] in allocateReg() t_cycle: 13; i: 0 CGRA node: 13; link: 1 duration 1
[DEBUG] done reg allocation
[DEBUG] occupy link[9]-->[13] (bypass:0) dfgNode: 19 at cycle 13
[DEBUG] skip predecessor routing -- dfgNode: 19
[DEBUG] success in schedule()
[DEBUG] schedule dfg node[22] onto fu[13] at cycle 15 within II: 4
[DEBUG] setDFGNode 22 onto CGRANode 13 at cycle: 15
[DEBUG] occupy link[2]-->[6] (bypass:1) dfgNode: 20 at cycle 11
[DEBUG] occupy link[6]-->[5] (bypass:1) dfgNode: 20 at cycle 12
[DEBUG] occupy link[5]-->[9] (bypass:1) dfgNode: 20 at cycle 13
[DEBUG] in allocateReg() t_cycle: 14; i: 0 CGRA node: 13; link: 1 duration 1
[DEBUG] done reg allocation
[DEBUG] occupy link[9]-->[13] (bypass:0) dfgNode: 20 at cycle 14
[DEBUG] skip predecessor routing -- dfgNode: 20
[DEBUG] tryToRoute -- srcDFGNode: 21, srcCGRANode: 13; dstDFGNode: 22, dstCGRANode: 13; backEdge: 0
[DEBUG] check route size: 1
[DEBUG] allocate for local reg maintain... duration=1 last cycle: 14
[DEBUG] in allocateReg() t_cycle: 14; i: 1 CGRA node: 13; link: 4 duration 1
[DEBUG] done reg allocation
[DEBUG] success in schedule()
[DEBUG] schedule dfg node[23] onto fu[9] at cycle 16 within II: 4
[DEBUG] setDFGNode 23 onto CGRANode 9 at cycle: 16
[DEBUG] in allocateReg() t_cycle: 15; i: 0 CGRA node: 9; link: 0 duration 1
[DEBUG] done reg allocation
[DEBUG] occupy link[13]-->[9] (bypass:0) dfgNode: 22 at cycle 15
[DEBUG] skip predecessor routing -- dfgNode: 22
[DEBUG] success in schedule()
[DEBUG] schedule dfg node[2] onto fu[10] at cycle 17 within II: 4
[DEBUG] setDFGNode 2 onto CGRANode 10 at cycle: 17
[DEBUG] in allocateReg() t_cycle: 16; i: 0 CGRA node: 10; link: 2 duration 1
[DEBUG] done reg allocation
[DEBUG] occupy link[9]-->[10] (bypass:0) dfgNode: 23 at cycle 16
[DEBUG] skip predecessor routing -- dfgNode: 23
[DEBUG] tryToRoute -- srcDFGNode: 24, srcCGRANode: 6; dstDFGNode: 2, dstCGRANode: 10; backEdge: 0
[DEBUG] check route size: 2
[DEBUG] reset duration: 0 t_dstCycle: 17 previous: 1 II: 4
[DEBUG] reset duration is 0...
[DEBUG] in allocateReg() t_cycle: 1; i: 1 CGRA node: 10; link: 1 duration 4
[DEBUG] done reg allocation
[DEBUG] occupy link[6]-->[10] (bypass:0) dfgNode: 24 at cycle 1
[DEBUG] success in schedule()
[DEBUG] schedule dfg node[13] onto fu[6] at cycle 18 within II: 4
[DEBUG] setDFGNode 13 onto CGRANode 6 at cycle: 18
[DEBUG] in allocateReg() t_cycle: 17; i: 0 CGRA node: 6; link: 0 duration 1
[DEBUG] done reg allocation
[DEBUG] occupy link[10]-->[6] (bypass:0) dfgNode: 2 at cycle 17
[DEBUG] skip predecessor routing -- dfgNode: 2
[DEBUG] tryToRoute -- srcDFGNode: 12, srcCGRANode: 1; dstDFGNode: 13, dstCGRANode: 6; backEdge: 0
[DEBUG] check route size: 3
[DEBUG] occupy link[1]-->[2] (bypass:1) dfgNode: 12 at cycle 11
[DEBUG] reset duration: 2 t_dstCycle: 18 previous: 12 II: 4
[DEBUG] in allocateReg() t_cycle: 12; i: 1 CGRA node: 6; link: 1 duration 2
[DEBUG] done reg allocation
[DEBUG] occupy link[2]-->[6] (bypass:0) dfgNode: 12 at cycle 12
[DEBUG] in shareSameCycle is true: node 13
[DEBUG] tryToRoute -- srcDFGNode: 13, srcCGRANode: 6; dstDFGNode: 23, dstCGRANode: 9; backEdge: 1
[DEBUG] in shareSameCycle is true: node 23
[DEBUG] check route size: 3
[DEBUG] occupy link[6]-->[5] (bypass:1) dfgNode: 13 at cycle 18
[DEBUG] reset duration: 1 t_dstCycle: 16 previous: 19 II: 4
[DEBUG] in allocateReg() t_cycle: 19; i: 1 CGRA node: 9; link: 1 duration 1
[DEBUG] done reg allocation
[DEBUG] occupy link[5]-->[9] (bypass:0) dfgNode: 13 at cycle 19
[DEBUG] success in schedule()
Mapping algorithm elapsed time=111ms
--------------------------- cycle:0 ---------------------------
[     ]   [     ]   [     ]   [     ]
             ↓         ↑           
[     ]   [     ] ⇄ [     ]   [     ]
             ↑                     
[     ]   [  0  ] ⇄ [     ]   [     ]
                       ↑         ↓ 
[     ] → [     ] ← [     ] → [     ]
--------------------------- cycle:1 ---------------------------
[     ]   [     ]   [     ] → [     ]
             ↑                     
[     ] ← [     ]   [     ]   [     ]
             ⇅         ⇅           
[     ]   [     ] ← [ 24  ]   [     ]
                                   
[     ] ← [     ]   [     ] ← [     ]
--------------------------- cycle:2 ---------------------------
[     ]   [     ]   [     ]   [     ]
             ↑         ↑         ↓ 
[     ]   [     ] ← [  1  ]   [     ]
   ↓                               
[     ]   [     ] ⇄ [     ]   [     ]
   ↑                               
[     ]   [     ] ← [     ]   [     ]
--------------------------- cycle:3 ---------------------------
[     ]   [     ] ← [  9  ]   [     ]
             ↓                     
[     ]   [  3  ] → [     ]   [     ]
             ↑                   ↓ 
[     ] → [     ]   [     ]   [     ]
   ↓                   ⇅           
[     ]   [     ] → [     ]   [     ]
--------------------------- cycle:4 ---------------------------
[     ]   [ 14  ]   [     ]   [     ]
             ↓         ↑           
[     ]   [     ] ⇄ [  4  ]   [     ]
             ↑                     
[     ]   [  0  ] ⇄ [     ]   [     ]
                       ↑         ↓ 
[     ] → [     ] ← [     ] → [     ]
--------------------------- cycle:5 ---------------------------
[     ]   [     ]   [  7  ] → [     ]
             ↑                     
[     ] ← [  5  ]   [     ]   [     ]
             ⇅         ⇅           
[     ]   [     ] ← [ 24  ]   [     ]
                                   
[     ] ← [     ]   [     ] ← [     ]
--------------------------- cycle:6 ---------------------------
[     ]   [     ]   [     ]   [  8  ]
             ↑         ↑         ↓ 
[  6  ]   [     ] ← [  1  ]   [     ]
   ↓                               
[     ]   [     ] ⇄ [     ]   [     ]
   ↑                               
[     ]   [     ] ← [     ]   [     ]
--------------------------- cycle:7 ---------------------------
[     ]   [     ] ← [  9  ]   [     ]
             ↓                     
[     ]   [  3  ] → [     ]   [     ]
             ↑                   ↓ 
[     ] → [     ]   [ 15  ]   [     ]
   ↓                   ⇅           
[     ]   [     ] → [     ]   [     ]
--------------------------- cycle:8 ---------------------------
[     ]   [ 14  ]   [     ]   [     ]
             ↓         ↑           
[     ]   [     ] ⇄ [  4  ]   [     ]
             ↑                     
[     ]   [  0  ] ⇄ [     ]   [     ]
                       ↑         ↓ 
[ 10  ] → [     ] ← [ 16  ] → [     ]
--------------------------- cycle:9 ---------------------------
[     ]   [     ]   [  7  ] → [     ]
             ↑                     
[     ] ← [  5  ]   [     ]   [     ]
             ⇅         ⇅           
[     ]   [     ] ← [ 24  ]   [     ]
                                   
[     ] ← [ 18  ]   [     ] ← [ 17  ]
--------------------------- cycle:10 ---------------------------
[     ]   [     ]   [     ]   [  8  ]
             ↑         ↑         ↓ 
[  6  ]   [     ] ← [  1  ]   [     ]
   ↓                               
[     ]   [     ] ⇄ [     ]   [     ]
   ↑                               
[     ]   [     ] ← [ 11  ]   [     ]
--------------------------- cycle:11 ---------------------------
[     ]   [     ] ← [  9  ]   [     ]
             ↓                     
[     ]   [  3  ] → [     ]   [     ]
             ↑                   ↓ 
[ 19  ] → [     ]   [ 15  ]   [     ]
   ↓                   ⇅           
[     ]   [ 12  ] → [ 20  ]   [     ]
--------------------------- cycle:12 ---------------------------
[     ]   [ 14  ]   [     ]   [     ]
             ↓         ↑           
[     ]   [     ] ⇄ [  4  ]   [     ]
             ↑                     
[     ]   [  0  ] ⇄ [     ]   [     ]
                       ↑         ↓ 
[ 10  ] → [     ] ← [ 16  ] → [     ]
--------------------------- cycle:13 ---------------------------
[     ]   [     ]   [  7  ] → [     ]
             ↑                     
[     ] ← [  5  ]   [     ]   [     ]
             ⇅         ⇅           
[     ]   [     ] ← [ 24  ]   [     ]
                                   
[     ] ← [ 18  ]   [     ] ← [ 17  ]
--------------------------- cycle:14 ---------------------------
[     ]   [ 21  ]   [     ]   [  8  ]
             ↑         ↑         ↓ 
[  6  ]   [     ] ← [  1  ]   [     ]
   ↓                               
[     ]   [     ] ⇄ [     ]   [     ]
   ↑                               
[     ]   [     ] ← [ 11  ]   [     ]
--------------------------- cycle:15 ---------------------------
[     ]   [ 22  ] ← [  9  ]   [     ]
             ↓                     
[     ]   [  3  ] → [     ]   [     ]
             ↑                   ↓ 
[ 19  ] → [     ]   [ 15  ]   [     ]
   ↓                   ⇅           
[     ]   [ 12  ] → [ 20  ]   [     ]
--------------------------- cycle:16 ---------------------------
[     ]   [ 14  ]   [     ]   [     ]
             ↓         ↑           
[     ]   [ 23  ] ⇄ [  4  ]   [     ]
             ↑                     
[     ]   [  0  ] ⇄ [     ]   [     ]
                       ↑         ↓ 
[ 10  ] → [     ] ← [ 16  ] → [     ]
--------------------------- cycle:17 ---------------------------
[     ]   [     ]   [  7  ] → [     ]
             ↑                     
[     ] ← [  5  ]   [  2  ]   [     ]
             ⇅         ⇅           
[     ]   [     ] ← [ 24  ]   [     ]
                                   
[     ] ← [ 18  ]   [     ] ← [ 17  ]
--------------------------- cycle:18 ---------------------------
[     ]   [ 21  ]   [     ]   [  8  ]
             ↑         ↑         ↓ 
[  6  ]   [     ] ← [  1  ]   [     ]
   ↓                               
[     ]   [     ] ⇄ [ 13  ]   [     ]
   ↑                               
[     ]   [     ] ← [ 11  ]   [     ]
--------------------------- cycle:19 ---------------------------
[     ]   [ 22  ] ← [  9  ]   [     ]
             ↓                     
[     ]   [  3  ] → [     ]   [     ]
             ↑                   ↓ 
[ 19  ] → [     ]   [ 15  ]   [     ]
   ↓                   ⇅           
[     ]   [ 12  ] → [ 20  ]   [     ]
--------------------------- cycle:20 ---------------------------
[     ]   [ 14  ]   [     ]   [     ]
             ↓         ↑           
[     ]   [ 23  ] ⇄ [  4  ]   [     ]
             ↑                     
[     ]   [  0  ] ⇄ [     ]   [     ]
                       ↑         ↓ 
[ 10  ] → [     ] ← [ 16  ] → [     ]
--------------------------- cycle:21 ---------------------------
[     ]   [     ]   [  7  ] → [     ]
             ↑                     
[     ] ← [  5  ]   [  2  ]   [     ]
             ⇅         ⇅           
[     ]   [     ] ← [ 24  ]   [     ]
                                   
[     ] ← [ 18  ]   [     ] ← [ 17  ]
--------------------------- cycle:22 ---------------------------
[     ]   [ 21  ]   [     ]   [  8  ]
             ↑         ↑         ↓ 
[  6  ]   [     ] ← [  1  ]   [     ]
   ↓                               
[     ]   [     ] ⇄ [ 13  ]   [     ]
   ↑                               
[     ]   [     ] ← [ 11  ]   [     ]
--------------------------- cycle:23 ---------------------------
[     ]   [ 22  ] ← [  9  ]   [     ]
             ↓                     
[     ]   [  3  ] → [     ]   [     ]
             ↑                   ↓ 
[ 19  ] → [     ]   [ 15  ]   [     ]
   ↓                   ⇅           
[     ]   [ 12  ] → [ 20  ]   [     ]
--------------------------- cycle:24 ---------------------------
[     ]   [ 14  ]   [     ]   [     ]
             ↓         ↑           
[     ]   [ 23  ] ⇄ [  4  ]   [     ]
             ↑                     
[     ]   [  0  ] ⇄ [     ]   [     ]
                       ↑         ↓ 
[ 10  ] → [     ] ← [ 16  ] → [     ]
--------------------------- cycle:25 ---------------------------
[     ]   [     ]   [  7  ] → [     ]
             ↑                     
[     ] ← [  5  ]   [  2  ]   [     ]
             ⇅         ⇅           
[     ]   [     ] ← [ 24  ]   [     ]
                                   
[     ] ← [ 18  ]   [     ] ← [ 17  ]
--------------------------- cycle:26 ---------------------------
[     ]   [ 21  ]   [     ]   [  8  ]
             ↑         ↑         ↓ 
[  6  ]   [     ] ← [  1  ]   [     ]
   ↓                               
[     ]   [     ] ⇄ [ 13  ]   [     ]
   ↑                               
[     ]   [     ] ← [ 11  ]   [     ]
--------------------------- cycle:27 ---------------------------
[     ]   [ 22  ] ← [  9  ]   [     ]
             ↓                     
[     ]   [  3  ] → [     ]   [     ]
             ↑                   ↓ 
[ 19  ] → [     ]   [ 15  ]   [     ]
   ↓                   ⇅           
[     ]   [ 12  ] → [ 20  ]   [     ]
--------------------------- cycle:28 ---------------------------
[     ]   [ 14  ]   [     ]   [     ]
             ↓         ↑           
[     ]   [ 23  ] ⇄ [  4  ]   [     ]
             ↑                     
[     ]   [  0  ] ⇄ [     ]   [     ]
                       ↑         ↓ 
[ 10  ] → [     ] ← [ 16  ] → [     ]
--------------------------- cycle:29 ---------------------------
[     ]   [     ]   [  7  ] → [     ]
             ↑                     
[     ] ← [  5  ]   [  2  ]   [     ]
             ⇅         ⇅           
[     ]   [     ] ← [ 24  ]   [     ]
                                   
[     ] ← [ 18  ]   [     ] ← [ 17  ]
--------------------------- cycle:30 ---------------------------
[     ]   [ 21  ]   [     ]   [  8  ]
             ↑         ↑         ↓ 
[  6  ]   [     ] ← [  1  ]   [     ]
   ↓                               
[     ]   [     ] ⇄ [ 13  ]   [     ]
   ↑                               
[     ]   [     ] ← [ 11  ]   [     ]
--------------------------- cycle:31 ---------------------------
[     ]   [ 22  ] ← [  9  ]   [     ]
             ↓                     
[     ]   [  3  ] → [     ]   [     ]
             ↑                   ↓ 
[ 19  ] → [     ]   [ 15  ]   [     ]
   ↓                   ⇅           
[     ]   [ 12  ] → [ 20  ]   [     ]
--------------------------- cycle:32 ---------------------------
[     ]   [ 14  ]   [     ]   [     ]
             ↓         ↑           
[     ]   [ 23  ] ⇄ [  4  ]   [     ]
             ↑                     
[     ]   [  0  ] ⇄ [     ]   [     ]
                       ↑         ↓ 
[ 10  ] → [     ] ← [ 16  ] → [     ]
[Mapping II: 4]
[show opcode count]
add : 6
br : 1
getelementptr : 4
load : 4
mul : 6
or : 1
phi : 3
DFG node count: 25; DFG edge count: 30; SIMD node count: 0
[Mapping Success]
==================================
[Utilization & DVFS stats]
tile avg fu utilization: 39.0625%; avg xbar utilization: 70.3125%; avg overall utilization: 70.3125%
histogram 0% tile utilization: 1
histogram (0%, 25%] tile utilization: 2
histogram (25%, 50%] tile utilization: 4
histogram (50%, 100%] tile utilization: 9
tile average DVFS frequency level: 100%
histogram 0% tile DVFS frequency ratio: 0
histogram 25% tile DVFS frequency ratio: 0
histogram 50% tile DVFS frequency ratio: 0
histogram 100% tile DVFS frequency ratio: 16
==================================
[DEBUG] inside roi for CGRA node 5...
[DEBUG] inside roi for CGRA node 9...
[DEBUG] inside roi for CGRA node 9...
[DEBUG] inside roi for CGRA node 0...
[DEBUG] inside roi for CGRA node 5...
[DEBUG] inside roi for CGRA node 9...
[DEBUG] inside roi for CGRA node 4...
[DEBUG] inside roi for CGRA node 5...
[DEBUG] inside roi for CGRA node 11...
[DEBUG] inside roi for CGRA node 2...
[DEBUG] inside roi for CGRA node 2...
[DEBUG] inside roi for CGRA node 5...
[DEBUG] inside roi for CGRA node 6...
[DEBUG] inside roi for CGRA node 7...
[DEBUG] inside roi for CGRA node 5...
[DEBUG] inside roi for CGRA node 9...
[DEBUG] inside roi for CGRA node 9...
[Output Json]
[Output Json for Incremental Mapping]
==================================
Initialize opt latency for DFG nodes: 
Deciding fusion strategy for DFG nodes: 
Initialize additional functionality on CGRA nodes: 
Finding fusion pattern for DFG: 
[function 'fmcw_cfar_2d_map' is not in our target list]
*** reach target loop ID: 0
... done detected loops.size(): 1
└── *** current basic block: ; First Inst:   %6 = sext i32 %3 to i64
│   └── *** ignored by pass because instruction "  %6 = sext i32 %3 to i64" is out of the scope (target loop).
│   └── *** ignored by pass because instruction "  %7 = sext i32 %4 to i64" is out of the scope (target loop).
│   └── *** ignored by pass because instruction "  br label %10" is out of the scope (target loop).
└── *** ignored by pass because basic block "" is out of the scope (target loop).
│
└── *** current basic block: ; First Inst:   %9 = getelementptr inbounds float, float* %2, i64 %7
│   └── *** ignored by pass because instruction "  %9 = getelementptr inbounds float, float* %2, i64 %7" is out of the scope (target loop).
│   └── *** ignored by pass because instruction "  store float %34, float* %9, align 4, !tbaa !2" is out of the scope (target loop).
│   └── *** ignored by pass because instruction "  ret void" is out of the scope (target loop).
└── *** ignored by pass because basic block "" is out of the scope (target loop).
│
└── *** current basic block: ; First Inst:   %11 = phi i1 [ true, %5 ], [ false, %10 ]
│   └── +++ "  %11 = phi i1 [ true, %5 ], [ false, %10 ]" (ID: 0)
│   └── +++ "  %12 = phi i64 [ 0, %5 ], [ 2, %10 ]" (ID: 1)
│   └── +++ "  %13 = phi float [ 0.000000e+00, %5 ], [ %34, %10 ]" (ID: 2)
│   └── +++ "  %14 = mul nsw i64 %12, %6" (ID: 3)
│   └── +++ "  %15 = add nsw i64 %14, %7" (ID: 4)
│   └── +++ "  %16 = getelementptr inbounds float, float* %0, i64 %15" (ID: 5)
│   └── +++ "  %17 = load float, float* %16, align 4, !tbaa !2" (ID: 6)
│   └── +++ "  %18 = getelementptr inbounds float, float* %1, i64 %15" (ID: 7)
│   └── +++ "  %19 = load float, float* %18, align 4, !tbaa !2" (ID: 8)
│   └── +++ "  %20 = or i64 %12, 1" (ID: 9)
│   └── +++ "  %21 = fmul float %17, %17" (ID: 10)
│   └── +++ "  %22 = fmul float %19, %19" (ID: 11)
│   └── +++ "  %23 = fadd float %21, %22" (ID: 12)
│   └── +++ "  %24 = fadd float %13, %23" (ID: 13)
│   └── +++ "  %25 = mul nsw i64 %20, %6" (ID: 14)
│   └── +++ "  %26 = add nsw i64 %25, %7" (ID: 15)
│   └── +++ "  %27 = getelementptr inbounds float, float* %0, i64 %26" (ID: 16)
│   └── +++ "  %28 = load float, float* %27, align 4, !tbaa !2" (ID: 17)
│   └── +++ "  %29 = getelementptr inbounds float, float* %1, i64 %26" (ID: 18)
│   └── +++ "  %30 = load float, float* %29, align 4, !tbaa !2" (ID: 19)
│   └── +++ "  %31 = fmul float %28, %28" (ID: 20)
│   └── +++ "  %32 = fmul float %30, %30" (ID: 21)
│   └── +++ "  %33 = fadd float %31, %32" (ID: 22)
│   └── +++ "  %34 = fadd float %24, %33" (ID: 23)
│   └── +++ "  br i1 %11, label %10, label %8, !llvm.loop !6" (ID: 24)
└── +++ basic block "" got ID: 0
│
│
└── *** curBB: ; First Inst:   %11 = phi i1 [ true, %5 ], [ false, %10 ]
│   ├── *** find terminator instruction of curBB:   br i1 %11, label %10, label %8, !llvm.loop !6
│   ├── *** into sucBB ""
│   │   ├── Type: first inst of a BB.
│   │   ├── ctrl flow point to:   %11 = phi i1 [ true, %5 ], [ false, %10 ]; In BB: 
│   │   └── +++ construct ctrl flow:   br i1 %11, label %10, label %8, !llvm.loop !6->  %11 = phi i1 [ true, %5 ], [ false, %10 ]
│   │   ├── Type: lonely inst.
│   │   ├── ctrl flow point to:   %12 = phi i64 [ 0, %5 ], [ 2, %10 ]; In BB: 
│   │   └── +++ construct ctrl flow:   br i1 %11, label %10, label %8, !llvm.loop !6->  %12 = phi i64 [ 0, %5 ], [ 2, %10 ]
│   │   ├── Type: inst without [intra-basicblock & intra-iteration data flow] nor [ctrl flow] pointed to it.
│   │   ├── ctrl flow point to:   %13 = phi float [ 0.000000e+00, %5 ], [ %34, %10 ]; In BB: 
│   │   └── +++ construct ctrl flow:   br i1 %11, label %10, label %8, !llvm.loop !6->  %13 = phi float [ 0.000000e+00, %5 ], [ %34, %10 ]
│   └── *** ignore sucBB ""
[detected one cycle] head:   %11 = phi i1 [ true, %5 ], [ false, %10 ]
cycle edge: {  %11 = phi i1 [ true, %5 ], [ false, %10 ]  } -> {  br i1 %11, label %10, label %8, !llvm.loop !6  } (0 -> 24)
cycle edge: {  br i1 %11, label %10, label %8, !llvm.loop !6  } -> {  %11 = phi i1 [ true, %5 ], [ false, %10 ]  } (24 -> 0)
[detected one cycle] head:   %13 = phi float [ 0.000000e+00, %5 ], [ %34, %10 ]
cycle edge: {  %13 = phi float [ 0.000000e+00, %5 ], [ %34, %10 ]  } -> {  %24 = fadd float %13, %23  } (2 -> 13)
cycle edge: {  %24 = fadd float %13, %23  } -> {  %34 = fadd float %24, %33  } (13 -> 23)
cycle edge: {  %34 = fadd float %24, %33  } -> {  %13 = phi float [ 0.000000e+00, %5 ], [ %34, %10 ]  } (23 -> 2)
(0)   %11 = phi i1 [ true, %5 ], [ false, %10 ], level: 0
(24)   br i1 %11, label %10, label %8, !llvm.loop !6, level: 1
(1)   %12 = phi i64 [ 0, %5 ], [ 2, %10 ], level: 2
(3)   %14 = mul nsw i64 %12, %6, level: 3
(9)   %20 = or i64 %12, 1, level: 3
(4)   %15 = add nsw i64 %14, %7, level: 4
(14)   %25 = mul nsw i64 %20, %6, level: 4
(5)   %16 = getelementptr inbounds float, float* %0, i64 %15, level: 5
(7)   %18 = getelementptr inbounds float, float* %1, i64 %15, level: 5
(15)   %26 = add nsw i64 %25, %7, level: 5
(6)   %17 = load float, float* %16, align 4, !tbaa !2, level: 6
(8)   %19 = load float, float* %18, align 4, !tbaa !2, level: 6
(16)   %27 = getelementptr inbounds float, float* %0, i64 %26, level: 6
(18)   %29 = getelementptr inbounds float, float* %1, i64 %26, level: 6
(10)   %21 = fmul float %17, %17, level: 7
(11)   %22 = fmul float %19, %19, level: 7
(17)   %28 = load float, float* %27, align 4, !tbaa !2, level: 7
(19)   %30 = load float, float* %29, align 4, !tbaa !2, level: 7
(12)   %23 = fadd float %21, %22, level: 8
(20)   %31 = fmul float %28, %28, level: 8
(21)   %32 = fmul float %30, %30, level: 8
(22)   %33 = fadd float %31, %32, level: 9
(23)   %34 = fadd float %24, %33, level: 10
(2)   %13 = phi float [ 0.000000e+00, %5 ], [ %34, %10 ], level: 11
(13)   %24 = fadd float %13, %23, level: 12
[detected one cycle] head:   %11 = phi i1 [ true, %5 ], [ false, %10 ]
cycle edge: {  %11 = phi i1 [ true, %5 ], [ false, %10 ]  } -> {  br i1 %11, label %10, label %8, !llvm.loop !6  } (0 -> 24)
cycle edge: {  br i1 %11, label %10, label %8, !llvm.loop !6  } -> {  %11 = phi i1 [ true, %5 ], [ false, %10 ]  } (24 -> 0)
[detected one cycle] head:   %34 = fadd float %24, %33
cycle edge: {  %34 = fadd float %24, %33  } -> {  %13 = phi float [ 0.000000e+00, %5 ], [ %34, %10 ]  } (23 -> 2)
cycle edge: {  %13 = phi float [ 0.000000e+00, %5 ], [ %34, %10 ]  } -> {  %24 = fadd float %13, %23  } (2 -> 13)
cycle edge: {  %24 = fadd float %13, %23  } -> {  %34 = fadd float %24, %33  } (13 -> 23)
