Initialize opt latency for DFG nodes: 
Deciding fusion strategy for DFG nodes: 
Initialize additional functionality on CGRA nodes: 
Finding fusion pattern for DFG: 
[function 'fmcw_window' is not in our target list]
Initialize opt latency for DFG nodes: 
Deciding fusion strategy for DFG nodes: 
Initialize additional functionality on CGRA nodes: 
Finding fusion pattern for DFG: 
[function 'fmcw_fft_stage' is not in our target list]
Initialize opt latency for DFG nodes: 
Deciding fusion strategy for DFG nodes: 
Initialize additional functionality on CGRA nodes: 
Finding fusion pattern for DFG: 
[function 'fmcw_fft' is not in our target list]
Initialize opt latency for DFG nodes: 
Deciding fusion strategy for DFG nodes: 
Initialize additional functionality on CGRA nodes: 
Finding fusion pattern for DFG: 
[function 'fmcw_transpose' is not in our target list]
Initialize opt latency for DFG nodes: 
Deciding fusion strategy for DFG nodes: 
Initialize additional functionality on CGRA nodes: 
Finding fusion pattern for DFG: 
[function 'fmcw_accumulate_power' is not in our target list]
Initialize opt latency for DFG nodes: 
Deciding fusion strategy for DFG nodes: 
Initialize additional functionality on CGRA nodes: 
Finding fusion pattern for DFG: 
==================================
[function 'fmcw_cfar_2d' is one of our targets]
*** current function: fmcw_cfar_2d
==================================
==================================
==================================
==================================
==================================
==================================
[reorder DFG along with the longest path]
==================================
==================================
==================================
==================================
==================================
==================================
==================================
==================================
disabling multiple ops
disabling multiple ops
disabling multiple ops
disabling multiple ops
Without customization in param.json, we enable store functionality on the left most column.
Without customization in param.json, we enable load functionality on the left most column.
No vectorization is enabled on the CGRA nodes.
==================================
[show opcode count]
add : 5
br : 3
cmp : 3
getelementptr : 1
load : 1
or : 1
phi : 6
DFG node count: 20; DFG edge count: 38; SIMD node count: 0
==================================
[generate dot for DFG]
==================================
[generate JSON for DFG]
==================================
[ResMII: 5]
==================================
[RecMII: 8]
==================================
[heuristic]
----------------------------------------
[DEBUG] start heuristic algorithm with II=8
[DEBUG] schedule dfg node[3] onto fu[1] at cycle 0 within II: 8
[DEBUG] setDFGNode 3 onto CGRANode 1 at cycle: 0
[DEBUG] success in schedule()
[DEBUG] schedule dfg node[17] onto fu[3] at cycle 1 within II: 8
[DEBUG] setDFGNode 17 onto CGRANode 3 at cycle: 1
[DEBUG] in allocateReg() t_cycle: 0; i: 0 CGRA node: 3; link: 1 duration 1
[DEBUG] done reg allocation
[DEBUG] occupy link[1]-->[3] (bypass:0) dfgNode: 3 at cycle 0
[DEBUG] skip predecessor routing -- dfgNode: 3
[DEBUG] in shareSameCycle is true: node 17
[DEBUG] tryToRoute -- srcDFGNode: 17, srcCGRANode: 3; dstDFGNode: 3, dstCGRANode: 1; backEdge: 1
[DEBUG] in shareSameCycle is true: node 3
[DEBUG] check route size: 2
[DEBUG] reset duration: 7 t_dstCycle: 0 previous: 1 II: 8
[DEBUG] in allocateReg() t_cycle: 1; i: 0 CGRA node: 1; link: 0 duration 7
[DEBUG] done reg allocation
[DEBUG] occupy link[3]-->[1] (bypass:0) dfgNode: 17 at cycle 1
[DEBUG] success in schedule()
[DEBUG] schedule dfg node[18] onto fu[1] at cycle 2 within II: 8
[DEBUG] setDFGNode 18 onto CGRANode 1 at cycle: 2
[DEBUG] in allocateReg() t_cycle: 1; i: 1 CGRA node: 1; link: 0 duration 1
[DEBUG] done reg allocation
[DEBUG] occupy link[3]-->[1] (bypass:0) dfgNode: 17 at cycle 1
[DEBUG] skip predecessor routing -- dfgNode: 17
[DEBUG] success in schedule()
[DEBUG] schedule dfg node[19] onto fu[3] at cycle 3 within II: 8
[DEBUG] setDFGNode 19 onto CGRANode 3 at cycle: 3
[DEBUG] in allocateReg() t_cycle: 2; i: 0 CGRA node: 3; link: 1 duration 1
[DEBUG] done reg allocation
[DEBUG] occupy link[1]-->[3] (bypass:0) dfgNode: 18 at cycle 2
[DEBUG] skip predecessor routing -- dfgNode: 18
[DEBUG] in shareSameCycle is true: node 19
[DEBUG] tryToRoute -- srcDFGNode: 19, srcCGRANode: 3; dstDFGNode: 3, dstCGRANode: 1; backEdge: 1
[DEBUG] in shareSameCycle is true: node 3
[DEBUG] check route size: 2
[DEBUG] reset duration: 5 t_dstCycle: 0 previous: 3 II: 8
[DEBUG] in allocateReg() t_cycle: 3; i: 1 CGRA node: 1; link: 0 duration 5
[DEBUG] done reg allocation
[DEBUG] occupy link[3]-->[1] (bypass:0) dfgNode: 19 at cycle 3
[DEBUG] success in schedule()
[DEBUG] schedule dfg node[0] onto fu[1] at cycle 4 within II: 8
[DEBUG] setDFGNode 0 onto CGRANode 1 at cycle: 4
[DEBUG] in allocateReg() t_cycle: 3; i: 2 CGRA node: 1; link: 0 duration 1
[DEBUG] done reg allocation
[DEBUG] occupy link[3]-->[1] (bypass:0) dfgNode: 19 at cycle 3
[DEBUG] skip predecessor routing -- dfgNode: 19
[DEBUG] success in schedule()
[DEBUG] schedule dfg node[1] onto fu[2] at cycle 4 within II: 8
[DEBUG] setDFGNode 1 onto CGRANode 2 at cycle: 4
[DEBUG] in allocateReg() t_cycle: 3; i: 0 CGRA node: 2; link: 3 duration 1
[DEBUG] done reg allocation
[DEBUG] occupy link[3]-->[2] (bypass:0) dfgNode: 19 at cycle 3
[DEBUG] skip predecessor routing -- dfgNode: 19
[DEBUG] success in schedule()
[DEBUG] schedule dfg node[4] onto fu[0] at cycle 5 within II: 8
[DEBUG] setDFGNode 4 onto CGRANode 0 at cycle: 5
[DEBUG] in allocateReg() t_cycle: 4; i: 0 CGRA node: 0; link: 3 duration 1
[DEBUG] done reg allocation
[DEBUG] occupy link[1]-->[0] (bypass:0) dfgNode: 0 at cycle 4
[DEBUG] skip predecessor routing -- dfgNode: 0
[DEBUG] success in schedule()
[DEBUG] schedule dfg node[5] onto fu[3] at cycle 5 within II: 8
[DEBUG] setDFGNode 5 onto CGRANode 3 at cycle: 5
[DEBUG] in allocateReg() t_cycle: 4; i: 0 CGRA node: 3; link: 1 duration 1
[DEBUG] done reg allocation
[DEBUG] occupy link[1]-->[3] (bypass:0) dfgNode: 0 at cycle 4
[DEBUG] skip predecessor routing -- dfgNode: 0
[DEBUG] success in schedule()
[DEBUG] schedule dfg node[6] onto fu[1] at cycle 6 within II: 8
[DEBUG] setDFGNode 6 onto CGRANode 1 at cycle: 6
[DEBUG] in allocateReg() t_cycle: 5; i: 2 CGRA node: 1; link: 0 duration 1
[DEBUG] done reg allocation
[DEBUG] occupy link[3]-->[1] (bypass:0) dfgNode: 5 at cycle 5
[DEBUG] skip predecessor routing -- dfgNode: 5
[DEBUG] tryToRoute -- srcDFGNode: 4, srcCGRANode: 0; dstDFGNode: 6, dstCGRANode: 1; backEdge: 0
[DEBUG] in shareSameCycle is true: node 6
[DEBUG] check route size: 2
[DEBUG] reset duration: 1 t_dstCycle: 6 previous: 5 II: 8
[DEBUG] in allocateReg() t_cycle: 5; i: 3 CGRA node: 1; link: 2 duration 1
[DEBUG] done reg allocation
[DEBUG] occupy link[0]-->[1] (bypass:0) dfgNode: 4 at cycle 5
[DEBUG] success in schedule()
[DEBUG] schedule dfg node[7] onto fu[3] at cycle 7 within II: 8
[DEBUG] setDFGNode 7 onto CGRANode 3 at cycle: 7
[DEBUG] in allocateReg() t_cycle: 6; i: 0 CGRA node: 3; link: 1 duration 1
[DEBUG] done reg allocation
[DEBUG] occupy link[1]-->[3] (bypass:0) dfgNode: 6 at cycle 6
[DEBUG] skip predecessor routing -- dfgNode: 6
[DEBUG] in shareSameCycle is true: node 7
[DEBUG] tryToRoute -- srcDFGNode: 7, srcCGRANode: 3; dstDFGNode: 17, dstCGRANode: 3; backEdge: 1
[DEBUG] in shareSameCycle is true: node 17
[DEBUG] check route size: 1
[DEBUG] allocate for local reg maintain... duration=2 last cycle: 7
[DEBUG] in allocateReg() t_cycle: 7; i: 1 CGRA node: 3; link: 4 duration 2
[DEBUG] done reg allocation
[DEBUG] success in schedule()
[DEBUG] schedule dfg node[8] onto fu[2] at cycle 8 within II: 8
[DEBUG] setDFGNode 8 onto CGRANode 2 at cycle: 8
[DEBUG] in allocateReg() t_cycle: 7; i: 0 CGRA node: 2; link: 3 duration 1
[DEBUG] done reg allocation
[DEBUG] occupy link[3]-->[2] (bypass:0) dfgNode: 7 at cycle 7
[DEBUG] tryToRoute -- srcDFGNode: 0, srcCGRANode: 1; dstDFGNode: 8, dstCGRANode: 2; backEdge: 0
[DEBUG] check route size: 3
[DEBUG] occupy link[1]-->[0] (bypass:1) dfgNode: 0 at cycle 4
[DEBUG] reset duration: 3 t_dstCycle: 8 previous: 5 II: 8
[DEBUG] in allocateReg() t_cycle: 5; i: 1 CGRA node: 2; link: 1 duration 3
[DEBUG] done reg allocation
[DEBUG] occupy link[0]-->[2] (bypass:0) dfgNode: 0 at cycle 5
[DEBUG] skip predecessor routing -- dfgNode: 7
[DEBUG] success in schedule()
[DEBUG] schedule dfg node[12] onto fu[0] at cycle 9 within II: 8
[DEBUG] setDFGNode 12 onto CGRANode 0 at cycle: 9
[DEBUG] occupy link[3]-->[1] (bypass:1) dfgNode: 7 at cycle 7
[DEBUG] in allocateReg() t_cycle: 8; i: 0 CGRA node: 0; link: 3 duration 1
[DEBUG] done reg allocation
[DEBUG] occupy link[1]-->[0] (bypass:0) dfgNode: 7 at cycle 8
[DEBUG] tryToRoute -- srcDFGNode: 1, srcCGRANode: 2; dstDFGNode: 12, dstCGRANode: 0; backEdge: 0
[DEBUG] in shareSameCycle is true: node 12
[DEBUG] check route size: 2
[DEBUG] reset duration: 5 t_dstCycle: 9 previous: 4 II: 8
[DEBUG] in allocateReg() t_cycle: 4; i: 1 CGRA node: 0; link: 0 duration 5
[DEBUG] done reg allocation
[DEBUG] occupy link[2]-->[0] (bypass:0) dfgNode: 1 at cycle 4
[DEBUG] skip predecessor routing -- dfgNode: 7
[DEBUG] success in schedule()
[DEBUG] schedule dfg node[13] onto fu[3] at cycle 8 within II: 8
[DEBUG] setDFGNode 13 onto CGRANode 3 at cycle: 8
[DEBUG] tryToRoute -- srcDFGNode: 7, srcCGRANode: 3; dstDFGNode: 13, dstCGRANode: 3; backEdge: 0
[DEBUG] in shareSameCycle is true: node 13
[DEBUG] check route size: 1
[DEBUG] allocate for local reg maintain... duration=1 last cycle: 7
[DEBUG] in allocateReg() t_cycle: 7; i: 0 CGRA node: 3; link: 4 duration 1
[DEBUG] done reg allocation
[DEBUG] in shareSameCycle is true: node 13
[DEBUG] tryToRoute -- srcDFGNode: 13, srcCGRANode: 3; dstDFGNode: 17, dstCGRANode: 3; backEdge: 1
[DEBUG] in shareSameCycle is true: node 17
[DEBUG] check route size: 1
[DEBUG] allocate for local reg maintain... duration=1 last cycle: 8
[DEBUG] in allocateReg() t_cycle: 8; i: 2 CGRA node: 3; link: 4 duration 1
[DEBUG] done reg allocation
[DEBUG] success in schedule()
[DEBUG] schedule dfg node[9] onto fu[0] at cycle 10 within II: 8
[DEBUG] setDFGNode 9 onto CGRANode 0 at cycle: 10
[DEBUG] in allocateReg() t_cycle: 8; i: 2 CGRA node: 0; link: 0 duration 2
[DEBUG] done reg allocation
[DEBUG] occupy link[2]-->[0] (bypass:0) dfgNode: 8 at cycle 8
[DEBUG] skip predecessor routing -- dfgNode: 8
[DEBUG] success in schedule()
[DEBUG] schedule dfg node[15] onto fu[2] at cycle 10 within II: 8
[DEBUG] setDFGNode 15 onto CGRANode 2 at cycle: 10
[DEBUG] in allocateReg() t_cycle: 9; i: 0 CGRA node: 2; link: 1 duration 1
[DEBUG] done reg allocation
[DEBUG] occupy link[0]-->[2] (bypass:0) dfgNode: 12 at cycle 9
[DEBUG] skip predecessor routing -- dfgNode: 12
[DEBUG] tryToRoute -- srcDFGNode: 1, srcCGRANode: 2; dstDFGNode: 15, dstCGRANode: 2; backEdge: 0
[DEBUG] in shareSameCycle is true: node 15
[DEBUG] check route size: 1
[DEBUG] allocate for local reg maintain... duration=6 last cycle: 4
[DEBUG] in allocateReg() t_cycle: 4; i: 2 CGRA node: 2; link: 4 duration 6
[DEBUG] done reg allocation
[DEBUG] tryToRoute -- srcDFGNode: 7, srcCGRANode: 3; dstDFGNode: 15, dstCGRANode: 2; backEdge: 0
[DEBUG] in shareSameCycle is true: node 15
[DEBUG] check route size: 2
[DEBUG] reset duration: 3 t_dstCycle: 10 previous: 7 II: 8
[DEBUG] in allocateReg() t_cycle: 7; i: 3 CGRA node: 2; link: 3 duration 3
[DEBUG] done reg allocation
[DEBUG] occupy link[3]-->[2] (bypass:0) dfgNode: 7 at cycle 7
[DEBUG] tryToRoute -- srcDFGNode: 13, srcCGRANode: 3; dstDFGNode: 15, dstCGRANode: 2; backEdge: 0
[DEBUG] in shareSameCycle is true: node 15
[DEBUG] check route size: 2
[DEBUG] reset duration: 2 t_dstCycle: 10 previous: 8 II: 8
[DEBUG] in allocateReg() t_cycle: 8; i: 1 CGRA node: 2; link: 3 duration 2
[DEBUG] done reg allocation
[DEBUG] occupy link[3]-->[2] (bypass:0) dfgNode: 13 at cycle 8
[DEBUG] in shareSameCycle is true: node 15
[DEBUG] tryToRoute -- srcDFGNode: 15, srcCGRANode: 2; dstDFGNode: 1, dstCGRANode: 2; backEdge: 1
[DEBUG] in shareSameCycle is true: node 1
[DEBUG] check route size: 1
[DEBUG] allocate for local reg maintain... duration=2 last cycle: 10
[DEBUG] in allocateReg() t_cycle: 10; i: 1 CGRA node: 2; link: 4 duration 2
[DEBUG] done reg allocation
[DEBUG] success in schedule()
[DEBUG] schedule dfg node[16] onto fu[1] at cycle 9 within II: 8
[DEBUG] setDFGNode 16 onto CGRANode 1 at cycle: 9
[DEBUG] in allocateReg() t_cycle: 7; i: 2 CGRA node: 1; link: 0 duration 2
[DEBUG] done reg allocation
[DEBUG] occupy link[3]-->[1] (bypass:0) dfgNode: 7 at cycle 7
[DEBUG] tryToRoute -- srcDFGNode: 0, srcCGRANode: 1; dstDFGNode: 16, dstCGRANode: 1; backEdge: 0
[DEBUG] in shareSameCycle is true: node 16
[DEBUG] check route size: 1
[DEBUG] allocate for local reg maintain... duration=5 last cycle: 4
[DEBUG] in allocateReg() t_cycle: 4; i: 4 CGRA node: 1; link: 4 duration 5
[DEBUG] done reg allocation
[DEBUG] skip predecessor routing -- dfgNode: 7
[DEBUG] tryToRoute -- srcDFGNode: 13, srcCGRANode: 3; dstDFGNode: 16, dstCGRANode: 1; backEdge: 0
[DEBUG] in shareSameCycle is true: node 16
[DEBUG] check route size: 2
[DEBUG] reset duration: 1 t_dstCycle: 9 previous: 8 II: 8
[DEBUG] in allocateReg() t_cycle: 8; i: 0 CGRA node: 1; link: 0 duration 1
[DEBUG] done reg allocation
[DEBUG] occupy link[3]-->[1] (bypass:0) dfgNode: 13 at cycle 8
[DEBUG] in shareSameCycle is true: node 16
[DEBUG] tryToRoute -- srcDFGNode: 16, srcCGRANode: 1; dstDFGNode: 0, dstCGRANode: 1; backEdge: 1
[DEBUG] in shareSameCycle is true: node 0
[DEBUG] check route size: 1
[DEBUG] allocate for local reg maintain... duration=3 last cycle: 9
[DEBUG] in allocateReg() t_cycle: 9; i: 3 CGRA node: 1; link: 4 duration 3
[DEBUG] done reg allocation
[DEBUG] success in schedule()
[DEBUG] no available path for DFG node 10 on CGRA node 1 within II 8; path size: 1.
[DEBUG] no available path for DFG node 10 on CGRA node 3 within II 8; path size: 2.
[DEBUG] schedule dfg node[10] onto fu[2] at cycle 11 within II: 8
[DEBUG] setDFGNode 10 onto CGRANode 2 at cycle: 11
[DEBUG] in allocateReg() t_cycle: 10; i: 0 CGRA node: 2; link: 1 duration 1
[DEBUG] done reg allocation
[DEBUG] occupy link[0]-->[2] (bypass:0) dfgNode: 9 at cycle 10
[DEBUG] skip predecessor routing -- dfgNode: 9
[DEBUG] success in schedule()
[DEBUG] schedule dfg node[11] onto fu[3] at cycle 12 within II: 8
[DEBUG] setDFGNode 11 onto CGRANode 3 at cycle: 12
[DEBUG] in allocateReg() t_cycle: 11; i: 0 CGRA node: 3; link: 2 duration 1
[DEBUG] done reg allocation
[DEBUG] occupy link[2]-->[3] (bypass:0) dfgNode: 10 at cycle 11
[DEBUG] skip predecessor routing -- dfgNode: 10
[DEBUG] success in schedule()
[DEBUG] schedule dfg node[14] onto fu[1] at cycle 13 within II: 8
[DEBUG] setDFGNode 14 onto CGRANode 1 at cycle: 13
[DEBUG] in allocateReg() t_cycle: 12; i: 2 CGRA node: 1; link: 0 duration 1
[DEBUG] done reg allocation
[DEBUG] occupy link[3]-->[1] (bypass:0) dfgNode: 11 at cycle 12
[DEBUG] skip predecessor routing -- dfgNode: 11
[DEBUG] tryToRoute -- srcDFGNode: 7, srcCGRANode: 3; dstDFGNode: 14, dstCGRANode: 1; backEdge: 0
[DEBUG] in shareSameCycle is true: node 14
[DEBUG] check route size: 2
[DEBUG] reset duration: 6 t_dstCycle: 13 previous: 7 II: 8
[DEBUG] in allocateReg() t_cycle: 7; i: 5 CGRA node: 1; link: 0 duration 6
[DEBUG] done reg allocation
[DEBUG] occupy link[3]-->[1] (bypass:0) dfgNode: 7 at cycle 7
[DEBUG] tryToRoute -- srcDFGNode: 13, srcCGRANode: 3; dstDFGNode: 14, dstCGRANode: 1; backEdge: 0
[DEBUG] check route size: 2
[DEBUG] reset duration: 5 t_dstCycle: 13 previous: 8 II: 8
[DEBUG] in allocateReg() t_cycle: 8; i: 6 CGRA node: 1; link: 0 duration 5
[DEBUG] done reg allocation
[DEBUG] occupy link[3]-->[1] (bypass:0) dfgNode: 13 at cycle 8
[DEBUG] success in schedule()
[DEBUG] schedule dfg node[2] onto fu[3] at cycle 14 within II: 8
[DEBUG] setDFGNode 2 onto CGRANode 3 at cycle: 14
[DEBUG] in allocateReg() t_cycle: 13; i: 0 CGRA node: 3; link: 1 duration 1
[DEBUG] done reg allocation
[DEBUG] occupy link[1]-->[3] (bypass:0) dfgNode: 14 at cycle 13
[DEBUG] skip predecessor routing -- dfgNode: 14
[DEBUG] tryToRoute -- srcDFGNode: 19, srcCGRANode: 3; dstDFGNode: 2, dstCGRANode: 3; backEdge: 0
[DEBUG] in shareSameCycle is true: node 2
[DEBUG] check route size: 1
[DEBUG] allocate for local reg maintain... duration=3 last cycle: 3
[DEBUG] in allocateReg() t_cycle: 3; i: 1 CGRA node: 3; link: 4 duration 3
[DEBUG] done reg allocation
[DEBUG] in shareSameCycle is true: node 2
[DEBUG] tryToRoute -- srcDFGNode: 2, srcCGRANode: 3; dstDFGNode: 11, dstCGRANode: 3; backEdge: 1
[DEBUG] in shareSameCycle is true: node 11
[DEBUG] check route size: 1
[DEBUG] allocate for local reg maintain... duration=6 last cycle: 14
[DEBUG] in allocateReg() t_cycle: 14; i: 3 CGRA node: 3; link: 4 duration 6
[DEBUG] done reg allocation
[DEBUG] in shareSameCycle is true: node 2
[DEBUG] tryToRoute -- srcDFGNode: 2, srcCGRANode: 3; dstDFGNode: 14, dstCGRANode: 1; backEdge: 1
[DEBUG] in shareSameCycle is true: node 14
[DEBUG] check route size: 2
[DEBUG] reset duration: 7 t_dstCycle: 13 previous: 14 II: 8
[DEBUG] in allocateReg() t_cycle: 14; i: 7 CGRA node: 1; link: 0 duration 7
[DEBUG] done reg allocation
[DEBUG] occupy link[3]-->[1] (bypass:0) dfgNode: 2 at cycle 14
[DEBUG] success in schedule()
Mapping algorithm elapsed time=6ms
--------------------------- cycle:0 ---------------------------
[     ] ← [     ]
   ↓         ⇅ 
[     ] ← [  3  ]
--------------------------- cycle:1 ---------------------------
[     ]   [ 17  ]
   ↑         ↓ 
[     ]   [     ]
--------------------------- cycle:2 ---------------------------
[     ]   [     ]
   ↑         ↑ 
[     ]   [ 18  ]
--------------------------- cycle:3 ---------------------------
[     ] ⇄ [ 19  ]
             ↓ 
[     ]   [     ]
--------------------------- cycle:4 ---------------------------
[  1  ]   [     ]
   ↓         ⇅ 
[     ] ← [  0  ]
--------------------------- cycle:5 ---------------------------
[     ]   [  5  ]
   ↑         ⇅ 
[  4  ] → [     ]
--------------------------- cycle:6 ---------------------------
[     ]   [     ]
             ⇅ 
[     ]   [  6  ]
--------------------------- cycle:7 ---------------------------
[     ] ← [  7  ]
             ↓ 
[     ]   [     ]
--------------------------- cycle:8 ---------------------------
[  8  ] ← [ 13  ]
   ↓         ⇅ 
[     ] ← [  3  ]
--------------------------- cycle:9 ---------------------------
[     ]   [ 17  ]
   ↑         ↓ 
[ 12  ]   [ 16  ]
--------------------------- cycle:10 ---------------------------
[ 15  ]   [     ]
   ↑         ↑ 
[  9  ]   [ 18  ]
--------------------------- cycle:11 ---------------------------
[ 10  ] ⇄ [ 19  ]
             ↓ 
[     ]   [     ]
--------------------------- cycle:12 ---------------------------
[  1  ]   [ 11  ]
   ↓         ⇅ 
[     ] ← [  0  ]
--------------------------- cycle:13 ---------------------------
[     ]   [  5  ]
   ↑         ⇅ 
[  4  ] → [ 14  ]
--------------------------- cycle:14 ---------------------------
[     ]   [  2  ]
             ⇅ 
[     ]   [  6  ]
--------------------------- cycle:15 ---------------------------
[     ] ← [  7  ]
             ↓ 
[     ]   [     ]
--------------------------- cycle:16 ---------------------------
[  8  ] ← [ 13  ]
   ↓         ⇅ 
[     ] ← [  3  ]
--------------------------- cycle:17 ---------------------------
[     ]   [ 17  ]
   ↑         ↓ 
[ 12  ]   [ 16  ]
--------------------------- cycle:18 ---------------------------
[ 15  ]   [     ]
   ↑         ↑ 
[  9  ]   [ 18  ]
--------------------------- cycle:19 ---------------------------
[ 10  ] ⇄ [ 19  ]
             ↓ 
[     ]   [     ]
--------------------------- cycle:20 ---------------------------
[  1  ]   [ 11  ]
   ↓         ⇅ 
[     ] ← [  0  ]
--------------------------- cycle:21 ---------------------------
[     ]   [  5  ]
   ↑         ⇅ 
[  4  ] → [ 14  ]
--------------------------- cycle:22 ---------------------------
[     ]   [  2  ]
             ⇅ 
[     ]   [  6  ]
--------------------------- cycle:23 ---------------------------
[     ] ← [  7  ]
             ↓ 
[     ]   [     ]
--------------------------- cycle:24 ---------------------------
[  8  ] ← [ 13  ]
   ↓         ⇅ 
[     ] ← [  3  ]
--------------------------- cycle:25 ---------------------------
[     ]   [ 17  ]
   ↑         ↓ 
[ 12  ]   [ 16  ]
--------------------------- cycle:26 ---------------------------
[ 15  ]   [     ]
   ↑         ↑ 
[  9  ]   [ 18  ]
--------------------------- cycle:27 ---------------------------
[ 10  ] ⇄ [ 19  ]
             ↓ 
[     ]   [     ]
--------------------------- cycle:28 ---------------------------
[  1  ]   [ 11  ]
   ↓         ⇅ 
[     ] ← [  0  ]
--------------------------- cycle:29 ---------------------------
[     ]   [  5  ]
   ↑         ⇅ 
[  4  ] → [ 14  ]
--------------------------- cycle:30 ---------------------------
[     ]   [  2  ]
             ⇅ 
[     ]   [  6  ]
--------------------------- cycle:31 ---------------------------
[     ] ← [  7  ]
             ↓ 
[     ]   [     ]
--------------------------- cycle:32 ---------------------------
[  8  ] ← [ 13  ]
   ↓         ⇅ 
[     ] ← [  3  ]
[Mapping II: 8]
[show opcode count]
add : 5
br : 3
cmp : 3
getelementptr : 1
load : 1
or : 1
phi : 6
DFG node count: 20; DFG edge count: 38; SIMD node count: 0
[Mapping Success]
==================================
[Utilization & DVFS stats]
tile avg fu utilization: 62.5%; avg xbar utilization: 87.5%; avg overall utilization: 87.5%
histogram 0% tile utilization: 0
histogram (0%, 25%] tile utilization: 0
histogram (25%, 50%] tile utilization: 0
histogram (50%, 100%] tile utilization: 4
tile average DVFS frequency level: 100%
histogram 0% tile DVFS frequency ratio: 0
histogram 25% tile DVFS frequency ratio: 0
histogram 50% tile DVFS frequency ratio: 0
histogram 100% tile DVFS frequency ratio: 4
==================================
[DEBUG] inside roi for CGRA node 0...
[DEBUG] inside roi for CGRA node 1...
[Output Json]
[Output Json for Incremental Mapping]
==================================
Initialize opt latency for DFG nodes: 
Deciding fusion strategy for DFG nodes: 
Initialize additional functionality on CGRA nodes: 
Finding fusion pattern for DFG: 
[function 'fmcw_pipeline' is not in our target list]
[explore] nested loop ... subloop size: 1
[explore] nested loop ... subloop size: 1
[explore] nested loop ... subloop size: 4
*** reach target loop ID: 0
... done detected loops.size(): 1
└── *** current basic block: ; First Inst:   %8 = add i32 %5, %4
│   └── *** ignored by pass because instruction "  %8 = add i32 %5, %4" is out of the scope (target loop).
│   └── *** ignored by pass because instruction "  %9 = icmp sgt i32 %2, 0" is out of the scope (target loop).
│   └── *** ignored by pass because instruction "  br i1 %9, label %10, label %44" is out of the scope (target loop).
└── *** ignored by pass because basic block "" is out of the scope (target loop).
│
└── *** current basic block: ; First Inst:   %11 = icmp sgt i32 %3, 0
│   └── *** ignored by pass because instruction "  %11 = icmp sgt i32 %3, 0" is out of the scope (target loop).
│   └── *** ignored by pass because instruction "  %12 = sub nsw i32 %2, %8" is out of the scope (target loop).
│   └── *** ignored by pass because instruction "  %13 = sub nsw i32 %3, %8" is out of the scope (target loop).
│   └── *** ignored by pass because instruction "  %14 = icmp slt i32 %8, 0" is out of the scope (target loop).
│   └── *** ignored by pass because instruction "  %15 = sub nsw i32 0, %5" is out of the scope (target loop).
│   └── *** ignored by pass because instruction "  %16 = sub i32 0, %8" is out of the scope (target loop).
│   └── *** ignored by pass because instruction "  %17 = sext i32 %16 to i64" is out of the scope (target loop).
│   └── *** ignored by pass because instruction "  %18 = sext i32 %5 to i64" is out of the scope (target loop).
│   └── *** ignored by pass because instruction "  %19 = sext i32 %15 to i64" is out of the scope (target loop).
│   └── *** ignored by pass because instruction "  %20 = icmp slt i32 %8, %16" is out of the scope (target loop).
│   └── *** ignored by pass because instruction "  %21 = select i1 %20, i32 %16, i32 %8" is out of the scope (target loop).
│   └── *** ignored by pass because instruction "  %22 = add i32 %21, 1" is out of the scope (target loop).
│   └── *** ignored by pass because instruction "  %23 = add i32 %8, %21" is out of the scope (target loop).
│   └── *** ignored by pass because instruction "  %24 = add i32 %23, 1" is out of the scope (target loop).
│   └── *** ignored by pass because instruction "  %25 = sext i32 %3 to i64" is out of the scope (target loop).
│   └── *** ignored by pass because instruction "  %26 = sext i32 %13 to i64" is out of the scope (target loop).
│   └── *** ignored by pass because instruction "  %27 = sext i32 %8 to i64" is out of the scope (target loop).
│   └── *** ignored by pass because instruction "  %28 = sext i32 %12 to i64" is out of the scope (target loop).
│   └── *** ignored by pass because instruction "  %29 = zext i32 %2 to i64" is out of the scope (target loop).
│   └── *** ignored by pass because instruction "  %30 = zext i32 %3 to i64" is out of the scope (target loop).
│   └── *** ignored by pass because instruction "  %31 = and i32 %24, 3" is out of the scope (target loop).
│   └── *** ignored by pass because instruction "  %32 = icmp eq i32 %31, 0" is out of the scope (target loop).
│   └── *** ignored by pass because instruction "  %33 = icmp ult i32 %23, 3" is out of the scope (target loop).
│   └── *** ignored by pass because instruction "  %34 = and i32 %24, 3" is out of the scope (target loop).
│   └── *** ignored by pass because instruction "  %35 = icmp eq i32 %34, 0" is out of the scope (target loop).
│   └── *** ignored by pass because instruction "  %36 = icmp ult i32 %23, 3" is out of the scope (target loop).
│   └── *** ignored by pass because instruction "  br label %37" is out of the scope (target loop).
└── *** ignored by pass because basic block "" is out of the scope (target loop).
│
└── *** current basic block: ; First Inst:   %38 = phi i64 [ 0, %10 ], [ %46, %45 ]
│   └── *** ignored by pass because instruction "  %38 = phi i64 [ 0, %10 ], [ %46, %45 ]" is out of the scope (target loop).
│   └── *** ignored by pass because instruction "  br i1 %11, label %39, label %45" is out of the scope (target loop).
└── *** ignored by pass because basic block "" is out of the scope (target loop).
│
└── *** current basic block: ; First Inst:   %40 = icmp slt i64 %38, %27
│   └── *** ignored by pass because instruction "  %40 = icmp slt i64 %38, %27" is out of the scope (target loop).
│   └── *** ignored by pass because instruction "  %41 = icmp sge i64 %38, %28" is out of the scope (target loop).
│   └── *** ignored by pass because instruction "  %42 = or i1 %40, %41" is out of the scope (target loop).
│   └── *** ignored by pass because instruction "  %43 = mul nsw i64 %38, %25" is out of the scope (target loop).
│   └── *** ignored by pass because instruction "  br label %48" is out of the scope (target loop).
└── *** ignored by pass because basic block "" is out of the scope (target loop).
│
└── *** current basic block: ; First Inst:   ret void
│   └── *** ignored by pass because instruction "  ret void" is out of the scope (target loop).
└── *** ignored by pass because basic block "" is out of the scope (target loop).
│
└── *** current basic block: ; First Inst:   %46 = add nuw nsw i64 %38, 1
│   └── *** ignored by pass because instruction "  %46 = add nuw nsw i64 %38, 1" is out of the scope (target loop).
│   └── *** ignored by pass because instruction "  %47 = icmp eq i64 %46, %29" is out of the scope (target loop).
│   └── *** ignored by pass because instruction "  br i1 %47, label %44, label %37, !llvm.loop !2" is out of the scope (target loop).
└── *** ignored by pass because basic block "" is out of the scope (target loop).
│
└── *** current basic block: ; First Inst:   %49 = phi i64 [ 0, %39 ], [ %179, %175 ]
│   └── *** ignored by pass because instruction "  %49 = phi i64 [ 0, %39 ], [ %179, %175 ]" is out of the scope (target loop).
│   └── *** ignored by pass because instruction "  %50 = icmp slt i64 %49, %27" is out of the scope (target loop).
│   └── *** ignored by pass because instruction "  %51 = or i1 %42, %50" is out of the scope (target loop).
│   └── *** ignored by pass because instruction "  %52 = icmp sge i64 %49, %26" is out of the scope (target loop).
│   └── *** ignored by pass because instruction "  %53 = or i1 %52, %51" is out of the scope (target loop).
│   └── *** ignored by pass because instruction "  br i1 %53, label %54, label %56" is out of the scope (target loop).
└── *** ignored by pass because basic block "" is out of the scope (target loop).
│
└── *** current basic block: ; First Inst:   %55 = add nsw i64 %49, %43
│   └── *** ignored by pass because instruction "  %55 = add nsw i64 %49, %43" is out of the scope (target loop).
│   └── *** ignored by pass because instruction "  br label %175" is out of the scope (target loop).
└── *** ignored by pass because basic block "" is out of the scope (target loop).
│
└── *** current basic block: ; First Inst:   br i1 %14, label %135, label %57
│   └── *** ignored by pass because instruction "  br i1 %14, label %135, label %57" is out of the scope (target loop).
└── *** ignored by pass because basic block "" is out of the scope (target loop).
│
└── *** current basic block: ; First Inst:   %58 = phi i64 [ %152, %149 ], [ %17, %56 ]
│   └── *** ignored by pass because instruction "  %58 = phi i64 [ %152, %149 ], [ %17, %56 ]" is out of the scope (target loop).
│   └── *** ignored by pass because instruction "  %59 = phi i32 [ %151, %149 ], [ 0, %56 ]" is out of the scope (target loop).
│   └── *** ignored by pass because instruction "  %60 = phi float [ %150, %149 ], [ 0.000000e+00, %56 ]" is out of the scope (target loop).
│   └── *** ignored by pass because instruction "  %61 = icmp slt i64 %58, %19" is out of the scope (target loop).
│   └── *** ignored by pass because instruction "  %62 = icmp sgt i64 %58, %18" is out of the scope (target loop).
│   └── *** ignored by pass because instruction "  %63 = or i1 %61, %62" is out of the scope (target loop).
│   └── *** ignored by pass because instruction "  %64 = add nsw i64 %58, %38" is out of the scope (target loop).
│   └── *** ignored by pass because instruction "  %65 = mul nsw i64 %64, %25" is out of the scope (target loop).
│   └── *** ignored by pass because instruction "  %66 = add nsw i64 %65, %49" is out of the scope (target loop).
│   └── *** ignored by pass because instruction "  br i1 %63, label %94, label %67" is out of the scope (target loop).
└── *** ignored by pass because basic block "" is out of the scope (target loop).
│
└── *** current basic block: ; First Inst:   br i1 %32, label %88, label %68
│   └── *** ignored by pass because instruction "  br i1 %32, label %88, label %68" is out of the scope (target loop).
└── *** ignored by pass because basic block "" is out of the scope (target loop).
│
└── *** current basic block: ; First Inst:   %69 = phi i64 [ %85, %82 ], [ %17, %67 ]
│   └── +++ "  %69 = phi i64 [ %85, %82 ], [ %17, %67 ]" (ID: 0)
│   └── +++ "  %70 = phi i32 [ %84, %82 ], [ %59, %67 ]" (ID: 1)
│   └── +++ "  %71 = phi float [ %83, %82 ], [ %60, %67 ]" (ID: 2)
│   └── +++ "  %72 = phi i32 [ %86, %82 ], [ %31, %67 ]" (ID: 3)
│   └── +++ "  %73 = icmp slt i64 %69, %19" (ID: 4)
│   └── +++ "  %74 = icmp sgt i64 %69, %18" (ID: 5)
│   └── +++ "  %75 = or i1 %74, %73" (ID: 6)
│   └── +++ "  br i1 %75, label %76, label %82" (ID: 7)
└── +++ basic block "" got ID: 0
│
└── *** current basic block: ; First Inst:   %77 = add nsw i64 %66, %69
│   └── +++ "  %77 = add nsw i64 %66, %69" (ID: 8)
│   └── +++ "  %78 = getelementptr inbounds float, float* %0, i64 %77" (ID: 9)
│   └── +++ "  %79 = load float, float* %78, align 4, !tbaa !5" (ID: 10)
│   └── +++ "  %80 = fadd float %71, %79" (ID: 11)
│   └── +++ "  %81 = add nsw i32 %70, 1" (ID: 12)
│   └── +++ "  br label %82" (ID: 13)
└── +++ basic block "" got ID: 1
│
└── *** current basic block: ; First Inst:   %83 = phi float [ %80, %76 ], [ %71, %68 ]
│   └── +++ "  %83 = phi float [ %80, %76 ], [ %71, %68 ]" (ID: 14)
│   └── +++ "  %84 = phi i32 [ %81, %76 ], [ %70, %68 ]" (ID: 15)
│   └── +++ "  %85 = add nsw i64 %69, 1" (ID: 16)
│   └── +++ "  %86 = add i32 %72, -1" (ID: 17)
│   └── +++ "  %87 = icmp eq i32 %86, 0" (ID: 18)
│   └── +++ "  br i1 %87, label %88, label %68, !llvm.loop !9" (ID: 19)
└── +++ basic block "" got ID: 2
│
└── *** current basic block: ; First Inst:   %89 = phi i64 [ %17, %67 ], [ %85, %82 ]
│   └── *** ignored by pass because instruction "  %89 = phi i64 [ %17, %67 ], [ %85, %82 ]" is out of the scope (target loop).
│   └── *** ignored by pass because instruction "  %90 = phi i32 [ %59, %67 ], [ %84, %82 ]" is out of the scope (target loop).
│   └── *** ignored by pass because instruction "  %91 = phi float [ %60, %67 ], [ %83, %82 ]" is out of the scope (target loop).
│   └── *** ignored by pass because instruction "  %92 = phi float [ undef, %67 ], [ %83, %82 ]" is out of the scope (target loop).
│   └── *** ignored by pass because instruction "  %93 = phi i32 [ undef, %67 ], [ %84, %82 ]" is out of the scope (target loop).
│   └── *** ignored by pass because instruction "  br i1 %33, label %149, label %155" is out of the scope (target loop).
└── *** ignored by pass because basic block "" is out of the scope (target loop).
│
└── *** current basic block: ; First Inst:   br i1 %35, label %106, label %95
│   └── *** ignored by pass because instruction "  br i1 %35, label %106, label %95" is out of the scope (target loop).
└── *** ignored by pass because basic block "" is out of the scope (target loop).
│
└── *** current basic block: ; First Inst:   %96 = phi i64 [ %103, %95 ], [ %17, %94 ]
│   └── *** ignored by pass because instruction "  %96 = phi i64 [ %103, %95 ], [ %17, %94 ]" is out of the scope (target loop).
│   └── *** ignored by pass because instruction "  %97 = phi float [ %102, %95 ], [ %60, %94 ]" is out of the scope (target loop).
│   └── *** ignored by pass because instruction "  %98 = phi i32 [ %104, %95 ], [ %34, %94 ]" is out of the scope (target loop).
│   └── *** ignored by pass because instruction "  %99 = add nsw i64 %66, %96" is out of the scope (target loop).
│   └── *** ignored by pass because instruction "  %100 = getelementptr inbounds float, float* %0, i64 %99" is out of the scope (target loop).
│   └── *** ignored by pass because instruction "  %101 = load float, float* %100, align 4, !tbaa !5" is out of the scope (target loop).
│   └── *** ignored by pass because instruction "  %102 = fadd float %97, %101" is out of the scope (target loop).
│   └── *** ignored by pass because instruction "  %103 = add nsw i64 %96, 1" is out of the scope (target loop).
│   └── *** ignored by pass because instruction "  %104 = add i32 %98, -1" is out of the scope (target loop).
│   └── *** ignored by pass because instruction "  %105 = icmp eq i32 %104, 0" is out of the scope (target loop).
│   └── *** ignored by pass because instruction "  br i1 %105, label %106, label %95, !llvm.loop !10" is out of the scope (target loop).
└── *** ignored by pass because basic block "" is out of the scope (target loop).
│
└── *** current basic block: ; First Inst:   %107 = phi i64 [ %17, %94 ], [ %103, %95 ]
│   └── *** ignored by pass because instruction "  %107 = phi i64 [ %17, %94 ], [ %103, %95 ]" is out of the scope (target loop).
│   └── *** ignored by pass because instruction "  %108 = phi float [ %60, %94 ], [ %102, %95 ]" is out of the scope (target loop).
│   └── *** ignored by pass because instruction "  %109 = phi float [ undef, %94 ], [ %102, %95 ]" is out of the scope (target loop).
│   └── *** ignored by pass because instruction "  br i1 %36, label %146, label %110" is out of the scope (target loop).
└── *** ignored by pass because basic block "" is out of the scope (target loop).
│
└── *** current basic block: ; First Inst:   %111 = phi i64 [ %132, %110 ], [ %107, %106 ]
│   └── *** ignored by pass because instruction "  %111 = phi i64 [ %132, %110 ], [ %107, %106 ]" is out of the scope (target loop).
│   └── *** ignored by pass because instruction "  %112 = phi float [ %131, %110 ], [ %108, %106 ]" is out of the scope (target loop).
│   └── *** ignored by pass because instruction "  %113 = add nsw i64 %66, %111" is out of the scope (target loop).
│   └── *** ignored by pass because instruction "  %114 = getelementptr inbounds float, float* %0, i64 %113" is out of the scope (target loop).
│   └── *** ignored by pass because instruction "  %115 = load float, float* %114, align 4, !tbaa !5" is out of the scope (target loop).
│   └── *** ignored by pass because instruction "  %116 = fadd float %112, %115" is out of the scope (target loop).
│   └── *** ignored by pass because instruction "  %117 = add nsw i64 %111, 1" is out of the scope (target loop).
│   └── *** ignored by pass because instruction "  %118 = add nsw i64 %66, %117" is out of the scope (target loop).
│   └── *** ignored by pass because instruction "  %119 = getelementptr inbounds float, float* %0, i64 %118" is out of the scope (target loop).
│   └── *** ignored by pass because instruction "  %120 = load float, float* %119, align 4, !tbaa !5" is out of the scope (target loop).
│   └── *** ignored by pass because instruction "  %121 = fadd float %116, %120" is out of the scope (target loop).
│   └── *** ignored by pass because instruction "  %122 = add nsw i64 %111, 2" is out of the scope (target loop).
│   └── *** ignored by pass because instruction "  %123 = add nsw i64 %66, %122" is out of the scope (target loop).
│   └── *** ignored by pass because instruction "  %124 = getelementptr inbounds float, float* %0, i64 %123" is out of the scope (target loop).
│   └── *** ignored by pass because instruction "  %125 = load float, float* %124, align 4, !tbaa !5" is out of the scope (target loop).
│   └── *** ignored by pass because instruction "  %126 = fadd float %121, %125" is out of the scope (target loop).
│   └── *** ignored by pass because instruction "  %127 = add nsw i64 %111, 3" is out of the scope (target loop).
│   └── *** ignored by pass because instruction "  %128 = add nsw i64 %66, %127" is out of the scope (target loop).
│   └── *** ignored by pass because instruction "  %129 = getelementptr inbounds float, float* %0, i64 %128" is out of the scope (target loop).
│   └── *** ignored by pass because instruction "  %130 = load float, float* %129, align 4, !tbaa !5" is out of the scope (target loop).
│   └── *** ignored by pass because instruction "  %131 = fadd float %126, %130" is out of the scope (target loop).
│   └── *** ignored by pass because instruction "  %132 = add nsw i64 %111, 4" is out of the scope (target loop).
│   └── *** ignored by pass because instruction "  %133 = trunc i64 %132 to i32" is out of the scope (target loop).
│   └── *** ignored by pass because instruction "  %134 = icmp eq i32 %22, %133" is out of the scope (target loop).
│   └── *** ignored by pass because instruction "  br i1 %134, label %146, label %110, !llvm.loop !11" is out of the scope (target loop).
└── *** ignored by pass because basic block "" is out of the scope (target loop).
│
└── *** current basic block: ; First Inst:   %136 = phi float [ 0.000000e+00, %56 ], [ %150, %149 ]
│   └── *** ignored by pass because instruction "  %136 = phi float [ 0.000000e+00, %56 ], [ %150, %149 ]" is out of the scope (target loop).
│   └── *** ignored by pass because instruction "  %137 = phi i32 [ 0, %56 ], [ %151, %149 ]" is out of the scope (target loop).
│   └── *** ignored by pass because instruction "  %138 = sitofp i32 %137 to float" is out of the scope (target loop).
│   └── *** ignored by pass because instruction "  %139 = fdiv float %136, %138" is out of the scope (target loop).
│   └── *** ignored by pass because instruction "  %140 = add nsw i64 %49, %43" is out of the scope (target loop).
│   └── *** ignored by pass because instruction "  %141 = getelementptr inbounds float, float* %0, i64 %140" is out of the scope (target loop).
│   └── *** ignored by pass because instruction "  %142 = load float, float* %141, align 4, !tbaa !5" is out of the scope (target loop).
│   └── *** ignored by pass because instruction "  %143 = fmul float %139, %6" is out of the scope (target loop).
│   └── *** ignored by pass because instruction "  %144 = fcmp ogt float %142, %143" is out of the scope (target loop).
│   └── *** ignored by pass because instruction "  %145 = zext i1 %144 to i8" is out of the scope (target loop).
│   └── *** ignored by pass because instruction "  br label %175" is out of the scope (target loop).
└── *** ignored by pass because basic block "" is out of the scope (target loop).
│
└── *** current basic block: ; First Inst:   %147 = phi float [ %109, %106 ], [ %131, %110 ]
│   └── *** ignored by pass because instruction "  %147 = phi float [ %109, %106 ], [ %131, %110 ]" is out of the scope (target loop).
│   └── *** ignored by pass because instruction "  %148 = add i32 %24, %59" is out of the scope (target loop).
│   └── *** ignored by pass because instruction "  br label %149" is out of the scope (target loop).
└── *** ignored by pass because basic block "" is out of the scope (target loop).
│
└── *** current basic block: ; First Inst:   %150 = phi float [ %147, %146 ], [ %92, %88 ], [ %214, %213 ]
│   └── *** ignored by pass because instruction "  %150 = phi float [ %147, %146 ], [ %92, %88 ], [ %214, %213 ]" is out of the scope (target loop).
│   └── *** ignored by pass because instruction "  %151 = phi i32 [ %148, %146 ], [ %93, %88 ], [ %215, %213 ]" is out of the scope (target loop).
│   └── *** ignored by pass because instruction "  %152 = add nsw i64 %58, 1" is out of the scope (target loop).
│   └── *** ignored by pass because instruction "  %153 = trunc i64 %152 to i32" is out of the scope (target loop).
│   └── *** ignored by pass because instruction "  %154 = icmp eq i32 %22, %153" is out of the scope (target loop).
│   └── *** ignored by pass because instruction "  br i1 %154, label %135, label %57, !llvm.loop !12" is out of the scope (target loop).
└── *** ignored by pass because basic block "" is out of the scope (target loop).
│
└── *** current basic block: ; First Inst:   %156 = phi i64 [ %216, %213 ], [ %89, %88 ]
│   └── *** ignored by pass because instruction "  %156 = phi i64 [ %216, %213 ], [ %89, %88 ]" is out of the scope (target loop).
│   └── *** ignored by pass because instruction "  %157 = phi i32 [ %215, %213 ], [ %90, %88 ]" is out of the scope (target loop).
│   └── *** ignored by pass because instruction "  %158 = phi float [ %214, %213 ], [ %91, %88 ]" is out of the scope (target loop).
│   └── *** ignored by pass because instruction "  %159 = icmp slt i64 %156, %19" is out of the scope (target loop).
│   └── *** ignored by pass because instruction "  %160 = icmp sgt i64 %156, %18" is out of the scope (target loop).
│   └── *** ignored by pass because instruction "  %161 = or i1 %160, %159" is out of the scope (target loop).
│   └── *** ignored by pass because instruction "  br i1 %161, label %162, label %168" is out of the scope (target loop).
└── *** ignored by pass because basic block "" is out of the scope (target loop).
│
└── *** current basic block: ; First Inst:   %163 = add nsw i64 %66, %156
│   └── *** ignored by pass because instruction "  %163 = add nsw i64 %66, %156" is out of the scope (target loop).
│   └── *** ignored by pass because instruction "  %164 = getelementptr inbounds float, float* %0, i64 %163" is out of the scope (target loop).
│   └── *** ignored by pass because instruction "  %165 = load float, float* %164, align 4, !tbaa !5" is out of the scope (target loop).
│   └── *** ignored by pass because instruction "  %166 = fadd float %158, %165" is out of the scope (target loop).
│   └── *** ignored by pass because instruction "  %167 = add nsw i32 %157, 1" is out of the scope (target loop).
│   └── *** ignored by pass because instruction "  br label %168" is out of the scope (target loop).
└── *** ignored by pass because basic block "" is out of the scope (target loop).
│
└── *** current basic block: ; First Inst:   %169 = phi float [ %166, %162 ], [ %158, %155 ]
│   └── *** ignored by pass because instruction "  %169 = phi float [ %166, %162 ], [ %158, %155 ]" is out of the scope (target loop).
│   └── *** ignored by pass because instruction "  %170 = phi i32 [ %167, %162 ], [ %157, %155 ]" is out of the scope (target loop).
│   └── *** ignored by pass because instruction "  %171 = add nsw i64 %156, 1" is out of the scope (target loop).
│   └── *** ignored by pass because instruction "  %172 = icmp slt i64 %171, %19" is out of the scope (target loop).
│   └── *** ignored by pass because instruction "  %173 = icmp sge i64 %156, %18" is out of the scope (target loop).
│   └── *** ignored by pass because instruction "  %174 = or i1 %173, %172" is out of the scope (target loop).
│   └── *** ignored by pass because instruction "  br i1 %174, label %181, label %187" is out of the scope (target loop).
└── *** ignored by pass because basic block "" is out of the scope (target loop).
│
└── *** current basic block: ; First Inst:   %176 = phi i64 [ %140, %135 ], [ %55, %54 ]
│   └── *** ignored by pass because instruction "  %176 = phi i64 [ %140, %135 ], [ %55, %54 ]" is out of the scope (target loop).
│   └── *** ignored by pass because instruction "  %177 = phi i8 [ %145, %135 ], [ 0, %54 ]" is out of the scope (target loop).
│   └── *** ignored by pass because instruction "  %178 = getelementptr inbounds i8, i8* %1, i64 %176" is out of the scope (target loop).
│   └── *** ignored by pass because instruction "  store i8 %177, i8* %178, align 1, !tbaa !13" is out of the scope (target loop).
│   └── *** ignored by pass because instruction "  %179 = add nuw nsw i64 %49, 1" is out of the scope (target loop).
│   └── *** ignored by pass because instruction "  %180 = icmp eq i64 %179, %30" is out of the scope (target loop).
│   └── *** ignored by pass because instruction "  br i1 %180, label %45, label %48, !llvm.loop !14" is out of the scope (target loop).
└── *** ignored by pass because basic block "" is out of the scope (target loop).
│
└── *** current basic block: ; First Inst:   %182 = add nsw i64 %66, %171
│   └── *** ignored by pass because instruction "  %182 = add nsw i64 %66, %171" is out of the scope (target loop).
│   └── *** ignored by pass because instruction "  %183 = getelementptr inbounds float, float* %0, i64 %182" is out of the scope (target loop).
│   └── *** ignored by pass because instruction "  %184 = load float, float* %183, align 4, !tbaa !5" is out of the scope (target loop).
│   └── *** ignored by pass because instruction "  %185 = fadd float %169, %184" is out of the scope (target loop).
│   └── *** ignored by pass because instruction "  %186 = add nsw i32 %170, 1" is out of the scope (target loop).
│   └── *** ignored by pass because instruction "  br label %187" is out of the scope (target loop).
└── *** ignored by pass because basic block "" is out of the scope (target loop).
│
└── *** current basic block: ; First Inst:   %188 = phi float [ %185, %181 ], [ %169, %168 ]
│   └── *** ignored by pass because instruction "  %188 = phi float [ %185, %181 ], [ %169, %168 ]" is out of the scope (target loop).
│   └── *** ignored by pass because instruction "  %189 = phi i32 [ %186, %181 ], [ %170, %168 ]" is out of the scope (target loop).
│   └── *** ignored by pass because instruction "  %190 = add nsw i64 %156, 2" is out of the scope (target loop).
│   └── *** ignored by pass because instruction "  %191 = icmp slt i64 %190, %19" is out of the scope (target loop).
│   └── *** ignored by pass because instruction "  %192 = icmp sgt i64 %190, %18" is out of the scope (target loop).
│   └── *** ignored by pass because instruction "  %193 = or i1 %192, %191" is out of the scope (target loop).
│   └── *** ignored by pass because instruction "  br i1 %193, label %194, label %200" is out of the scope (target loop).
└── *** ignored by pass because basic block "" is out of the scope (target loop).
│
└── *** current basic block: ; First Inst:   %195 = add nsw i64 %66, %190
│   └── *** ignored by pass because instruction "  %195 = add nsw i64 %66, %190" is out of the scope (target loop).
│   └── *** ignored by pass because instruction "  %196 = getelementptr inbounds float, float* %0, i64 %195" is out of the scope (target loop).
│   └── *** ignored by pass because instruction "  %197 = load float, float* %196, align 4, !tbaa !5" is out of the scope (target loop).
│   └── *** ignored by pass because instruction "  %198 = fadd float %188, %197" is out of the scope (target loop).
│   └── *** ignored by pass because instruction "  %199 = add nsw i32 %189, 1" is out of the scope (target loop).
│   └── *** ignored by pass because instruction "  br label %200" is out of the scope (target loop).
└── *** ignored by pass because basic block "" is out of the scope (target loop).
│
└── *** current basic block: ; First Inst:   %201 = phi float [ %198, %194 ], [ %188, %187 ]
│   └── *** ignored by pass because instruction "  %201 = phi float [ %198, %194 ], [ %188, %187 ]" is out of the scope (target loop).
│   └── *** ignored by pass because instruction "  %202 = phi i32 [ %199, %194 ], [ %189, %187 ]" is out of the scope (target loop).
│   └── *** ignored by pass because instruction "  %203 = add nsw i64 %156, 3" is out of the scope (target loop).
│   └── *** ignored by pass because instruction "  %204 = icmp slt i64 %203, %19" is out of the scope (target loop).
│   └── *** ignored by pass because instruction "  %205 = icmp sgt i64 %203, %18" is out of the scope (target loop).
│   └── *** ignored by pass because instruction "  %206 = or i1 %205, %204" is out of the scope (target loop).
│   └── *** ignored by pass because instruction "  br i1 %206, label %207, label %213" is out of the scope (target loop).
└── *** ignored by pass because basic block "" is out of the scope (target loop).
│
└── *** current basic block: ; First Inst:   %208 = add nsw i64 %66, %203
│   └── *** ignored by pass because instruction "  %208 = add nsw i64 %66, %203" is out of the scope (target loop).
│   └── *** ignored by pass because instruction "  %209 = getelementptr inbounds float, float* %0, i64 %208" is out of the scope (target loop).
│   └── *** ignored by pass because instruction "  %210 = load float, float* %209, align 4, !tbaa !5" is out of the scope (target loop).
│   └── *** ignored by pass because instruction "  %211 = fadd float %201, %210" is out of the scope (target loop).
│   └── *** ignored by pass because instruction "  %212 = add nsw i32 %202, 1" is out of the scope (target loop).
│   └── *** ignored by pass because instruction "  br label %213" is out of the scope (target loop).
└── *** ignored by pass because basic block "" is out of the scope (target loop).
│
└── *** current basic block: ; First Inst:   %214 = phi float [ %211, %207 ], [ %201, %200 ]
│   └── *** ignored by pass because instruction "  %214 = phi float [ %211, %207 ], [ %201, %200 ]" is out of the scope (target loop).
│   └── *** ignored by pass because instruction "  %215 = phi i32 [ %212, %207 ], [ %202, %200 ]" is out of the scope (target loop).
│   └── *** ignored by pass because instruction "  %216 = add nsw i64 %156, 4" is out of the scope (target loop).
│   └── *** ignored by pass because instruction "  %217 = trunc i64 %216 to i32" is out of the scope (target loop).
│   └── *** ignored by pass because instruction "  %218 = icmp eq i32 %22, %217" is out of the scope (target loop).
│   └── *** ignored by pass because instruction "  br i1 %218, label %149, label %155, !llvm.loop !15" is out of the scope (target loop).
└── *** ignored by pass because basic block "" is out of the scope (target loop).
│
│
└── *** curBB: ; First Inst:   %69 = phi i64 [ %85, %82 ], [ %17, %67 ]
│   ├── *** find terminator instruction of curBB:   br i1 %75, label %76, label %82
│   ├── *** into sucBB ""
│   │   ├── Type: first inst of a BB.
│   │   ├── ctrl flow point to:   %77 = add nsw i64 %66, %69; In BB: 
│   │   └── +++ construct ctrl flow:   br i1 %75, label %76, label %82->  %77 = add nsw i64 %66, %69
│   │   ├── Type: inst without [intra-basicblock & intra-iteration data flow] nor [ctrl flow] pointed to it.
│   │   ├── ctrl flow point to:   %81 = add nsw i32 %70, 1; In BB: 
│   │   └── +++ construct ctrl flow:   br i1 %75, label %76, label %82->  %81 = add nsw i32 %70, 1
│   │   ├── Type: lonely inst.
│   │   ├── ctrl flow point to:   br label %82; In BB: 
│   │   └── +++ construct ctrl flow:   br i1 %75, label %76, label %82->  br label %82
│   ├── *** into sucBB ""
│   │   ├── Type: first inst of a BB.
│   │   ├── ctrl flow point to:   %83 = phi float [ %80, %76 ], [ %71, %68 ]; In BB: 
│   │   └── +++ construct ctrl flow:   br i1 %75, label %76, label %82->  %83 = phi float [ %80, %76 ], [ %71, %68 ]
│   │   ├── Type: inst without [intra-basicblock & intra-iteration data flow] nor [ctrl flow] pointed to it.
│   │   ├── ctrl flow point to:   %84 = phi i32 [ %81, %76 ], [ %70, %68 ]; In BB: 
│   │   └── +++ construct ctrl flow:   br i1 %75, label %76, label %82->  %84 = phi i32 [ %81, %76 ], [ %70, %68 ]
│   │   ├── Type: inst without [intra-basicblock & intra-iteration data flow] nor [ctrl flow] pointed to it.
│   │   ├── ctrl flow point to:   %85 = add nsw i64 %69, 1; In BB: 
│   │   └── +++ construct ctrl flow:   br i1 %75, label %76, label %82->  %85 = add nsw i64 %69, 1
│   │   ├── Type: inst without [intra-basicblock & intra-iteration data flow] nor [ctrl flow] pointed to it.
│   │   ├── ctrl flow point to:   %86 = add i32 %72, -1; In BB: 
│   │   └── +++ construct ctrl flow:   br i1 %75, label %76, label %82->  %86 = add i32 %72, -1
│
└── *** curBB: ; First Inst:   %77 = add nsw i64 %66, %69
│   ├── *** find terminator instruction of curBB:   br label %82
│   ├── *** into sucBB ""
│   │   ├── Type: first inst of a BB.
│   │   ├── ctrl flow point to:   %83 = phi float [ %80, %76 ], [ %71, %68 ]; In BB: 
│   │   └── +++ construct ctrl flow:   br label %82->  %83 = phi float [ %80, %76 ], [ %71, %68 ]
│   │   ├── Type: inst without [intra-basicblock & intra-iteration data flow] nor [ctrl flow] pointed to it.
│   │   ├── ctrl flow point to:   %84 = phi i32 [ %81, %76 ], [ %70, %68 ]; In BB: 
│   │   └── +++ construct ctrl flow:   br label %82->  %84 = phi i32 [ %81, %76 ], [ %70, %68 ]
│   │   ├── Type: inst without [intra-basicblock & intra-iteration data flow] nor [ctrl flow] pointed to it.
│   │   ├── ctrl flow point to:   %85 = add nsw i64 %69, 1; In BB: 
│   │   └── +++ construct ctrl flow:   br label %82->  %85 = add nsw i64 %69, 1
│   │   ├── Type: inst without [intra-basicblock & intra-iteration data flow] nor [ctrl flow] pointed to it.
│   │   ├── ctrl flow point to:   %86 = add i32 %72, -1; In BB: 
│   │   └── +++ construct ctrl flow:   br label %82->  %86 = add i32 %72, -1
│
└── *** curBB: ; First Inst:   %83 = phi float [ %80, %76 ], [ %71, %68 ]
│   ├── *** find terminator instruction of curBB:   br i1 %87, label %88, label %68, !llvm.loop !9
│   └── *** ignore sucBB ""
│   ├── *** into sucBB ""
│   │   ├── Type: first inst of a BB.
│   │   ├── ctrl flow point to:   %69 = phi i64 [ %85, %82 ], [ %17, %67 ]; In BB: 
│   │   └── +++ construct ctrl flow:   br i1 %87, label %88, label %68, !llvm.loop !9->  %69 = phi i64 [ %85, %82 ], [ %17, %67 ]
│   │   ├── Type: inst without [intra-basicblock & intra-iteration data flow] nor [ctrl flow] pointed to it.
│   │   ├── ctrl flow point to:   %70 = phi i32 [ %84, %82 ], [ %59, %67 ]; In BB: 
│   │   └── +++ construct ctrl flow:   br i1 %87, label %88, label %68, !llvm.loop !9->  %70 = phi i32 [ %84, %82 ], [ %59, %67 ]
│   │   ├── Type: inst without [intra-basicblock & intra-iteration data flow] nor [ctrl flow] pointed to it.
│   │   ├── ctrl flow point to:   %71 = phi float [ %83, %82 ], [ %60, %67 ]; In BB: 
│   │   └── +++ construct ctrl flow:   br i1 %87, label %88, label %68, !llvm.loop !9->  %71 = phi float [ %83, %82 ], [ %60, %67 ]
│   │   ├── Type: inst without [intra-basicblock & intra-iteration data flow] nor [ctrl flow] pointed to it.
│   │   ├── ctrl flow point to:   %72 = phi i32 [ %86, %82 ], [ %31, %67 ]; In BB: 
│   │   └── +++ construct ctrl flow:   br i1 %87, label %88, label %68, !llvm.loop !9->  %72 = phi i32 [ %86, %82 ], [ %31, %67 ]
[detected one cycle] head:   %69 = phi i64 [ %85, %82 ], [ %17, %67 ]
cycle edge: {  %69 = phi i64 [ %85, %82 ], [ %17, %67 ]  } -> {  %73 = icmp slt i64 %69, %19  } (0 -> 4)
cycle edge: {  %73 = icmp slt i64 %69, %19  } -> {  %75 = or i1 %74, %73  } (4 -> 6)
cycle edge: {  %75 = or i1 %74, %73  } -> {  br i1 %75, label %76, label %82  } (6 -> 7)
cycle edge: {  br i1 %75, label %76, label %82  } -> {  br label %82  } (7 -> 13)
cycle edge: {  br label %82  } -> {  %85 = add nsw i64 %69, 1  } (13 -> 16)
cycle edge: {  %85 = add nsw i64 %69, 1  } -> {  %69 = phi i64 [ %85, %82 ], [ %17, %67 ]  } (16 -> 0)
[detected one cycle] head:   %69 = phi i64 [ %85, %82 ], [ %17, %67 ]
cycle edge: {  %69 = phi i64 [ %85, %82 ], [ %17, %67 ]  } -> {  %73 = icmp slt i64 %69, %19  } (0 -> 4)
cycle edge: {  %73 = icmp slt i64 %69, %19  } -> {  %75 = or i1 %74, %73  } (4 -> 6)
cycle edge: {  %75 = or i1 %74, %73  } -> {  br i1 %75, label %76, label %82  } (6 -> 7)
cycle edge: {  br i1 %75, label %76, label %82  } -> {  br label %82  } (7 -> 13)
cycle edge: {  br label %82  } -> {  %86 = add i32 %72, -1  } (13 -> 17)
cycle edge: {  %86 = add i32 %72, -1  } -> {  %87 = icmp eq i32 %86, 0  } (17 -> 18)
cycle edge: {  %87 = icmp eq i32 %86, 0  } -> {  br i1 %87, label %88, label %68, !llvm.loop !9  } (18 -> 19)
cycle edge: {  br i1 %87, label %88, label %68, !llvm.loop !9  } -> {  %69 = phi i64 [ %85, %82 ], [ %17, %67 ]  } (19 -> 0)
[detected one cycle] head:   %70 = phi i32 [ %84, %82 ], [ %59, %67 ]
cycle edge: {  %70 = phi i32 [ %84, %82 ], [ %59, %67 ]  } -> {  %81 = add nsw i32 %70, 1  } (1 -> 12)
cycle edge: {  %81 = add nsw i32 %70, 1  } -> {  %84 = phi i32 [ %81, %76 ], [ %70, %68 ]  } (12 -> 15)
cycle edge: {  %84 = phi i32 [ %81, %76 ], [ %70, %68 ]  } -> {  %70 = phi i32 [ %84, %82 ], [ %59, %67 ]  } (15 -> 1)
[detected one cycle] head:   %71 = phi float [ %83, %82 ], [ %60, %67 ]
cycle edge: {  %71 = phi float [ %83, %82 ], [ %60, %67 ]  } -> {  %80 = fadd float %71, %79  } (2 -> 11)
cycle edge: {  %80 = fadd float %71, %79  } -> {  %83 = phi float [ %80, %76 ], [ %71, %68 ]  } (11 -> 14)
cycle edge: {  %83 = phi float [ %80, %76 ], [ %71, %68 ]  } -> {  %71 = phi float [ %83, %82 ], [ %60, %67 ]  } (14 -> 2)
[detected one cycle] head:   %72 = phi i32 [ %86, %82 ], [ %31, %67 ]
cycle edge: {  %72 = phi i32 [ %86, %82 ], [ %31, %67 ]  } -> {  %86 = add i32 %72, -1  } (3 -> 17)
cycle edge: {  %86 = add i32 %72, -1  } -> {  %72 = phi i32 [ %86, %82 ], [ %31, %67 ]  } (17 -> 3)
[detected one cycle] head:   %72 = phi i32 [ %86, %82 ], [ %31, %67 ]
cycle edge: {  %72 = phi i32 [ %86, %82 ], [ %31, %67 ]  } -> {  %86 = add i32 %72, -1  } (3 -> 17)
cycle edge: {  %86 = add i32 %72, -1  } -> {  %87 = icmp eq i32 %86, 0  } (17 -> 18)
cycle edge: {  %87 = icmp eq i32 %86, 0  } -> {  br i1 %87, label %88, label %68, !llvm.loop !9  } (18 -> 19)
cycle edge: {  br i1 %87, label %88, label %68, !llvm.loop !9  } -> {  %72 = phi i32 [ %86, %82 ], [ %31, %67 ]  } (19 -> 3)
(3)   %72 = phi i32 [ %86, %82 ], [ %31, %67 ], level: 0
(17)   %86 = add i32 %72, -1, level: 1
(18)   %87 = icmp eq i32 %86, 0, level: 2
(19)   br i1 %87, label %88, label %68, !llvm.loop !9, level: 3
(0)   %69 = phi i64 [ %85, %82 ], [ %17, %67 ], level: 4
(1)   %70 = phi i32 [ %84, %82 ], [ %59, %67 ], level: 4
(4)   %73 = icmp slt i64 %69, %19, level: 5
(5)   %74 = icmp sgt i64 %69, %18, level: 5
(6)   %75 = or i1 %74, %73, level: 6
(7)   br i1 %75, label %76, label %82, level: 7
(8)   %77 = add nsw i64 %66, %69, level: 8
(12)   %81 = add nsw i32 %70, 1, level: 8
(13)   br label %82, level: 8
(9)   %78 = getelementptr inbounds float, float* %0, i64 %77, level: 9
(15)   %84 = phi i32 [ %81, %76 ], [ %70, %68 ], level: 9
(16)   %85 = add nsw i64 %69, 1, level: 9
(10)   %79 = load float, float* %78, align 4, !tbaa !5, level: 10
(11)   %80 = fadd float %71, %79, level: 11
(14)   %83 = phi float [ %80, %76 ], [ %71, %68 ], level: 12
(2)   %71 = phi float [ %83, %82 ], [ %60, %67 ], level: 13
[detected one cycle] head:   %72 = phi i32 [ %86, %82 ], [ %31, %67 ]
cycle edge: {  %72 = phi i32 [ %86, %82 ], [ %31, %67 ]  } -> {  %86 = add i32 %72, -1  } (3 -> 17)
cycle edge: {  %86 = add i32 %72, -1  } -> {  %72 = phi i32 [ %86, %82 ], [ %31, %67 ]  } (17 -> 3)
[detected one cycle] head:   %72 = phi i32 [ %86, %82 ], [ %31, %67 ]
cycle edge: {  %72 = phi i32 [ %86, %82 ], [ %31, %67 ]  } -> {  %86 = add i32 %72, -1  } (3 -> 17)
cycle edge: {  %86 = add i32 %72, -1  } -> {  %87 = icmp eq i32 %86, 0  } (17 -> 18)
cycle edge: {  %87 = icmp eq i32 %86, 0  } -> {  br i1 %87, label %88, label %68, !llvm.loop !9  } (18 -> 19)
cycle edge: {  br i1 %87, label %88, label %68, !llvm.loop !9  } -> {  %72 = phi i32 [ %86, %82 ], [ %31, %67 ]  } (19 -> 3)
[detected one cycle] head:   %86 = add i32 %72, -1
cycle edge: {  %86 = add i32 %72, -1  } -> {  %87 = icmp eq i32 %86, 0  } (17 -> 18)
cycle edge: {  %87 = icmp eq i32 %86, 0  } -> {  br i1 %87, label %88, label %68, !llvm.loop !9  } (18 -> 19)
cycle edge: {  br i1 %87, label %88, label %68, !llvm.loop !9  } -> {  %69 = phi i64 [ %85, %82 ], [ %17, %67 ]  } (19 -> 0)
cycle edge: {  %69 = phi i64 [ %85, %82 ], [ %17, %67 ]  } -> {  %73 = icmp slt i64 %69, %19  } (0 -> 4)
cycle edge: {  %73 = icmp slt i64 %69, %19  } -> {  %75 = or i1 %74, %73  } (4 -> 6)
cycle edge: {  %75 = or i1 %74, %73  } -> {  br i1 %75, label %76, label %82  } (6 -> 7)
cycle edge: {  br i1 %75, label %76, label %82  } -> {  br label %82  } (7 -> 13)
cycle edge: {  br label %82  } -> {  %86 = add i32 %72, -1  } (13 -> 17)
[detected one cycle] head:   %86 = add i32 %72, -1
cycle edge: {  %86 = add i32 %72, -1  } -> {  %87 = icmp eq i32 %86, 0  } (17 -> 18)
cycle edge: {  %87 = icmp eq i32 %86, 0  } -> {  br i1 %87, label %88, label %68, !llvm.loop !9  } (18 -> 19)
cycle edge: {  br i1 %87, label %88, label %68, !llvm.loop !9  } -> {  %69 = phi i64 [ %85, %82 ], [ %17, %67 ]  } (19 -> 0)
cycle edge: {  %69 = phi i64 [ %85, %82 ], [ %17, %67 ]  } -> {  %73 = icmp slt i64 %69, %19  } (0 -> 4)
cycle edge: {  %73 = icmp slt i64 %69, %19  } -> {  %75 = or i1 %74, %73  } (4 -> 6)
cycle edge: {  %75 = or i1 %74, %73  } -> {  br i1 %75, label %76, label %82  } (6 -> 7)
cycle edge: {  br i1 %75, label %76, label %82  } -> {  %86 = add i32 %72, -1  } (7 -> 17)
[detected one cycle] head:   %69 = phi i64 [ %85, %82 ], [ %17, %67 ]
cycle edge: {  %69 = phi i64 [ %85, %82 ], [ %17, %67 ]  } -> {  %73 = icmp slt i64 %69, %19  } (0 -> 4)
cycle edge: {  %73 = icmp slt i64 %69, %19  } -> {  %75 = or i1 %74, %73  } (4 -> 6)
cycle edge: {  %75 = or i1 %74, %73  } -> {  br i1 %75, label %76, label %82  } (6 -> 7)
cycle edge: {  br i1 %75, label %76, label %82  } -> {  br label %82  } (7 -> 13)
cycle edge: {  br label %82  } -> {  %85 = add nsw i64 %69, 1  } (13 -> 16)
cycle edge: {  %85 = add nsw i64 %69, 1  } -> {  %69 = phi i64 [ %85, %82 ], [ %17, %67 ]  } (16 -> 0)
[detected one cycle] head:   %70 = phi i32 [ %84, %82 ], [ %59, %67 ]
cycle edge: {  %70 = phi i32 [ %84, %82 ], [ %59, %67 ]  } -> {  %81 = add nsw i32 %70, 1  } (1 -> 12)
cycle edge: {  %81 = add nsw i32 %70, 1  } -> {  %84 = phi i32 [ %81, %76 ], [ %70, %68 ]  } (12 -> 15)
cycle edge: {  %84 = phi i32 [ %81, %76 ], [ %70, %68 ]  } -> {  %70 = phi i32 [ %84, %82 ], [ %59, %67 ]  } (15 -> 1)
[detected one cycle] head:   %80 = fadd float %71, %79
cycle edge: {  %80 = fadd float %71, %79  } -> {  %83 = phi float [ %80, %76 ], [ %71, %68 ]  } (11 -> 14)
cycle edge: {  %83 = phi float [ %80, %76 ], [ %71, %68 ]  } -> {  %71 = phi float [ %83, %82 ], [ %60, %67 ]  } (14 -> 2)
cycle edge: {  %71 = phi float [ %83, %82 ], [ %60, %67 ]  } -> {  %80 = fadd float %71, %79  } (2 -> 11)
[detected one cycle] head:   %83 = phi float [ %80, %76 ], [ %71, %68 ]
cycle edge: {  %83 = phi float [ %80, %76 ], [ %71, %68 ]  } -> {  %71 = phi float [ %83, %82 ], [ %60, %67 ]  } (14 -> 2)
cycle edge: {  %71 = phi float [ %83, %82 ], [ %60, %67 ]  } -> {  %83 = phi float [ %80, %76 ], [ %71, %68 ]  } (2 -> 14)
