Initialize opt latency for DFG nodes: 
Deciding fusion strategy for DFG nodes: 
Initialize additional functionality on CGRA nodes: 
Finding fusion pattern for DFG: 
[function 'fmcw_window_map' is not in our target list]
Initialize opt latency for DFG nodes: 
Deciding fusion strategy for DFG nodes: 
Initialize additional functionality on CGRA nodes: 
Finding fusion pattern for DFG: 
==================================
[function 'fmcw_fft_stage_map' is one of our targets]
*** current function: fmcw_fft_stage_map
==================================
==================================
[reorder DFG along with the longest path]
==================================
disabling multiple ops
disabling multiple ops
disabling multiple ops
disabling multiple ops
disabling multiple ops
disabling multiple ops
disabling multiple ops
disabling multiple ops
disabling multiple ops
disabling multiple ops
disabling multiple ops
disabling multiple ops
disabling multiple ops
disabling multiple ops
disabling multiple ops
disabling multiple ops
Without customization in param.json, we enable store functionality on the left most column.
Without customization in param.json, we enable load functionality on the left most column.
No vectorization is enabled on the CGRA nodes.
==================================
[show opcode count]
add : 5
br : 1
cmp : 1
getelementptr : 6
load : 6
mul : 4
phi : 1
store : 4
sub : 3
DFG node count: 31; DFG edge count: 46; SIMD node count: 0
==================================
[generate dot for DFG]
==================================
[generate JSON for DFG]
==================================
[ResMII: 2]
==================================
[RecMII: 2]
==================================
[heuristic]
----------------------------------------
[DEBUG] start heuristic algorithm with II=2
[DEBUG] schedule dfg node[28] onto fu[10] at cycle 0 within II: 2
[DEBUG] setDFGNode 28 onto CGRANode 10 at cycle: 0
[DEBUG] success in schedule()
[DEBUG] schedule dfg node[29] onto fu[6] at cycle 1 within II: 2
[DEBUG] setDFGNode 29 onto CGRANode 6 at cycle: 1
[DEBUG] in allocateReg() t_cycle: 0; i: 0 CGRA node: 6; link: 0 duration 1
[DEBUG] done reg allocation
[DEBUG] occupy link[10]-->[6] (bypass:0) dfgNode: 28 at cycle 0
[DEBUG] skip predecessor routing -- dfgNode: 28
[DEBUG] success in schedule()
[DEBUG] schedule dfg node[30] onto fu[5] at cycle 2 within II: 2
[DEBUG] setDFGNode 30 onto CGRANode 5 at cycle: 2
[DEBUG] in allocateReg() t_cycle: 1; i: 0 CGRA node: 5; link: 3 duration 1
[DEBUG] done reg allocation
[DEBUG] occupy link[6]-->[5] (bypass:0) dfgNode: 29 at cycle 1
[DEBUG] skip predecessor routing -- dfgNode: 29
[DEBUG] success in schedule()
[DEBUG] schedule dfg node[0] onto fu[9] at cycle 3 within II: 2
[DEBUG] setDFGNode 0 onto CGRANode 9 at cycle: 3
[DEBUG] in allocateReg() t_cycle: 2; i: 0 CGRA node: 9; link: 1 duration 1
[DEBUG] done reg allocation
[DEBUG] occupy link[5]-->[9] (bypass:0) dfgNode: 30 at cycle 2
[DEBUG] tryToRoute -- srcDFGNode: 28, srcCGRANode: 10; dstDFGNode: 0, dstCGRANode: 9; backEdge: 0
[DEBUG] in shareSameCycle is true: node 0
[DEBUG] cannot route due to II is violated for backward cycle
DEBUG target DFG node: 0 on fu: 9 failed, mapped pred DFG node: 28; return false
[DEBUG] fail1 in schedule() II: 2
[DEBUG] the failed path -- cycle: 2 CGRANode: 5
[DEBUG] the failed path -- cycle: 3 CGRANode: 9
----------------------------------------
[DEBUG] start heuristic algorithm with II=3
[DEBUG] schedule dfg node[28] onto fu[10] at cycle 0 within II: 3
[DEBUG] setDFGNode 28 onto CGRANode 10 at cycle: 0
[DEBUG] success in schedule()
[DEBUG] schedule dfg node[29] onto fu[6] at cycle 1 within II: 3
[DEBUG] setDFGNode 29 onto CGRANode 6 at cycle: 1
[DEBUG] in allocateReg() t_cycle: 0; i: 0 CGRA node: 6; link: 0 duration 1
[DEBUG] done reg allocation
[DEBUG] occupy link[10]-->[6] (bypass:0) dfgNode: 28 at cycle 0
[DEBUG] skip predecessor routing -- dfgNode: 28
[DEBUG] success in schedule()
[DEBUG] schedule dfg node[30] onto fu[5] at cycle 2 within II: 3
[DEBUG] setDFGNode 30 onto CGRANode 5 at cycle: 2
[DEBUG] in allocateReg() t_cycle: 1; i: 0 CGRA node: 5; link: 3 duration 1
[DEBUG] done reg allocation
[DEBUG] occupy link[6]-->[5] (bypass:0) dfgNode: 29 at cycle 1
[DEBUG] skip predecessor routing -- dfgNode: 29
[DEBUG] success in schedule()
[DEBUG] schedule dfg node[0] onto fu[9] at cycle 3 within II: 3
[DEBUG] setDFGNode 0 onto CGRANode 9 at cycle: 3
[DEBUG] in allocateReg() t_cycle: 2; i: 0 CGRA node: 9; link: 1 duration 1
[DEBUG] done reg allocation
[DEBUG] occupy link[5]-->[9] (bypass:0) dfgNode: 30 at cycle 2
[DEBUG] tryToRoute -- srcDFGNode: 28, srcCGRANode: 10; dstDFGNode: 0, dstCGRANode: 9; backEdge: 0
[DEBUG] in shareSameCycle is true: node 0
[DEBUG] cannot route due to II is violated for backward cycle
DEBUG target DFG node: 0 on fu: 9 failed, mapped pred DFG node: 28; return false
[DEBUG] fail1 in schedule() II: 3
[DEBUG] the failed path -- cycle: 2 CGRANode: 5
[DEBUG] the failed path -- cycle: 3 CGRANode: 9
----------------------------------------
[DEBUG] start heuristic algorithm with II=4
[DEBUG] schedule dfg node[28] onto fu[10] at cycle 0 within II: 4
[DEBUG] setDFGNode 28 onto CGRANode 10 at cycle: 0
[DEBUG] success in schedule()
[DEBUG] schedule dfg node[29] onto fu[6] at cycle 1 within II: 4
[DEBUG] setDFGNode 29 onto CGRANode 6 at cycle: 1
[DEBUG] in allocateReg() t_cycle: 0; i: 0 CGRA node: 6; link: 0 duration 1
[DEBUG] done reg allocation
[DEBUG] occupy link[10]-->[6] (bypass:0) dfgNode: 28 at cycle 0
[DEBUG] skip predecessor routing -- dfgNode: 28
[DEBUG] success in schedule()
[DEBUG] schedule dfg node[30] onto fu[5] at cycle 2 within II: 4
[DEBUG] setDFGNode 30 onto CGRANode 5 at cycle: 2
[DEBUG] in allocateReg() t_cycle: 1; i: 0 CGRA node: 5; link: 3 duration 1
[DEBUG] done reg allocation
[DEBUG] occupy link[6]-->[5] (bypass:0) dfgNode: 29 at cycle 1
[DEBUG] skip predecessor routing -- dfgNode: 29
[DEBUG] success in schedule()
[DEBUG] schedule dfg node[0] onto fu[9] at cycle 3 within II: 4
[DEBUG] setDFGNode 0 onto CGRANode 9 at cycle: 3
[DEBUG] in allocateReg() t_cycle: 2; i: 0 CGRA node: 9; link: 1 duration 1
[DEBUG] done reg allocation
[DEBUG] occupy link[5]-->[9] (bypass:0) dfgNode: 30 at cycle 2
[DEBUG] tryToRoute -- srcDFGNode: 28, srcCGRANode: 10; dstDFGNode: 0, dstCGRANode: 9; backEdge: 0
[DEBUG] in shareSameCycle is true: node 0
[DEBUG] check route size: 2
[DEBUG] reset duration: 3 t_dstCycle: 3 previous: 0 II: 4
[DEBUG] in allocateReg() t_cycle: 0; i: 1 CGRA node: 9; link: 3 duration 3
[DEBUG] done reg allocation
[DEBUG] occupy link[10]-->[9] (bypass:0) dfgNode: 28 at cycle 0
[DEBUG] skip predecessor routing -- dfgNode: 30
[DEBUG] in shareSameCycle is true: node 0
[DEBUG] tryToRoute -- srcDFGNode: 0, srcCGRANode: 9; dstDFGNode: 28, dstCGRANode: 10; backEdge: 1
[DEBUG] in shareSameCycle is true: node 28
[DEBUG] check route size: 2
[DEBUG] reset duration: 1 t_dstCycle: 0 previous: 3 II: 4
[DEBUG] in allocateReg() t_cycle: 3; i: 0 CGRA node: 10; link: 2 duration 1
[DEBUG] done reg allocation
[DEBUG] occupy link[9]-->[10] (bypass:0) dfgNode: 0 at cycle 3
[DEBUG] success in schedule()
[DEBUG] schedule dfg node[1] onto fu[11] at cycle 5 within II: 4
[DEBUG] setDFGNode 1 onto CGRANode 11 at cycle: 5
[DEBUG] occupy link[9]-->[10] (bypass:1) dfgNode: 0 at cycle 3
[DEBUG] in allocateReg() t_cycle: 4; i: 0 CGRA node: 11; link: 2 duration 1
[DEBUG] done reg allocation
[DEBUG] occupy link[10]-->[11] (bypass:0) dfgNode: 0 at cycle 4
[DEBUG] skip predecessor routing -- dfgNode: 0
[DEBUG] success in schedule()
[DEBUG] schedule dfg node[6] onto fu[13] at cycle 4 within II: 4
[DEBUG] setDFGNode 6 onto CGRANode 13 at cycle: 4
[DEBUG] in allocateReg() t_cycle: 3; i: 0 CGRA node: 13; link: 1 duration 1
[DEBUG] done reg allocation
[DEBUG] occupy link[9]-->[13] (bypass:0) dfgNode: 0 at cycle 3
[DEBUG] skip predecessor routing -- dfgNode: 0
[DEBUG] success in schedule()
[DEBUG] schedule dfg node[9] onto fu[14] at cycle 5 within II: 4
[DEBUG] setDFGNode 9 onto CGRANode 14 at cycle: 5
[DEBUG] occupy link[9]-->[10] (bypass:1) dfgNode: 0 at cycle 3
[DEBUG] in allocateReg() t_cycle: 4; i: 0 CGRA node: 14; link: 1 duration 1
[DEBUG] done reg allocation
[DEBUG] occupy link[10]-->[14] (bypass:0) dfgNode: 0 at cycle 4
[DEBUG] skip predecessor routing -- dfgNode: 0
[DEBUG] success in schedule()
[DEBUG] schedule dfg node[16] onto fu[5] at cycle 4 within II: 4
[DEBUG] setDFGNode 16 onto CGRANode 5 at cycle: 4
[DEBUG] in allocateReg() t_cycle: 3; i: 0 CGRA node: 5; link: 0 duration 1
[DEBUG] done reg allocation
[DEBUG] occupy link[9]-->[5] (bypass:0) dfgNode: 0 at cycle 3
[DEBUG] skip predecessor routing -- dfgNode: 0
[DEBUG] success in schedule()
[DEBUG] schedule dfg node[18] onto fu[10] at cycle 5 within II: 4
[DEBUG] setDFGNode 18 onto CGRANode 10 at cycle: 5
[DEBUG] in allocateReg() t_cycle: 3; i: 1 CGRA node: 10; link: 2 duration 2
[DEBUG] done reg allocation
[DEBUG] occupy link[9]-->[10] (bypass:0) dfgNode: 0 at cycle 3
[DEBUG] skip predecessor routing -- dfgNode: 0
[DEBUG] success in schedule()
[DEBUG] schedule dfg node[2] onto fu[10] at cycle 6 within II: 4
[DEBUG] setDFGNode 2 onto CGRANode 10 at cycle: 6
[DEBUG] in allocateReg() t_cycle: 5; i: 0 CGRA node: 10; link: 3 duration 1
[DEBUG] done reg allocation
[DEBUG] occupy link[11]-->[10] (bypass:0) dfgNode: 1 at cycle 5
[DEBUG] skip predecessor routing -- dfgNode: 1
[DEBUG] success in schedule()
[DEBUG] schedule dfg node[4] onto fu[6] at cycle 7 within II: 4
[DEBUG] setDFGNode 4 onto CGRANode 6 at cycle: 7
[DEBUG] occupy link[11]-->[7] (bypass:1) dfgNode: 1 at cycle 5
[DEBUG] in allocateReg() t_cycle: 6; i: 0 CGRA node: 6; link: 3 duration 1
[DEBUG] done reg allocation
[DEBUG] occupy link[7]-->[6] (bypass:0) dfgNode: 1 at cycle 6
[DEBUG] skip predecessor routing -- dfgNode: 1
[DEBUG] success in schedule()
[DEBUG] no available path for DFG node 7 on CGRA node 1 within II 4; path size: 1.
[DEBUG] no available path for DFG node 7 on CGRA node 2 within II 4; path size: 1.
[DEBUG] no available path for DFG node 7 on CGRA node 3 within II 4; path size: 1.
[DEBUG] no available path for DFG node 7 on CGRA node 5 within II 4; path size: 2.
[DEBUG] no available path for DFG node 7 on CGRA node 6 within II 4; path size: 2.
[DEBUG] no available path for DFG node 7 on CGRA node 7 within II 4; path size: 2.
[DEBUG] no available path for DFG node 7 on CGRA node 9 within II 4; path size: 3.
[DEBUG] no available path for DFG node 7 on CGRA node 10 within II 4; path size: 3.
[DEBUG] no available path for DFG node 7 on CGRA node 11 within II 4; path size: 3.
[DEBUG] no available path for DFG node 7 on CGRA node 13 within II 4; path size: 4.
[DEBUG] no available path for DFG node 7 on CGRA node 14 within II 4; path size: 4.
[DEBUG] no available path for DFG node 7 on CGRA node 15 within II 4; path size: 4.
[DEBUG] schedule dfg node[7] onto fu[8] at cycle 6 within II: 4
[DEBUG] setDFGNode 7 onto CGRANode 8 at cycle: 6
[DEBUG] occupy link[13]-->[9] (bypass:1) dfgNode: 6 at cycle 4
[DEBUG] in allocateReg() t_cycle: 5; i: 0 CGRA node: 8; link: 3 duration 1
[DEBUG] done reg allocation
[DEBUG] occupy link[9]-->[8] (bypass:0) dfgNode: 6 at cycle 5
[DEBUG] skip predecessor routing -- dfgNode: 6
[DEBUG] success in schedule()
[DEBUG] no available path for DFG node 10 on CGRA node 1 within II 4; path size: 1.
[DEBUG] no available path for DFG node 10 on CGRA node 2 within II 4; path size: 1.
[DEBUG] no available path for DFG node 10 on CGRA node 3 within II 4; path size: 1.
[DEBUG] no available path for DFG node 10 on CGRA node 5 within II 4; path size: 2.
[DEBUG] no available path for DFG node 10 on CGRA node 6 within II 4; path size: 2.
[DEBUG] no available path for DFG node 10 on CGRA node 7 within II 4; path size: 2.
[DEBUG] no available path for DFG node 10 on CGRA node 9 within II 4; path size: 3.
[DEBUG] no available path for DFG node 10 on CGRA node 10 within II 4; path size: 3.
[DEBUG] no available path for DFG node 10 on CGRA node 11 within II 4; path size: 3.
[DEBUG] no available path for DFG node 10 on CGRA node 13 within II 4; path size: 4.
[DEBUG] no available path for DFG node 10 on CGRA node 14 within II 4; path size: 4.
[DEBUG] no available path for DFG node 10 on CGRA node 15 within II 4; path size: 4.
[DEBUG] schedule dfg node[10] onto fu[8] at cycle 8 within II: 4
[DEBUG] setDFGNode 10 onto CGRANode 8 at cycle: 8
[DEBUG] occupy link[14]-->[10] (bypass:1) dfgNode: 9 at cycle 5
[DEBUG] occupy link[10]-->[9] (bypass:1) dfgNode: 9 at cycle 6
[DEBUG] in allocateReg() t_cycle: 7; i: 0 CGRA node: 8; link: 3 duration 1
[DEBUG] done reg allocation
[DEBUG] occupy link[9]-->[8] (bypass:0) dfgNode: 9 at cycle 7
[DEBUG] skip predecessor routing -- dfgNode: 9
[DEBUG] success in schedule()
[DEBUG] no available path for DFG node 17 on CGRA node 1 within II 4; path size: 1.
[DEBUG] no available path for DFG node 17 on CGRA node 2 within II 4; path size: 1.
[DEBUG] no available path for DFG node 17 on CGRA node 3 within II 4; path size: 1.
[DEBUG] no available path for DFG node 17 on CGRA node 5 within II 4; path size: 2.
[DEBUG] no available path for DFG node 17 on CGRA node 6 within II 4; path size: 2.
[DEBUG] no available path for DFG node 17 on CGRA node 7 within II 4; path size: 2.
[DEBUG] no available path for DFG node 17 on CGRA node 9 within II 4; path size: 3.
[DEBUG] no available path for DFG node 17 on CGRA node 10 within II 4; path size: 3.
[DEBUG] no available path for DFG node 17 on CGRA node 11 within II 4; path size: 3.
[DEBUG] no available path for DFG node 17 on CGRA node 13 within II 4; path size: 4.
[DEBUG] no available path for DFG node 17 on CGRA node 14 within II 4; path size: 4.
[DEBUG] no available path for DFG node 17 on CGRA node 15 within II 4; path size: 4.
[DEBUG] schedule dfg node[17] onto fu[4] at cycle 5 within II: 4
[DEBUG] setDFGNode 17 onto CGRANode 4 at cycle: 5
[DEBUG] in allocateReg() t_cycle: 4; i: 0 CGRA node: 4; link: 3 duration 1
[DEBUG] done reg allocation
[DEBUG] occupy link[5]-->[4] (bypass:0) dfgNode: 16 at cycle 4
[DEBUG] skip predecessor routing -- dfgNode: 16
[DEBUG] success in schedule()
[DEBUG] no available path for DFG node 19 on CGRA node 1 within II 4; path size: 1.
[DEBUG] no available path for DFG node 19 on CGRA node 2 within II 4; path size: 1.
[DEBUG] no available path for DFG node 19 on CGRA node 3 within II 4; path size: 1.
[DEBUG] no available path for DFG node 19 on CGRA node 5 within II 4; path size: 2.
[DEBUG] no available path for DFG node 19 on CGRA node 6 within II 4; path size: 2.
[DEBUG] no available path for DFG node 19 on CGRA node 7 within II 4; path size: 2.
[DEBUG] no available path for DFG node 19 on CGRA node 9 within II 4; path size: 3.
[DEBUG] no available path for DFG node 19 on CGRA node 10 within II 4; path size: 3.
[DEBUG] no available path for DFG node 19 on CGRA node 11 within II 4; path size: 3.
[DEBUG] no available path for DFG node 19 on CGRA node 13 within II 4; path size: 4.
[DEBUG] no available path for DFG node 19 on CGRA node 14 within II 4; path size: 4.
[DEBUG] no available path for DFG node 19 on CGRA node 15 within II 4; path size: 4.
[DEBUG] schedule dfg node[19] onto fu[12] at cycle 8 within II: 4
[DEBUG] setDFGNode 19 onto CGRANode 12 at cycle: 8
[DEBUG] occupy link[10]-->[14] (bypass:1) dfgNode: 18 at cycle 5
[DEBUG] occupy link[14]-->[13] (bypass:1) dfgNode: 18 at cycle 6
[DEBUG] in allocateReg() t_cycle: 7; i: 0 CGRA node: 12; link: 3 duration 1
[DEBUG] done reg allocation
[DEBUG] occupy link[13]-->[12] (bypass:0) dfgNode: 18 at cycle 7
[DEBUG] skip predecessor routing -- dfgNode: 18
[DEBUG] success in schedule()
[DEBUG] no available path for DFG node 3 on CGRA node 1 within II 4; path size: 1.
[DEBUG] no available path for DFG node 3 on CGRA node 2 within II 4; path size: 1.
[DEBUG] no available path for DFG node 3 on CGRA node 3 within II 4; path size: 1.
[DEBUG] no available path for DFG node 3 on CGRA node 5 within II 4; path size: 2.
[DEBUG] no available path for DFG node 3 on CGRA node 6 within II 4; path size: 2.
[DEBUG] no available path for DFG node 3 on CGRA node 7 within II 4; path size: 2.
[DEBUG] no available path for DFG node 3 on CGRA node 9 within II 4; path size: 3.
[DEBUG] no available path for DFG node 3 on CGRA node 10 within II 4; path size: 3.
[DEBUG] no available path for DFG node 3 on CGRA node 11 within II 4; path size: 3.
[DEBUG] no available path for DFG node 3 on CGRA node 13 within II 4; path size: 4.
[DEBUG] no available path for DFG node 3 on CGRA node 14 within II 4; path size: 4.
[DEBUG] no available path for DFG node 3 on CGRA node 15 within II 4; path size: 4.
[DEBUG] schedule dfg node[3] onto fu[12] at cycle 9 within II: 4
[DEBUG] setDFGNode 3 onto CGRANode 12 at cycle: 9
[DEBUG] occupy link[10]-->[14] (bypass:1) dfgNode: 2 at cycle 6
[DEBUG] occupy link[14]-->[13] (bypass:1) dfgNode: 2 at cycle 7
[DEBUG] in allocateReg() t_cycle: 8; i: 0 CGRA node: 12; link: 3 duration 1
[DEBUG] done reg allocation
[DEBUG] occupy link[13]-->[12] (bypass:0) dfgNode: 2 at cycle 8
[DEBUG] skip predecessor routing -- dfgNode: 2
[DEBUG] success in schedule()
[DEBUG] no available path for DFG node 5 on CGRA node 1 within II 4; path size: 1.
[DEBUG] no available path for DFG node 5 on CGRA node 2 within II 4; path size: 1.
[DEBUG] no available path for DFG node 5 on CGRA node 3 within II 4; path size: 1.
[DEBUG] no available path for DFG node 5 on CGRA node 5 within II 4; path size: 2.
[DEBUG] no available path for DFG node 5 on CGRA node 6 within II 4; path size: 2.
[DEBUG] no available path for DFG node 5 on CGRA node 7 within II 4; path size: 2.
[DEBUG] no available path for DFG node 5 on CGRA node 9 within II 4; path size: 3.
[DEBUG] no available path for DFG node 5 on CGRA node 10 within II 4; path size: 3.
[DEBUG] no available path for DFG node 5 on CGRA node 11 within II 4; path size: 3.
[DEBUG] no available path for DFG node 5 on CGRA node 13 within II 4; path size: 4.
[DEBUG] no available path for DFG node 5 on CGRA node 14 within II 4; path size: 4.
[DEBUG] no available path for DFG node 5 on CGRA node 15 within II 4; path size: 4.
[DEBUG] schedule dfg node[5] onto fu[0] at cycle 10 within II: 4
[DEBUG] setDFGNode 5 onto CGRANode 0 at cycle: 10
[DEBUG] occupy link[6]-->[2] (bypass:1) dfgNode: 4 at cycle 7
[DEBUG] occupy link[2]-->[1] (bypass:1) dfgNode: 4 at cycle 8
[DEBUG] in allocateReg() t_cycle: 9; i: 0 CGRA node: 0; link: 3 duration 1
[DEBUG] done reg allocation
[DEBUG] occupy link[1]-->[0] (bypass:0) dfgNode: 4 at cycle 9
[DEBUG] skip predecessor routing -- dfgNode: 4
[DEBUG] success in schedule()
[DEBUG] schedule dfg node[8] onto fu[13] at cycle 10 within II: 4
[DEBUG] setDFGNode 8 onto CGRANode 13 at cycle: 10
[DEBUG] in allocateReg() t_cycle: 9; i: 0 CGRA node: 13; link: 2 duration 1
[DEBUG] done reg allocation
[DEBUG] occupy link[12]-->[13] (bypass:0) dfgNode: 3 at cycle 9
[DEBUG] skip predecessor routing -- dfgNode: 3
[DEBUG] tryToRoute -- srcDFGNode: 7, srcCGRANode: 8; dstDFGNode: 8, dstCGRANode: 13; backEdge: 0
[DEBUG] check route size: 3
[DEBUG] occupy link[8]-->[12] (bypass:1) dfgNode: 7 at cycle 6
[DEBUG] reset duration: 3 t_dstCycle: 10 previous: 7 II: 4
[DEBUG] in allocateReg() t_cycle: 7; i: 1 CGRA node: 13; link: 2 duration 3
[DEBUG] done reg allocation
[DEBUG] occupy link[12]-->[13] (bypass:0) dfgNode: 7 at cycle 7
[DEBUG] success in schedule()
[DEBUG] schedule dfg node[11] onto fu[1] at cycle 11 within II: 4
[DEBUG] setDFGNode 11 onto CGRANode 1 at cycle: 11
[DEBUG] in allocateReg() t_cycle: 10; i: 0 CGRA node: 1; link: 2 duration 1
[DEBUG] done reg allocation
[DEBUG] occupy link[0]-->[1] (bypass:0) dfgNode: 5 at cycle 10
[DEBUG] skip predecessor routing -- dfgNode: 5
[DEBUG] tryToRoute -- srcDFGNode: 10, srcCGRANode: 8; dstDFGNode: 11, dstCGRANode: 1; backEdge: 0
[DEBUG] check route size: 4
[DEBUG] occupy link[8]-->[4] (bypass:1) dfgNode: 10 at cycle 8
[DEBUG] occupy link[4]-->[5] (bypass:1) dfgNode: 10 at cycle 9
[DEBUG] reset duration: 1 t_dstCycle: 11 previous: 10 II: 4
[DEBUG] in allocateReg() t_cycle: 10; i: 1 CGRA node: 1; link: 0 duration 1
[DEBUG] done reg allocation
[DEBUG] occupy link[5]-->[1] (bypass:0) dfgNode: 10 at cycle 10
[DEBUG] success in schedule()
[DEBUG] schedule dfg node[13] onto fu[2] at cycle 12 within II: 4
[DEBUG] setDFGNode 13 onto CGRANode 2 at cycle: 12
[DEBUG] occupy link[0]-->[1] (bypass:1) dfgNode: 5 at cycle 10
[DEBUG] in allocateReg() t_cycle: 11; i: 0 CGRA node: 2; link: 2 duration 1
[DEBUG] done reg allocation
[DEBUG] occupy link[1]-->[2] (bypass:0) dfgNode: 5 at cycle 11
[DEBUG] skip predecessor routing -- dfgNode: 5
[DEBUG] tryToRoute -- srcDFGNode: 7, srcCGRANode: 8; dstDFGNode: 13, dstCGRANode: 2; backEdge: 0
[DEBUG] check route size: 5
[DEBUG] occupy link[8]-->[4] (bypass:1) dfgNode: 7 at cycle 6
[DEBUG] occupy link[4]-->[0] (bypass:1) dfgNode: 7 at cycle 7
[DEBUG] occupy link[0]-->[1] (bypass:1) dfgNode: 7 at cycle 8
[DEBUG] reset duration: 3 t_dstCycle: 12 previous: 9 II: 4
[DEBUG] in allocateReg() t_cycle: 9; i: 1 CGRA node: 2; link: 2 duration 3
[DEBUG] done reg allocation
[DEBUG] occupy link[1]-->[2] (bypass:0) dfgNode: 7 at cycle 9
[DEBUG] success in schedule()
[DEBUG] schedule dfg node[14] onto fu[14] at cycle 11 within II: 4
[DEBUG] setDFGNode 14 onto CGRANode 14 at cycle: 11
[DEBUG] occupy link[12]-->[13] (bypass:1) dfgNode: 3 at cycle 9
[DEBUG] in allocateReg() t_cycle: 10; i: 0 CGRA node: 14; link: 2 duration 1
[DEBUG] done reg allocation
[DEBUG] occupy link[13]-->[14] (bypass:0) dfgNode: 3 at cycle 10
[DEBUG] skip predecessor routing -- dfgNode: 3
[DEBUG] tryToRoute -- srcDFGNode: 10, srcCGRANode: 8; dstDFGNode: 14, dstCGRANode: 14; backEdge: 0
[DEBUG] check route size: 4
[DEBUG] occupy link[8]-->[9] (bypass:1) dfgNode: 10 at cycle 8
[DEBUG] occupy link[9]-->[13] (bypass:1) dfgNode: 10 at cycle 9
[DEBUG] reset duration: 1 t_dstCycle: 11 previous: 10 II: 4
[DEBUG] in allocateReg() t_cycle: 10; i: 1 CGRA node: 14; link: 2 duration 1
[DEBUG] done reg allocation
[DEBUG] occupy link[13]-->[14] (bypass:0) dfgNode: 10 at cycle 10
[DEBUG] success in schedule()
[DEBUG] schedule dfg node[12] onto fu[9] at cycle 13 within II: 4
[DEBUG] setDFGNode 12 onto CGRANode 9 at cycle: 13
[DEBUG] occupy link[1]-->[5] (bypass:1) dfgNode: 11 at cycle 11
[DEBUG] in allocateReg() t_cycle: 12; i: 0 CGRA node: 9; link: 1 duration 1
[DEBUG] done reg allocation
[DEBUG] occupy link[5]-->[9] (bypass:0) dfgNode: 11 at cycle 12
[DEBUG] tryToRoute -- srcDFGNode: 8, srcCGRANode: 13; dstDFGNode: 12, dstCGRANode: 9; backEdge: 0
[DEBUG] check route size: 2
[DEBUG] reset duration: 3 t_dstCycle: 13 previous: 10 II: 4
[DEBUG] in allocateReg() t_cycle: 10; i: 2 CGRA node: 9; link: 0 duration 3
[DEBUG] done reg allocation
[DEBUG] occupy link[13]-->[9] (bypass:0) dfgNode: 8 at cycle 10
[DEBUG] skip predecessor routing -- dfgNode: 11
[DEBUG] success in schedule()
[DEBUG] schedule dfg node[15] onto fu[11] at cycle 15 within II: 4
[DEBUG] setDFGNode 15 onto CGRANode 11 at cycle: 15
[DEBUG] occupy link[2]-->[3] (bypass:1) dfgNode: 13 at cycle 12
[DEBUG] occupy link[3]-->[7] (bypass:1) dfgNode: 13 at cycle 13
[DEBUG] in allocateReg() t_cycle: 14; i: 0 CGRA node: 11; link: 1 duration 1
[DEBUG] done reg allocation
[DEBUG] occupy link[7]-->[11] (bypass:0) dfgNode: 13 at cycle 14
[DEBUG] skip predecessor routing -- dfgNode: 13
[DEBUG] tryToRoute -- srcDFGNode: 14, srcCGRANode: 14; dstDFGNode: 15, dstCGRANode: 11; backEdge: 0
[DEBUG] check route size: 3
[DEBUG] occupy link[14]-->[15] (bypass:1) dfgNode: 14 at cycle 11
[DEBUG] reset duration: 3 t_dstCycle: 15 previous: 12 II: 4
[DEBUG] in allocateReg() t_cycle: 12; i: 1 CGRA node: 11; link: 0 duration 3
[DEBUG] done reg allocation
[DEBUG] occupy link[15]-->[11] (bypass:0) dfgNode: 14 at cycle 12
[DEBUG] success in schedule()
[DEBUG] schedule dfg node[20] onto fu[7] at cycle 16 within II: 4
[DEBUG] setDFGNode 20 onto CGRANode 7 at cycle: 16
[DEBUG] occupy link[9]-->[5] (bypass:1) dfgNode: 12 at cycle 13
[DEBUG] occupy link[5]-->[6] (bypass:1) dfgNode: 12 at cycle 14
[DEBUG] in allocateReg() t_cycle: 15; i: 0 CGRA node: 7; link: 2 duration 1
[DEBUG] done reg allocation
[DEBUG] occupy link[6]-->[7] (bypass:0) dfgNode: 12 at cycle 15
[DEBUG] tryToRoute -- srcDFGNode: 17, srcCGRANode: 4; dstDFGNode: 20, dstCGRANode: 7; backEdge: 0
[DEBUG] check route size: 4
[DEBUG] reset duration: 3 t_dstCycle: 16 previous: 5 II: 4
[DEBUG] in allocateReg() t_cycle: 5; i: 1 CGRA node: 5; link: 2 duration 3
[DEBUG] done reg allocation
[DEBUG] occupy link[4]-->[5] (bypass:0) dfgNode: 17 at cycle 5
[DEBUG] occupy link[5]-->[6] (bypass:1) dfgNode: 17 at cycle 7
[DEBUG] reset duration: 0 t_dstCycle: 16 previous: 8 II: 4
[DEBUG] reset duration is 0...
[DEBUG] in allocateReg() t_cycle: 8; i: 1 CGRA node: 7; link: 2 duration 4
[DEBUG] done reg allocation
[DEBUG] occupy link[6]-->[7] (bypass:0) dfgNode: 17 at cycle 8
[DEBUG] skip predecessor routing -- dfgNode: 12
[DEBUG] success in schedule()
[DEBUG] schedule dfg node[22] onto fu[15] at cycle 16 within II: 4
[DEBUG] setDFGNode 22 onto CGRANode 15 at cycle: 16
[DEBUG] in allocateReg() t_cycle: 15; i: 0 CGRA node: 15; link: 1 duration 1
[DEBUG] done reg allocation
[DEBUG] occupy link[11]-->[15] (bypass:0) dfgNode: 15 at cycle 15
[DEBUG] tryToRoute -- srcDFGNode: 19, srcCGRANode: 12; dstDFGNode: 22, dstCGRANode: 15; backEdge: 0
[DEBUG] check route size: 4
[DEBUG] occupy link[12]-->[13] (bypass:1) dfgNode: 19 at cycle 8
[DEBUG] occupy link[13]-->[14] (bypass:1) dfgNode: 19 at cycle 9
[DEBUG] reset duration: 2 t_dstCycle: 16 previous: 10 II: 4
[DEBUG] in allocateReg() t_cycle: 10; i: 1 CGRA node: 15; link: 2 duration 2
[DEBUG] done reg allocation
[DEBUG] occupy link[14]-->[15] (bypass:0) dfgNode: 19 at cycle 10
[DEBUG] skip predecessor routing -- dfgNode: 15
[DEBUG] success in schedule()
[DEBUG] schedule dfg node[24] onto fu[3] at cycle 17 within II: 4
[DEBUG] setDFGNode 24 onto CGRANode 3 at cycle: 17
[DEBUG] occupy link[9]-->[5] (bypass:1) dfgNode: 12 at cycle 13
[DEBUG] occupy link[5]-->[6] (bypass:1) dfgNode: 12 at cycle 14
[DEBUG] occupy link[6]-->[7] (bypass:1) dfgNode: 12 at cycle 15
[DEBUG] in allocateReg() t_cycle: 16; i: 0 CGRA node: 3; link: 0 duration 1
[DEBUG] done reg allocation
[DEBUG] occupy link[7]-->[3] (bypass:0) dfgNode: 12 at cycle 16
[DEBUG] tryToRoute -- srcDFGNode: 17, srcCGRANode: 4; dstDFGNode: 24, dstCGRANode: 3; backEdge: 0
[DEBUG] check route size: 5
[DEBUG] occupy link[4]-->[5] (bypass:1) dfgNode: 17 at cycle 5
[DEBUG] reset duration: 3 t_dstCycle: 17 previous: 6 II: 4
[DEBUG] in allocateReg() t_cycle: 6; i: 1 CGRA node: 6; link: 2 duration 3
[DEBUG] done reg allocation
[DEBUG] occupy link[5]-->[6] (bypass:0) dfgNode: 17 at cycle 6
[DEBUG] occupy link[6]-->[7] (bypass:1) dfgNode: 17 at cycle 8
[DEBUG] reset duration: 0 t_dstCycle: 17 previous: 9 II: 4
[DEBUG] reset duration is 0...
[DEBUG] in allocateReg() t_cycle: 9; i: 1 CGRA node: 3; link: 0 duration 4
[DEBUG] done reg allocation
[DEBUG] occupy link[7]-->[3] (bypass:0) dfgNode: 17 at cycle 9
[DEBUG] skip predecessor routing -- dfgNode: 12
[DEBUG] success in schedule()
[DEBUG] schedule dfg node[26] onto fu[2] at cycle 18 within II: 4
[DEBUG] setDFGNode 26 onto CGRANode 2 at cycle: 18
[DEBUG] occupy link[11]-->[7] (bypass:1) dfgNode: 15 at cycle 15
[DEBUG] occupy link[7]-->[6] (bypass:1) dfgNode: 15 at cycle 16
[DEBUG] in allocateReg() t_cycle: 17; i: 0 CGRA node: 2; link: 0 duration 1
[DEBUG] done reg allocation
[DEBUG] occupy link[6]-->[2] (bypass:0) dfgNode: 15 at cycle 17
[DEBUG] tryToRoute -- srcDFGNode: 19, srcCGRANode: 12; dstDFGNode: 26, dstCGRANode: 2; backEdge: 0
[DEBUG] check route size: 6
[DEBUG] occupy link[12]-->[13] (bypass:1) dfgNode: 19 at cycle 8
[DEBUG] occupy link[13]-->[14] (bypass:1) dfgNode: 19 at cycle 9
[DEBUG] reset duration: 0 t_dstCycle: 18 previous: 10 II: 4
[DEBUG] reset duration is 0...
[DEBUG] in allocateReg() t_cycle: 10; i: 2 CGRA node: 10; link: 0 duration 4
[DEBUG] done reg allocation
[DEBUG] occupy link[14]-->[10] (bypass:0) dfgNode: 19 at cycle 10
[DEBUG] reset duration: 2 t_dstCycle: 18 previous: 12 II: 4
[DEBUG] in allocateReg() t_cycle: 12; i: 2 CGRA node: 6; link: 0 duration 2
[DEBUG] done reg allocation
[DEBUG] occupy link[10]-->[6] (bypass:0) dfgNode: 19 at cycle 12
[DEBUG] reset duration: 3 t_dstCycle: 18 previous: 15 II: 4
[DEBUG] in allocateReg() t_cycle: 15; i: 2 CGRA node: 2; link: 0 duration 3
[DEBUG] done reg allocation
[DEBUG] occupy link[6]-->[2] (bypass:0) dfgNode: 19 at cycle 15
[DEBUG] skip predecessor routing -- dfgNode: 15
[DEBUG] success in schedule()
[DEBUG] no available path for DFG node 21 on CGRA node 1 within II 4; path size: 1.
[DEBUG] no available path for DFG node 21 on CGRA node 2 within II 4; path size: 1.
[DEBUG] no available path for DFG node 21 on CGRA node 3 within II 4; path size: 1.
[DEBUG] no available path for DFG node 21 on CGRA node 5 within II 4; path size: 2.
[DEBUG] no available path for DFG node 21 on CGRA node 6 within II 4; path size: 2.
[DEBUG] no available path for DFG node 21 on CGRA node 7 within II 4; path size: 2.
[DEBUG] no available path for DFG node 21 on CGRA node 9 within II 4; path size: 3.
[DEBUG] no available path for DFG node 21 on CGRA node 10 within II 4; path size: 3.
[DEBUG] no available path for DFG node 21 on CGRA node 11 within II 4; path size: 3.
[DEBUG] no available path for DFG node 21 on CGRA node 13 within II 4; path size: 4.
[DEBUG] no available path for DFG node 21 on CGRA node 14 within II 4; path size: 4.
[DEBUG] no available path for DFG node 21 on CGRA node 15 within II 4; path size: 4.
[DEBUG] schedule dfg node[21] onto fu[12] at cycle 22 within II: 4
[DEBUG] setDFGNode 21 onto CGRANode 12 at cycle: 22
[DEBUG] occupy link[7]-->[11] (bypass:1) dfgNode: 20 at cycle 16
[DEBUG] occupy link[11]-->[15] (bypass:1) dfgNode: 20 at cycle 17
[DEBUG] occupy link[15]-->[14] (bypass:1) dfgNode: 20 at cycle 18
[DEBUG] in allocateReg() t_cycle: 19; i: 2 CGRA node: 13; link: 3 duration 3
[DEBUG] done reg allocation
[DEBUG] occupy link[14]-->[13] (bypass:0) dfgNode: 20 at cycle 19
[DEBUG] in allocateReg() t_cycle: 21; i: 0 CGRA node: 12; link: 3 duration 1
[DEBUG] done reg allocation
[DEBUG] occupy link[13]-->[12] (bypass:0) dfgNode: 20 at cycle 21
[DEBUG] skip predecessor routing -- dfgNode: 20
[DEBUG] tryToRoute -- srcDFGNode: 16, srcCGRANode: 5; dstDFGNode: 21, dstCGRANode: 12; backEdge: 0
[DEBUG] check route size: 4
[DEBUG] occupy link[5]-->[4] (bypass:1) dfgNode: 16 at cycle 4
[DEBUG] occupy link[4]-->[8] (bypass:1) dfgNode: 16 at cycle 5
[DEBUG] reset duration: 0 t_dstCycle: 22 previous: 6 II: 4
[DEBUG] reset duration is 0...
[DEBUG] in allocateReg() t_cycle: 6; i: 1 CGRA node: 12; link: 1 duration 4
[DEBUG] done reg allocation
[DEBUG] occupy link[8]-->[12] (bypass:0) dfgNode: 16 at cycle 6
[DEBUG] success in schedule()
[DEBUG] no available path for DFG node 23 on CGRA node 1 within II 4; path size: 1.
[DEBUG] no available path for DFG node 23 on CGRA node 2 within II 4; path size: 1.
[DEBUG] no available path for DFG node 23 on CGRA node 3 within II 4; path size: 1.
[DEBUG] no available path for DFG node 23 on CGRA node 5 within II 4; path size: 2.
[DEBUG] no available path for DFG node 23 on CGRA node 6 within II 4; path size: 2.
[DEBUG] no available path for DFG node 23 on CGRA node 7 within II 4; path size: 2.
[DEBUG] no available path for DFG node 23 on CGRA node 9 within II 4; path size: 3.
[DEBUG] no available path for DFG node 23 on CGRA node 10 within II 4; path size: 3.
[DEBUG] no available path for DFG node 23 on CGRA node 11 within II 4; path size: 3.
[DEBUG] no available path for DFG node 23 on CGRA node 13 within II 4; path size: 4.
[DEBUG] no available path for DFG node 23 on CGRA node 14 within II 4; path size: 4.
[DEBUG] no available path for DFG node 23 on CGRA node 15 within II 4; path size: 4.
[DEBUG] schedule dfg node[23] onto fu[12] at cycle 19 within II: 4
[DEBUG] setDFGNode 23 onto CGRANode 12 at cycle: 19
[DEBUG] occupy link[15]-->[14] (bypass:1) dfgNode: 22 at cycle 16
[DEBUG] occupy link[14]-->[13] (bypass:1) dfgNode: 22 at cycle 17
[DEBUG] in allocateReg() t_cycle: 18; i: 0 CGRA node: 12; link: 3 duration 1
[DEBUG] done reg allocation
[DEBUG] occupy link[13]-->[12] (bypass:0) dfgNode: 22 at cycle 18
[DEBUG] skip predecessor routing -- dfgNode: 22
[DEBUG] tryToRoute -- srcDFGNode: 18, srcCGRANode: 10; dstDFGNode: 23, dstCGRANode: 12; backEdge: 0
[DEBUG] check route size: 4
[DEBUG] occupy link[10]-->[14] (bypass:1) dfgNode: 18 at cycle 5
[DEBUG] occupy link[14]-->[13] (bypass:1) dfgNode: 18 at cycle 6
[DEBUG] reset duration: 0 t_dstCycle: 19 previous: 7 II: 4
[DEBUG] reset duration is 0...
[DEBUG] in allocateReg() t_cycle: 7; i: 2 CGRA node: 12; link: 3 duration 4
[DEBUG] done reg allocation
[DEBUG] occupy link[13]-->[12] (bypass:0) dfgNode: 18 at cycle 7
[DEBUG] success in schedule()
[DEBUG] no available path for DFG node 25 on CGRA node 1 within II 4; path size: 1.
[DEBUG] no available path for DFG node 25 on CGRA node 2 within II 4; path size: 1.
[DEBUG] no available path for DFG node 25 on CGRA node 3 within II 4; path size: 1.
[DEBUG] no available path for DFG node 25 on CGRA node 5 within II 4; path size: 2.
[DEBUG] no available path for DFG node 25 on CGRA node 6 within II 4; path size: 2.
[DEBUG] no available path for DFG node 25 on CGRA node 7 within II 4; path size: 2.
[DEBUG] no available path for DFG node 25 on CGRA node 9 within II 4; path size: 3.
[DEBUG] no available path for DFG node 25 on CGRA node 10 within II 4; path size: 3.
[DEBUG] no available path for DFG node 25 on CGRA node 11 within II 4; path size: 3.
[DEBUG] no available path for DFG node 25 on CGRA node 12 within II 4; path size: 3.
[DEBUG] no available path for DFG node 25 on CGRA node 13 within II 4; path size: 3.
[DEBUG] no available path for DFG node 25 on CGRA node 14 within II 4; path size: 3.
[DEBUG] no available path for DFG node 25 on CGRA node 15 within II 4; path size: 3.
[DEBUG] schedule dfg node[25] onto fu[0] at cycle 20 within II: 4
[DEBUG] setDFGNode 25 onto CGRANode 0 at cycle: 20
[DEBUG] occupy link[3]-->[2] (bypass:1) dfgNode: 24 at cycle 17
[DEBUG] occupy link[2]-->[1] (bypass:1) dfgNode: 24 at cycle 18
[DEBUG] in allocateReg() t_cycle: 19; i: 0 CGRA node: 0; link: 3 duration 1
[DEBUG] done reg allocation
[DEBUG] occupy link[1]-->[0] (bypass:0) dfgNode: 24 at cycle 19
[DEBUG] skip predecessor routing -- dfgNode: 24
[DEBUG] tryToRoute -- srcDFGNode: 2, srcCGRANode: 10; dstDFGNode: 25, dstCGRANode: 0; backEdge: 0
[DEBUG] check route size: 5
[DEBUG] occupy link[10]-->[6] (bypass:1) dfgNode: 2 at cycle 6
[DEBUG] occupy link[6]-->[5] (bypass:1) dfgNode: 2 at cycle 7
[DEBUG] occupy link[5]-->[1] (bypass:1) dfgNode: 2 at cycle 8
[DEBUG] reset duration: 3 t_dstCycle: 20 previous: 9 II: 4
[DEBUG] in allocateReg() t_cycle: 9; i: 1 CGRA node: 0; link: 3 duration 3
[DEBUG] done reg allocation
[DEBUG] occupy link[1]-->[0] (bypass:0) dfgNode: 2 at cycle 9
[DEBUG] success in schedule()
[DEBUG] no available path for DFG node 27 on CGRA node 1 within II 4; path size: 1.
[DEBUG] no available path for DFG node 27 on CGRA node 2 within II 4; path size: 1.
[DEBUG] no available path for DFG node 27 on CGRA node 3 within II 4; path size: 1.
[DEBUG] no available path for DFG node 27 on CGRA node 5 within II 4; path size: 2.
[DEBUG] no available path for DFG node 27 on CGRA node 6 within II 4; path size: 2.
[DEBUG] no available path for DFG node 27 on CGRA node 7 within II 4; path size: 2.
[DEBUG] no available path for DFG node 27 on CGRA node 9 within II 4; path size: 3.
[DEBUG] no available path for DFG node 27 on CGRA node 10 within II 4; path size: 3.
[DEBUG] no available path for DFG node 27 on CGRA node 11 within II 4; path size: 3.
[DEBUG] no available path for DFG node 27 on CGRA node 12 within II 4; path size: 3.
[DEBUG] no available path for DFG node 27 on CGRA node 13 within II 4; path size: 3.
[DEBUG] no available path for DFG node 27 on CGRA node 14 within II 4; path size: 3.
[DEBUG] no available path for DFG node 27 on CGRA node 15 within II 4; path size: 3.
[DEBUG] schedule dfg node[27] onto fu[8] at cycle 23 within II: 4
[DEBUG] setDFGNode 27 onto CGRANode 8 at cycle: 23
[DEBUG] occupy link[2]-->[6] (bypass:1) dfgNode: 26 at cycle 18
[DEBUG] in allocateReg() t_cycle: 19; i: 0 CGRA node: 5; link: 3 duration 0
[DEBUG] done reg allocation
[DEBUG] occupy link[6]-->[5] (bypass:0) dfgNode: 26 at cycle 19
[DEBUG] occupy link[5]-->[9] (bypass:1) dfgNode: 26 at cycle 21
[DEBUG] in allocateReg() t_cycle: 22; i: 0 CGRA node: 8; link: 3 duration 1
[DEBUG] done reg allocation
[DEBUG] occupy link[9]-->[8] (bypass:0) dfgNode: 26 at cycle 22
[DEBUG] skip predecessor routing -- dfgNode: 26
[DEBUG] tryToRoute -- srcDFGNode: 4, srcCGRANode: 6; dstDFGNode: 27, dstCGRANode: 8; backEdge: 0
[DEBUG] check route size: 4
[DEBUG] reset duration: 0 t_dstCycle: 23 previous: 7 II: 4
[DEBUG] reset duration is 0...
[DEBUG] in allocateReg() t_cycle: 7; i: 2 CGRA node: 5; link: 3 duration 4
[DEBUG] done reg allocation
[DEBUG] occupy link[6]-->[5] (bypass:0) dfgNode: 4 at cycle 7
[DEBUG] reset duration: 2 t_dstCycle: 23 previous: 9 II: 4
[DEBUG] in allocateReg() t_cycle: 9; i: 0 CGRA node: 4; link: 3 duration 2
[DEBUG] done reg allocation
[DEBUG] occupy link[5]-->[4] (bypass:0) dfgNode: 4 at cycle 9
[DEBUG] reset duration: 0 t_dstCycle: 23 previous: 11 II: 4
[DEBUG] reset duration is 0...
[DEBUG] in allocateReg() t_cycle: 11; i: 1 CGRA node: 8; link: 1 duration 4
[DEBUG] done reg allocation
[DEBUG] occupy link[4]-->[8] (bypass:0) dfgNode: 4 at cycle 11
[DEBUG] success in schedule()
Mapping algorithm elapsed time=114ms
--------------------------- cycle:0 ---------------------------
[     ] ⇄ [     ]   [     ] ← [     ]
             ↓         ↑         ↓ 
[     ] → [     ] ← [ 28  ] → [     ]
   ↓         ↑         ↓         ↑ 
[     ] ← [     ]   [     ] ⇄ [     ]
             ↓                   ↓ 
[     ] → [     ] ← [     ] → [     ]
--------------------------- cycle:1 ---------------------------
[     ] ⇄ [     ] ⇄ [     ]   [     ]
             ↑         ⇅         ↑ 
[     ] ← [     ]   [     ] ← [     ]
   ↑         ⇅                   ↓ 
[     ] ⇄ [     ] ← [ 29  ]   [     ]
                       ↓         ⇅ 
[     ] ← [     ] → [     ] ← [     ]
--------------------------- cycle:2 ---------------------------
[     ] ← [     ] ⇄ [     ] ⇄ [     ]
   ↑         ↓         ⇅           
[     ] ← [     ] ← [     ]   [     ]
   ↓         ↑         ↓         ↑ 
[     ]   [ 30  ] → [     ] ← [     ]
             ↓         ↑           
[     ] → [     ] ← [     ]   [     ]
--------------------------- cycle:3 ---------------------------
[     ] ⇄ [     ] ← [     ] → [     ]
             ↑                   ↑ 
[     ] ← [  0  ] → [     ]   [     ]
   ↑         ↓                   ↓ 
[     ]   [     ] ⇄ [     ] → [     ]
   ↓         ↑         ↓           
[     ] ← [     ] → [     ]   [     ]
--------------------------- cycle:4 ---------------------------
[     ] ⇄ [  6  ]   [     ] ← [     ]
             ↓         ↑         ↓ 
[     ] → [     ] ← [ 28  ] → [     ]
   ↓         ↑         ↓         ↑ 
[     ] ← [ 16  ]   [     ] ⇄ [     ]
             ↓                   ↓ 
[     ] → [     ] ← [     ] → [     ]
--------------------------- cycle:5 ---------------------------
[     ] ⇄ [     ] ⇄ [  9  ]   [     ]
             ↑         ⇅         ↑ 
[     ] ← [     ]   [ 18  ] ← [  1  ]
   ↑         ⇅                   ↓ 
[ 17  ] ⇄ [     ] ← [ 29  ]   [     ]
                       ↓         ⇅ 
[     ] ← [     ] → [     ] ← [     ]
--------------------------- cycle:6 ---------------------------
[     ] ← [     ] ⇄ [     ] ⇄ [     ]
   ↑         ↓         ⇅           
[  7  ] ← [     ] ← [  2  ]   [     ]
   ↓         ↑         ↓         ↑ 
[     ]   [ 30  ] → [     ] ← [     ]
             ↓         ↑           
[     ] → [     ] ← [     ]   [     ]
--------------------------- cycle:7 ---------------------------
[     ] ⇄ [     ] ← [     ] → [     ]
             ↑                   ↑ 
[     ] ← [  0  ] → [     ]   [     ]
   ↑         ↓                   ↓ 
[     ]   [     ] ⇄ [  4  ] → [     ]
   ↓         ↑         ↓           
[     ] ← [     ] → [     ]   [     ]
--------------------------- cycle:8 ---------------------------
[ 19  ] ⇄ [  6  ]   [     ] ← [     ]
             ↓         ↑         ↓ 
[ 10  ] → [     ] ← [ 28  ] → [     ]
   ↓         ↑         ↓         ↑ 
[     ] ← [ 16  ]   [     ] ⇄ [     ]
             ↓                   ↓ 
[     ] → [     ] ← [     ] → [     ]
--------------------------- cycle:9 ---------------------------
[  3  ] ⇄ [     ] ⇄ [  9  ]   [     ]
             ↑         ⇅         ↑ 
[     ] ← [     ]   [ 18  ] ← [  1  ]
   ↑         ⇅                   ↓ 
[ 17  ] ⇄ [     ] ← [ 29  ]   [     ]
                       ↓         ⇅ 
[     ] ← [     ] → [     ] ← [     ]
--------------------------- cycle:10 ---------------------------
[     ] ← [  8  ] ⇄ [     ] ⇄ [     ]
   ↑         ↓         ⇅           
[  7  ] ← [     ] ← [  2  ]   [     ]
   ↓         ↑         ↓         ↑ 
[     ]   [ 30  ] → [     ] ← [     ]
             ↓         ↑           
[  5  ] → [     ] ← [     ]   [     ]
--------------------------- cycle:11 ---------------------------
[     ] ⇄ [     ] ← [ 14  ] → [     ]
             ↑                   ↑ 
[     ] ← [  0  ] → [     ]   [     ]
   ↑         ↓                   ↓ 
[     ]   [     ] ⇄ [  4  ] → [     ]
   ↓         ↑         ↓           
[     ] ← [ 11  ] → [     ]   [     ]
--------------------------- cycle:12 ---------------------------
[ 19  ] ⇄ [  6  ]   [     ] ← [     ]
             ↓         ↑         ↓ 
[ 10  ] → [     ] ← [ 28  ] → [     ]
   ↓         ↑         ↓         ↑ 
[     ] ← [ 16  ]   [     ] ⇄ [     ]
             ↓                   ↓ 
[     ] → [     ] ← [ 13  ] → [     ]
--------------------------- cycle:13 ---------------------------
[  3  ] ⇄ [     ] ⇄ [  9  ]   [     ]
             ↑         ⇅         ↑ 
[     ] ← [ 12  ]   [ 18  ] ← [  1  ]
   ↑         ⇅                   ↓ 
[ 17  ] ⇄ [     ] ← [ 29  ]   [     ]
                       ↓         ⇅ 
[     ] ← [     ] → [     ] ← [     ]
--------------------------- cycle:14 ---------------------------
[     ] ← [  8  ] ⇄ [     ] ⇄ [     ]
   ↑         ↓         ⇅           
[  7  ] ← [     ] ← [  2  ]   [     ]
   ↓         ↑         ↓         ↑ 
[     ]   [ 30  ] → [     ] ← [     ]
             ↓         ↑           
[  5  ] → [     ] ← [     ]   [     ]
--------------------------- cycle:15 ---------------------------
[     ] ⇄ [     ] ← [ 14  ] → [     ]
             ↑                   ↑ 
[     ] ← [  0  ] → [     ]   [ 15  ]
   ↑         ↓                   ↓ 
[     ]   [     ] ⇄ [  4  ] → [     ]
   ↓         ↑         ↓           
[     ] ← [ 11  ] → [     ]   [     ]
--------------------------- cycle:16 ---------------------------
[ 19  ] ⇄ [  6  ]   [     ] ← [ 22  ]
             ↓         ↑         ↓ 
[ 10  ] → [     ] ← [ 28  ] → [     ]
   ↓         ↑         ↓         ↑ 
[     ] ← [ 16  ]   [     ] ⇄ [ 20  ]
             ↓                   ↓ 
[     ] → [     ] ← [ 13  ] → [     ]
--------------------------- cycle:17 ---------------------------
[  3  ] ⇄ [     ] ⇄ [  9  ]   [     ]
             ↑         ⇅         ↑ 
[     ] ← [ 12  ]   [ 18  ] ← [  1  ]
   ↑         ⇅                   ↓ 
[ 17  ] ⇄ [     ] ← [ 29  ]   [     ]
                       ↓         ⇅ 
[     ] ← [     ] → [     ] ← [ 24  ]
--------------------------- cycle:18 ---------------------------
[     ] ← [  8  ] ⇄ [     ] ⇄ [     ]
   ↑         ↓         ⇅           
[  7  ] ← [     ] ← [  2  ]   [     ]
   ↓         ↑         ↓         ↑ 
[     ]   [ 30  ] → [     ] ← [     ]
             ↓         ↑           
[  5  ] → [     ] ← [ 26  ]   [     ]
--------------------------- cycle:19 ---------------------------
[ 23  ] ⇄ [     ] ← [ 14  ] → [     ]
             ↑                   ↑ 
[     ] ← [  0  ] → [     ]   [ 15  ]
   ↑         ↓                   ↓ 
[     ]   [     ] ⇄ [  4  ] → [     ]
   ↓         ↑         ↓           
[     ] ← [ 11  ] → [     ]   [     ]
--------------------------- cycle:20 ---------------------------
[ 19  ] ⇄ [  6  ]   [     ] ← [ 22  ]
             ↓         ↑         ↓ 
[ 10  ] → [     ] ← [ 28  ] → [     ]
   ↓         ↑         ↓         ↑ 
[     ] ← [ 16  ]   [     ] ⇄ [ 20  ]
             ↓                   ↓ 
[ 25  ] → [     ] ← [ 13  ] → [     ]
--------------------------- cycle:21 ---------------------------
[  3  ] ⇄ [     ] ⇄ [  9  ]   [     ]
             ↑         ⇅         ↑ 
[     ] ← [ 12  ]   [ 18  ] ← [  1  ]
   ↑         ⇅                   ↓ 
[ 17  ] ⇄ [     ] ← [ 29  ]   [     ]
                       ↓         ⇅ 
[     ] ← [     ] → [     ] ← [ 24  ]
--------------------------- cycle:22 ---------------------------
[ 21  ] ← [  8  ] ⇄ [     ] ⇄ [     ]
   ↑         ↓         ⇅           
[  7  ] ← [     ] ← [  2  ]   [     ]
   ↓         ↑         ↓         ↑ 
[     ]   [ 30  ] → [     ] ← [     ]
             ↓         ↑           
[  5  ] → [     ] ← [ 26  ]   [     ]
--------------------------- cycle:23 ---------------------------
[ 23  ] ⇄ [     ] ← [ 14  ] → [     ]
             ↑                   ↑ 
[ 27  ] ← [  0  ] → [     ]   [ 15  ]
   ↑         ↓                   ↓ 
[     ]   [     ] ⇄ [  4  ] → [     ]
   ↓         ↑         ↓           
[     ] ← [ 11  ] → [     ]   [     ]
--------------------------- cycle:24 ---------------------------
[ 19  ] ⇄ [  6  ]   [     ] ← [ 22  ]
             ↓         ↑         ↓ 
[ 10  ] → [     ] ← [ 28  ] → [     ]
   ↓         ↑         ↓         ↑ 
[     ] ← [ 16  ]   [     ] ⇄ [ 20  ]
             ↓                   ↓ 
[ 25  ] → [     ] ← [ 13  ] → [     ]
--------------------------- cycle:25 ---------------------------
[  3  ] ⇄ [     ] ⇄ [  9  ]   [     ]
             ↑         ⇅         ↑ 
[     ] ← [ 12  ]   [ 18  ] ← [  1  ]
   ↑         ⇅                   ↓ 
[ 17  ] ⇄ [     ] ← [ 29  ]   [     ]
                       ↓         ⇅ 
[     ] ← [     ] → [     ] ← [ 24  ]
--------------------------- cycle:26 ---------------------------
[ 21  ] ← [  8  ] ⇄ [     ] ⇄ [     ]
   ↑         ↓         ⇅           
[  7  ] ← [     ] ← [  2  ]   [     ]
   ↓         ↑         ↓         ↑ 
[     ]   [ 30  ] → [     ] ← [     ]
             ↓         ↑           
[  5  ] → [     ] ← [ 26  ]   [     ]
--------------------------- cycle:27 ---------------------------
[ 23  ] ⇄ [     ] ← [ 14  ] → [     ]
             ↑                   ↑ 
[ 27  ] ← [  0  ] → [     ]   [ 15  ]
   ↑         ↓                   ↓ 
[     ]   [     ] ⇄ [  4  ] → [     ]
   ↓         ↑         ↓           
[     ] ← [ 11  ] → [     ]   [     ]
--------------------------- cycle:28 ---------------------------
[ 19  ] ⇄ [  6  ]   [     ] ← [ 22  ]
             ↓         ↑         ↓ 
[ 10  ] → [     ] ← [ 28  ] → [     ]
   ↓         ↑         ↓         ↑ 
[     ] ← [ 16  ]   [     ] ⇄ [ 20  ]
             ↓                   ↓ 
[ 25  ] → [     ] ← [ 13  ] → [     ]
--------------------------- cycle:29 ---------------------------
[  3  ] ⇄ [     ] ⇄ [  9  ]   [     ]
             ↑         ⇅         ↑ 
[     ] ← [ 12  ]   [ 18  ] ← [  1  ]
   ↑         ⇅                   ↓ 
[ 17  ] ⇄ [     ] ← [ 29  ]   [     ]
                       ↓         ⇅ 
[     ] ← [     ] → [     ] ← [ 24  ]
--------------------------- cycle:30 ---------------------------
[ 21  ] ← [  8  ] ⇄ [     ] ⇄ [     ]
   ↑         ↓         ⇅           
[  7  ] ← [     ] ← [  2  ]   [     ]
   ↓         ↑         ↓         ↑ 
[     ]   [ 30  ] → [     ] ← [     ]
             ↓         ↑           
[  5  ] → [     ] ← [ 26  ]   [     ]
--------------------------- cycle:31 ---------------------------
[ 23  ] ⇄ [     ] ← [ 14  ] → [     ]
             ↑                   ↑ 
[ 27  ] ← [  0  ] → [     ]   [ 15  ]
   ↑         ↓                   ↓ 
[     ]   [     ] ⇄ [  4  ] → [     ]
   ↓         ↑         ↓           
[     ] ← [ 11  ] → [     ]   [     ]
--------------------------- cycle:32 ---------------------------
[ 19  ] ⇄ [  6  ]   [     ] ← [ 22  ]
             ↓         ↑         ↓ 
[ 10  ] → [     ] ← [ 28  ] → [     ]
   ↓         ↑         ↓         ↑ 
[     ] ← [ 16  ]   [     ] ⇄ [ 20  ]
             ↓                   ↓ 
[ 25  ] → [     ] ← [ 13  ] → [     ]
[Mapping II: 4]
[show opcode count]
add : 5
br : 1
cmp : 1
getelementptr : 6
load : 6
mul : 4
phi : 1
store : 4
sub : 3
DFG node count: 31; DFG edge count: 46; SIMD node count: 0
[Mapping Success]
==================================
[Utilization & DVFS stats]
tile avg fu utilization: 48.4375%; avg xbar utilization: 92.1875%; avg overall utilization: 92.1875%
histogram 0% tile utilization: 0
histogram (0%, 25%] tile utilization: 0
histogram (25%, 50%] tile utilization: 1
histogram (50%, 100%] tile utilization: 15
tile average DVFS frequency level: 100%
histogram 0% tile DVFS frequency ratio: 0
histogram 25% tile DVFS frequency ratio: 0
histogram 50% tile DVFS frequency ratio: 0
histogram 100% tile DVFS frequency ratio: 16
==================================
[DEBUG] inside roi for CGRA node 1...
[DEBUG] inside roi for CGRA node 1...
[DEBUG] inside roi for CGRA node 3...
[DEBUG] inside roi for CGRA node 4...
[DEBUG] inside roi for CGRA node 6...
[DEBUG] inside roi for CGRA node 7...
[DEBUG] inside roi for CGRA node 9...
[DEBUG] inside roi for CGRA node 9...
[DEBUG] inside roi for CGRA node 11...
[DEBUG] inside roi for CGRA node 13...
[DEBUG] inside roi for CGRA node 14...
[DEBUG] inside roi for CGRA node 2...
[DEBUG] inside roi for CGRA node 5...
[DEBUG] inside roi for CGRA node 7...
[DEBUG] inside roi for CGRA node 7...
[DEBUG] inside roi for CGRA node 8...
[DEBUG] inside roi for CGRA node 9...
[DEBUG] inside roi for CGRA node 10...
[DEBUG] inside roi for CGRA node 13...
[DEBUG] inside roi for CGRA node 13...
[DEBUG] inside roi for CGRA node 14...
[DEBUG] inside roi for CGRA node 14...
[DEBUG] inside roi for CGRA node 14...
[DEBUG] inside roi for CGRA node 15...
[DEBUG] inside roi for CGRA node 1...
[DEBUG] inside roi for CGRA node 1...
[DEBUG] inside roi for CGRA node 4...
[DEBUG] inside roi for CGRA node 5...
[DEBUG] inside roi for CGRA node 9...
[DEBUG] inside roi for CGRA node 13...
[DEBUG] inside roi for CGRA node 14...
[DEBUG] inside roi for CGRA node 0...
[DEBUG] inside roi for CGRA node 5...
[DEBUG] inside roi for CGRA node 6...
[DEBUG] inside roi for CGRA node 6...
[DEBUG] inside roi for CGRA node 7...
[DEBUG] inside roi for CGRA node 7...
[DEBUG] inside roi for CGRA node 10...
[DEBUG] inside roi for CGRA node 10...
[DEBUG] inside roi for CGRA node 15...
[DEBUG] inside roi for CGRA node 1...
[DEBUG] inside roi for CGRA node 1...
[DEBUG] inside roi for CGRA node 3...
[DEBUG] inside roi for CGRA node 4...
[DEBUG] inside roi for CGRA node 5...
[DEBUG] inside roi for CGRA node 6...
[DEBUG] inside roi for CGRA node 7...
[DEBUG] inside roi for CGRA node 9...
[DEBUG] inside roi for CGRA node 9...
[DEBUG] inside roi for CGRA node 11...
[DEBUG] inside roi for CGRA node 13...
[DEBUG] inside roi for CGRA node 13...
[DEBUG] inside roi for CGRA node 14...
[Output Json]
[Output Json for Incremental Mapping]
==================================
Initialize opt latency for DFG nodes: 
Deciding fusion strategy for DFG nodes: 
Initialize additional functionality on CGRA nodes: 
Finding fusion pattern for DFG: 
[function 'fmcw_transpose_map' is not in our target list]
Initialize opt latency for DFG nodes: 
Deciding fusion strategy for DFG nodes: 
Initialize additional functionality on CGRA nodes: 
Finding fusion pattern for DFG: 
[function 'fmcw_accumulate_power_map' is not in our target list]
Initialize opt latency for DFG nodes: 
Deciding fusion strategy for DFG nodes: 
Initialize additional functionality on CGRA nodes: 
Finding fusion pattern for DFG: 
[function 'fmcw_cfar_2d_map' is not in our target list]
*** reach target loop ID: 0
... done detected loops.size(): 1
└── *** current basic block: ; First Inst:   br label %6
│   └── *** ignored by pass because instruction "  br label %6" is out of the scope (target loop).
└── *** ignored by pass because basic block "" is out of the scope (target loop).
│
└── *** current basic block: ; First Inst:   ret void
│   └── *** ignored by pass because instruction "  ret void" is out of the scope (target loop).
└── *** ignored by pass because basic block "" is out of the scope (target loop).
│
└── *** current basic block: ; First Inst:   %7 = phi i64 [ 0, %4 ], [ %31, %6 ]
│   └── +++ "  %7 = phi i64 [ 0, %4 ], [ %31, %6 ]" (ID: 0)
│   └── +++ "  %8 = add nuw nsw i64 %7, 128" (ID: 1)
│   └── +++ "  %9 = getelementptr inbounds float, float* %0, i64 %8" (ID: 2)
│   └── +++ "  %10 = load float, float* %9, align 4, !tbaa !2" (ID: 3)
│   └── +++ "  %11 = getelementptr inbounds float, float* %1, i64 %8" (ID: 4)
│   └── +++ "  %12 = load float, float* %11, align 4, !tbaa !2" (ID: 5)
│   └── +++ "  %13 = getelementptr inbounds float, float* %2, i64 %7" (ID: 6)
│   └── +++ "  %14 = load float, float* %13, align 4, !tbaa !2" (ID: 7)
│   └── +++ "  %15 = fmul float %10, %14" (ID: 8)
│   └── +++ "  %16 = getelementptr inbounds float, float* %3, i64 %7" (ID: 9)
│   └── +++ "  %17 = load float, float* %16, align 4, !tbaa !2" (ID: 10)
│   └── +++ "  %18 = fmul float %12, %17" (ID: 11)
│   └── +++ "  %19 = fsub float %15, %18" (ID: 12)
│   └── +++ "  %20 = fmul float %12, %14" (ID: 13)
│   └── +++ "  %21 = fmul float %10, %17" (ID: 14)
│   └── +++ "  %22 = fadd float %20, %21" (ID: 15)
│   └── +++ "  %23 = getelementptr inbounds float, float* %0, i64 %7" (ID: 16)
│   └── +++ "  %24 = load float, float* %23, align 4, !tbaa !2" (ID: 17)
│   └── +++ "  %25 = getelementptr inbounds float, float* %1, i64 %7" (ID: 18)
│   └── +++ "  %26 = load float, float* %25, align 4, !tbaa !2" (ID: 19)
│   └── +++ "  %27 = fadd float %24, %19" (ID: 20)
│   └── +++ "  store float %27, float* %23, align 4, !tbaa !2" (ID: 21)
│   └── +++ "  %28 = fadd float %26, %22" (ID: 22)
│   └── +++ "  store float %28, float* %25, align 4, !tbaa !2" (ID: 23)
│   └── +++ "  %29 = fsub float %24, %19" (ID: 24)
│   └── +++ "  store float %29, float* %9, align 4, !tbaa !2" (ID: 25)
│   └── +++ "  %30 = fsub float %26, %22" (ID: 26)
│   └── +++ "  store float %30, float* %11, align 4, !tbaa !2" (ID: 27)
│   └── +++ "  %31 = add nuw nsw i64 %7, 1" (ID: 28)
│   └── +++ "  %32 = icmp eq i64 %31, 128" (ID: 29)
│   └── +++ "  br i1 %32, label %5, label %6, !llvm.loop !6" (ID: 30)
└── +++ basic block "" got ID: 0
│
│
└── *** curBB: ; First Inst:   %7 = phi i64 [ 0, %4 ], [ %31, %6 ]
│   ├── *** find terminator instruction of curBB:   br i1 %32, label %5, label %6, !llvm.loop !6
│   └── *** ignore sucBB ""
│   ├── *** into sucBB ""
│   │   ├── Type: first inst of a BB.
│   │   ├── ctrl flow point to:   %7 = phi i64 [ 0, %4 ], [ %31, %6 ]; In BB: 
│   │   └── +++ construct ctrl flow:   br i1 %32, label %5, label %6, !llvm.loop !6->  %7 = phi i64 [ 0, %4 ], [ %31, %6 ]
[detected one cycle] head:   %7 = phi i64 [ 0, %4 ], [ %31, %6 ]
cycle edge: {  %7 = phi i64 [ 0, %4 ], [ %31, %6 ]  } -> {  %31 = add nuw nsw i64 %7, 1  } (0 -> 28)
cycle edge: {  %31 = add nuw nsw i64 %7, 1  } -> {  %7 = phi i64 [ 0, %4 ], [ %31, %6 ]  } (28 -> 0)
[detected one cycle] head:   %7 = phi i64 [ 0, %4 ], [ %31, %6 ]
cycle edge: {  %7 = phi i64 [ 0, %4 ], [ %31, %6 ]  } -> {  %31 = add nuw nsw i64 %7, 1  } (0 -> 28)
cycle edge: {  %31 = add nuw nsw i64 %7, 1  } -> {  %32 = icmp eq i64 %31, 128  } (28 -> 29)
cycle edge: {  %32 = icmp eq i64 %31, 128  } -> {  br i1 %32, label %5, label %6, !llvm.loop !6  } (29 -> 30)
cycle edge: {  br i1 %32, label %5, label %6, !llvm.loop !6  } -> {  %7 = phi i64 [ 0, %4 ], [ %31, %6 ]  } (30 -> 0)
(28)   %31 = add nuw nsw i64 %7, 1, level: 0
(29)   %32 = icmp eq i64 %31, 128, level: 1
(30)   br i1 %32, label %5, label %6, !llvm.loop !6, level: 2
(0)   %7 = phi i64 [ 0, %4 ], [ %31, %6 ], level: 3
(1)   %8 = add nuw nsw i64 %7, 128, level: 4
(6)   %13 = getelementptr inbounds float, float* %2, i64 %7, level: 4
(9)   %16 = getelementptr inbounds float, float* %3, i64 %7, level: 4
(16)   %23 = getelementptr inbounds float, float* %0, i64 %7, level: 4
(18)   %25 = getelementptr inbounds float, float* %1, i64 %7, level: 4
(2)   %9 = getelementptr inbounds float, float* %0, i64 %8, level: 5
(4)   %11 = getelementptr inbounds float, float* %1, i64 %8, level: 5
(7)   %14 = load float, float* %13, align 4, !tbaa !2, level: 5
(10)   %17 = load float, float* %16, align 4, !tbaa !2, level: 5
(17)   %24 = load float, float* %23, align 4, !tbaa !2, level: 5
(19)   %26 = load float, float* %25, align 4, !tbaa !2, level: 5
(3)   %10 = load float, float* %9, align 4, !tbaa !2, level: 6
(5)   %12 = load float, float* %11, align 4, !tbaa !2, level: 6
(8)   %15 = fmul float %10, %14, level: 7
(11)   %18 = fmul float %12, %17, level: 7
(13)   %20 = fmul float %12, %14, level: 7
(14)   %21 = fmul float %10, %17, level: 7
(12)   %19 = fsub float %15, %18, level: 8
(15)   %22 = fadd float %20, %21, level: 8
(20)   %27 = fadd float %24, %19, level: 9
(22)   %28 = fadd float %26, %22, level: 9
(24)   %29 = fsub float %24, %19, level: 9
(26)   %30 = fsub float %26, %22, level: 9
(21)   store float %27, float* %23, align 4, !tbaa !2, level: 10
(23)   store float %28, float* %25, align 4, !tbaa !2, level: 10
(25)   store float %29, float* %9, align 4, !tbaa !2, level: 10
(27)   store float %30, float* %11, align 4, !tbaa !2, level: 10
[detected one cycle] head:   %31 = add nuw nsw i64 %7, 1
cycle edge: {  %31 = add nuw nsw i64 %7, 1  } -> {  %7 = phi i64 [ 0, %4 ], [ %31, %6 ]  } (28 -> 0)
cycle edge: {  %7 = phi i64 [ 0, %4 ], [ %31, %6 ]  } -> {  %31 = add nuw nsw i64 %7, 1  } (0 -> 28)
