Initialize opt latency for DFG nodes: 
Deciding fusion strategy for DFG nodes: 
Initialize additional functionality on CGRA nodes: 
Finding fusion pattern for DFG: 
==================================
[function 'fmcw_window_map' is one of our targets]
*** current function: fmcw_window_map
==================================
==================================
[reorder DFG along with the longest path]
==================================
disabling multiple ops
disabling multiple ops
disabling multiple ops
disabling multiple ops
Node 0 supports: "Add" "Br" "Cmp" "Logic" "Phi" "Ret" "Sel" "Shift" "Ld" "Mul"  
 
Node 1 supports: "Add" "Br" "Cmp" "Logic" "Phi" "Ret" "Sel" "Shift" "Mul"  
 
Node 2 supports: "Add" "Br" "Cmp" "Logic" "Phi" "Ret" "Sel" "Shift" "Mul"  
 
Node 3 supports: "Add" "Br" "Cmp" "Logic" "Phi" "Ret" "Sel" "Shift" "St" "Mul"  
 
==================================
[show opcode count]
add : 1
br : 1
cmp : 1
getelementptr : 5
load : 4
mul : 2
phi : 1
store : 2
DFG node count: 17; DFG edge count: 22; SIMD node count: 0
==================================
[generate dot for DFG]
==================================
[generate JSON for DFG]
==================================
[ResMII: 5]
==================================
[RecMII: 2]
==================================
[heuristic]
----------------------------------------
[DEBUG] start heuristic algorithm with II=5
[DEBUG] schedule dfg node[14] onto fu[1] at cycle 0 within II: 5
[DEBUG] setDFGNode 14 onto CGRANode 1 at cycle: 0
[DEBUG] success in schedule()
[DEBUG] schedule dfg node[15] onto fu[2] at cycle 2 within II: 5
[DEBUG] setDFGNode 15 onto CGRANode 2 at cycle: 2
[DEBUG] occupy link[1]-->[0] (bypass:1) dfgNode: 14 at cycle 0
[DEBUG] in allocateReg() t_cycle: 1; i: 0 CGRA node: 2; link: 1 duration 1
[DEBUG] done reg allocation
[DEBUG] occupy link[0]-->[2] (bypass:0) dfgNode: 14 at cycle 1
[DEBUG] skip predecessor routing -- dfgNode: 14
[DEBUG] success in schedule()
[DEBUG] schedule dfg node[16] onto fu[0] at cycle 3 within II: 5
[DEBUG] setDFGNode 16 onto CGRANode 0 at cycle: 3
[DEBUG] in allocateReg() t_cycle: 2; i: 0 CGRA node: 0; link: 0 duration 1
[DEBUG] done reg allocation
[DEBUG] occupy link[2]-->[0] (bypass:0) dfgNode: 15 at cycle 2
[DEBUG] skip predecessor routing -- dfgNode: 15
[DEBUG] success in schedule()
[DEBUG] schedule dfg node[0] onto fu[1] at cycle 4 within II: 5
[DEBUG] setDFGNode 0 onto CGRANode 1 at cycle: 4
[DEBUG] in allocateReg() t_cycle: 3; i: 0 CGRA node: 1; link: 2 duration 1
[DEBUG] done reg allocation
[DEBUG] occupy link[0]-->[1] (bypass:0) dfgNode: 16 at cycle 3
[DEBUG] tryToRoute -- srcDFGNode: 14, srcCGRANode: 1; dstDFGNode: 0, dstCGRANode: 1; backEdge: 0
[DEBUG] in shareSameCycle is true: node 0
[DEBUG] check route size: 1
[DEBUG] allocate for local reg maintain... duration=4 last cycle: 0
[DEBUG] in allocateReg() t_cycle: 0; i: 1 CGRA node: 1; link: 4 duration 4
[DEBUG] done reg allocation
[DEBUG] skip predecessor routing -- dfgNode: 16
[DEBUG] in shareSameCycle is true: node 0
[DEBUG] tryToRoute -- srcDFGNode: 0, srcCGRANode: 1; dstDFGNode: 14, dstCGRANode: 1; backEdge: 1
[DEBUG] in shareSameCycle is true: node 14
[DEBUG] check route size: 1
[DEBUG] allocate for local reg maintain... duration=1 last cycle: 4
[DEBUG] in allocateReg() t_cycle: 4; i: 0 CGRA node: 1; link: 4 duration 1
[DEBUG] done reg allocation
[DEBUG] success in schedule()
[DEBUG] schedule dfg node[1] onto fu[2] at cycle 6 within II: 5
[DEBUG] setDFGNode 1 onto CGRANode 2 at cycle: 6
[DEBUG] occupy link[1]-->[0] (bypass:1) dfgNode: 0 at cycle 4
[DEBUG] in allocateReg() t_cycle: 5; i: 0 CGRA node: 2; link: 1 duration 1
[DEBUG] done reg allocation
[DEBUG] occupy link[0]-->[2] (bypass:0) dfgNode: 0 at cycle 5
[DEBUG] skip predecessor routing -- dfgNode: 0
[DEBUG] success in schedule()
[DEBUG] schedule dfg node[3] onto fu[3] at cycle 5 within II: 5
[DEBUG] setDFGNode 3 onto CGRANode 3 at cycle: 5
[DEBUG] in allocateReg() t_cycle: 4; i: 0 CGRA node: 3; link: 1 duration 1
[DEBUG] done reg allocation
[DEBUG] occupy link[1]-->[3] (bypass:0) dfgNode: 0 at cycle 4
[DEBUG] skip predecessor routing -- dfgNode: 0
[DEBUG] success in schedule()
[DEBUG] schedule dfg node[6] onto fu[0] at cycle 5 within II: 5
[DEBUG] setDFGNode 6 onto CGRANode 0 at cycle: 5
[DEBUG] in allocateReg() t_cycle: 4; i: 0 CGRA node: 0; link: 3 duration 1
[DEBUG] done reg allocation
[DEBUG] occupy link[1]-->[0] (bypass:0) dfgNode: 0 at cycle 4
[DEBUG] skip predecessor routing -- dfgNode: 0
[DEBUG] success in schedule()
[DEBUG] schedule dfg node[8] onto fu[1] at cycle 6 within II: 5
[DEBUG] setDFGNode 8 onto CGRANode 1 at cycle: 6
[DEBUG] tryToRoute -- srcDFGNode: 0, srcCGRANode: 1; dstDFGNode: 8, dstCGRANode: 1; backEdge: 0
[DEBUG] check route size: 1
[DEBUG] allocate for local reg maintain... duration=2 last cycle: 4
[DEBUG] in allocateReg() t_cycle: 4; i: 2 CGRA node: 1; link: 4 duration 2
[DEBUG] done reg allocation
[DEBUG] success in schedule()
[DEBUG] schedule dfg node[12] onto fu[3] at cycle 6 within II: 5
[DEBUG] setDFGNode 12 onto CGRANode 3 at cycle: 6
[DEBUG] in allocateReg() t_cycle: 4; i: 1 CGRA node: 3; link: 1 duration 2
[DEBUG] done reg allocation
[DEBUG] occupy link[1]-->[3] (bypass:0) dfgNode: 0 at cycle 4
[DEBUG] skip predecessor routing -- dfgNode: 0
[DEBUG] success in schedule()
[DEBUG] no available path for DFG node 2 on CGRA node 1 within II 5; path size: 1.
[DEBUG] no available path for DFG node 2 on CGRA node 2 within II 5; path size: 1.
[DEBUG] schedule dfg node[2] onto fu[3] at cycle 7 within II: 5
[DEBUG] setDFGNode 2 onto CGRANode 3 at cycle: 7
[DEBUG] in allocateReg() t_cycle: 6; i: 0 CGRA node: 3; link: 2 duration 1
[DEBUG] done reg allocation
[DEBUG] occupy link[2]-->[3] (bypass:0) dfgNode: 1 at cycle 6
[DEBUG] skip predecessor routing -- dfgNode: 1
[DEBUG] success in schedule()
[DEBUG] no available path for DFG node 4 on CGRA node 1 within II 5; path size: 1.
[DEBUG] no available path for DFG node 4 on CGRA node 2 within II 5; path size: 1.
[DEBUG] schedule dfg node[4] onto fu[0] at cycle 7 within II: 5
[DEBUG] setDFGNode 4 onto CGRANode 0 at cycle: 7
[DEBUG] occupy link[3]-->[2] (bypass:1) dfgNode: 3 at cycle 5
[DEBUG] in allocateReg() t_cycle: 6; i: 0 CGRA node: 0; link: 0 duration 1
[DEBUG] done reg allocation
[DEBUG] occupy link[2]-->[0] (bypass:0) dfgNode: 3 at cycle 6
[DEBUG] skip predecessor routing -- dfgNode: 3
[DEBUG] success in schedule()
[DEBUG] no available path for DFG node 9 on CGRA node 1 within II 5; path size: 1.
[DEBUG] no available path for DFG node 9 on CGRA node 2 within II 5; path size: 1.
[DEBUG] schedule dfg node[9] onto fu[3] at cycle 8 within II: 5
[DEBUG] setDFGNode 9 onto CGRANode 3 at cycle: 8
[DEBUG] in allocateReg() t_cycle: 6; i: 1 CGRA node: 3; link: 1 duration 2
[DEBUG] done reg allocation
[DEBUG] occupy link[1]-->[3] (bypass:0) dfgNode: 8 at cycle 6
[DEBUG] skip predecessor routing -- dfgNode: 8
[DEBUG] success in schedule()
[DEBUG] no available path for DFG node 10 on CGRA node 1 within II 5; path size: 1.
[DEBUG] no available path for DFG node 10 on CGRA node 2 within II 5; path size: 1.
[DEBUG] schedule dfg node[10] onto fu[0] at cycle 9 within II: 5
[DEBUG] setDFGNode 10 onto CGRANode 0 at cycle: 9
[DEBUG] occupy link[3]-->[2] (bypass:1) dfgNode: 3 at cycle 5
[DEBUG] in allocateReg() t_cycle: 6; i: 1 CGRA node: 0; link: 0 duration 3
[DEBUG] done reg allocation
[DEBUG] occupy link[2]-->[0] (bypass:0) dfgNode: 3 at cycle 6
[DEBUG] skip predecessor routing -- dfgNode: 3
[DEBUG] success in schedule()
[DEBUG] schedule dfg node[5] onto fu[2] at cycle 8 within II: 5
[DEBUG] setDFGNode 5 onto CGRANode 2 at cycle: 8
[DEBUG] in allocateReg() t_cycle: 7; i: 0 CGRA node: 2; link: 3 duration 1
[DEBUG] done reg allocation
[DEBUG] occupy link[3]-->[2] (bypass:0) dfgNode: 2 at cycle 7
[DEBUG] skip predecessor routing -- dfgNode: 2
[DEBUG] tryToRoute -- srcDFGNode: 4, srcCGRANode: 0; dstDFGNode: 5, dstCGRANode: 2; backEdge: 0
[DEBUG] check route size: 2
[DEBUG] reset duration: 1 t_dstCycle: 8 previous: 7 II: 5
[DEBUG] in allocateReg() t_cycle: 7; i: 1 CGRA node: 2; link: 1 duration 1
[DEBUG] done reg allocation
[DEBUG] occupy link[0]-->[2] (bypass:0) dfgNode: 4 at cycle 7
[DEBUG] success in schedule()
[DEBUG] schedule dfg node[11] onto fu[1] at cycle 12 within II: 5
[DEBUG] setDFGNode 11 onto CGRANode 1 at cycle: 12
[DEBUG] in allocateReg() t_cycle: 8; i: 3 CGRA node: 1; link: 0 duration 4
[DEBUG] done reg allocation
[DEBUG] occupy link[3]-->[1] (bypass:0) dfgNode: 9 at cycle 8
[DEBUG] skip predecessor routing -- dfgNode: 9
[DEBUG] tryToRoute -- srcDFGNode: 10, srcCGRANode: 0; dstDFGNode: 11, dstCGRANode: 1; backEdge: 0
[DEBUG] check route size: 2
[DEBUG] reset duration: 3 t_dstCycle: 12 previous: 9 II: 5
[DEBUG] in allocateReg() t_cycle: 9; i: 4 CGRA node: 1; link: 2 duration 3
[DEBUG] done reg allocation
[DEBUG] occupy link[0]-->[1] (bypass:0) dfgNode: 10 at cycle 9
[DEBUG] success in schedule()
[DEBUG] no available path for DFG node 7 on CGRA node 1 within II 5; path size: 1.
[DEBUG] no available path for DFG node 7 on CGRA node 2 within II 5; path size: 1.
[DEBUG] schedule dfg node[7] onto fu[3] at cycle 9 within II: 5
[DEBUG] setDFGNode 7 onto CGRANode 3 at cycle: 9
[DEBUG] in allocateReg() t_cycle: 8; i: 0 CGRA node: 3; link: 2 duration 1
[DEBUG] done reg allocation
[DEBUG] occupy link[2]-->[3] (bypass:0) dfgNode: 5 at cycle 8
[DEBUG] skip predecessor routing -- dfgNode: 5
[DEBUG] tryToRoute -- srcDFGNode: 6, srcCGRANode: 0; dstDFGNode: 7, dstCGRANode: 3; backEdge: 0
[DEBUG] check route size: 3
[DEBUG] occupy link[0]-->[1] (bypass:1) dfgNode: 6 at cycle 5
[DEBUG] reset duration: 3 t_dstCycle: 9 previous: 6 II: 5
[DEBUG] in allocateReg() t_cycle: 6; i: 2 CGRA node: 3; link: 1 duration 3
[DEBUG] done reg allocation
[DEBUG] occupy link[1]-->[3] (bypass:0) dfgNode: 6 at cycle 6
[DEBUG] success in schedule()
[DEBUG] no available path for DFG node 13 on CGRA node 1 within II 5; path size: 1.
[DEBUG] no available path for DFG node 13 on CGRA node 2 within II 5; path size: 1.
[DEBUG] no available path for DFG node 13 on CGRA node 3 within II 5; path size: 1.
[DEBUG] schedule dfg node[13] onto fu[0] at cycle 16 within II: 5
[DEBUG] setDFGNode 13 onto CGRANode 0 at cycle: 16
[DEBUG] in allocateReg() t_cycle: 12; i: 2 CGRA node: 0; link: 3 duration 4
[DEBUG] done reg allocation
[DEBUG] occupy link[1]-->[0] (bypass:0) dfgNode: 11 at cycle 12
[DEBUG] skip predecessor routing -- dfgNode: 11
[DEBUG] tryToRoute -- srcDFGNode: 12, srcCGRANode: 3; dstDFGNode: 13, dstCGRANode: 0; backEdge: 0
[DEBUG] check route size: 3
[DEBUG] occupy link[3]-->[2] (bypass:1) dfgNode: 12 at cycle 6
[DEBUG] reset duration: 4 t_dstCycle: 16 previous: 7 II: 5
[DEBUG] in allocateReg() t_cycle: 7; i: 3 CGRA node: 0; link: 0 duration 4
[DEBUG] done reg allocation
[DEBUG] occupy link[2]-->[0] (bypass:0) dfgNode: 12 at cycle 7
[DEBUG] success in schedule()
Mapping algorithm elapsed time=4ms
--------------------------- cycle:0 ---------------------------
[     ] ← [     ]
   ↑           
[     ] ⇄ [ 14  ]
--------------------------- cycle:1 ---------------------------
[     ] ⇄ [     ]
   ⇅         ↑ 
[     ]   [     ]
--------------------------- cycle:2 ---------------------------
[ 15  ] ← [     ]
   ⇅           
[     ] ← [     ]
--------------------------- cycle:3 ---------------------------
[     ] → [     ]
             ↓ 
[ 16  ] → [     ]
--------------------------- cycle:4 ---------------------------
[     ]   [     ]
             ↑ 
[     ] ⇄ [  0  ]
--------------------------- cycle:5 ---------------------------
[     ] ← [  3  ]
   ↑           
[  6  ] ⇄ [ 14  ]
--------------------------- cycle:6 ---------------------------
[  1  ] ⇄ [ 12  ]
   ⇅         ↑ 
[     ]   [  8  ]
--------------------------- cycle:7 ---------------------------
[ 15  ] ← [  2  ]
   ⇅           
[  4  ] ← [     ]
--------------------------- cycle:8 ---------------------------
[  5  ] → [  9  ]
             ↓ 
[ 16  ] → [     ]
--------------------------- cycle:9 ---------------------------
[     ]   [  7  ]
             ↑ 
[ 10  ] ⇄ [  0  ]
--------------------------- cycle:10 ---------------------------
[     ] ← [  3  ]
   ↑           
[  6  ] ⇄ [ 14  ]
--------------------------- cycle:11 ---------------------------
[  1  ] ⇄ [ 12  ]
   ⇅         ↑ 
[     ]   [  8  ]
--------------------------- cycle:12 ---------------------------
[ 15  ] ← [  2  ]
   ⇅           
[  4  ] ← [ 11  ]
--------------------------- cycle:13 ---------------------------
[  5  ] → [  9  ]
             ↓ 
[ 16  ] → [     ]
--------------------------- cycle:14 ---------------------------
[     ]   [  7  ]
             ↑ 
[ 10  ] ⇄ [  0  ]
--------------------------- cycle:15 ---------------------------
[     ] ← [  3  ]
   ↑           
[  6  ] ⇄ [ 14  ]
--------------------------- cycle:16 ---------------------------
[  1  ] ⇄ [ 12  ]
   ⇅         ↑ 
[ 13  ]   [  8  ]
--------------------------- cycle:17 ---------------------------
[ 15  ] ← [  2  ]
   ⇅           
[  4  ] ← [ 11  ]
--------------------------- cycle:18 ---------------------------
[  5  ] → [  9  ]
             ↓ 
[ 16  ] → [     ]
--------------------------- cycle:19 ---------------------------
[     ]   [  7  ]
             ↑ 
[ 10  ] ⇄ [  0  ]
--------------------------- cycle:20 ---------------------------
[     ] ← [  3  ]
   ↑           
[  6  ] ⇄ [ 14  ]
[Mapping II: 5]
[show opcode count]
add : 1
br : 1
cmp : 1
getelementptr : 5
load : 4
mul : 2
phi : 1
store : 2
DFG node count: 17; DFG edge count: 22; SIMD node count: 0
[Mapping Success]
==================================
[Utilization & DVFS stats]
tile avg fu utilization: 85%; avg xbar utilization: 95%; avg overall utilization: 95%
histogram 0% tile utilization: 0
histogram (0%, 25%] tile utilization: 0
histogram (25%, 50%] tile utilization: 0
histogram (50%, 100%] tile utilization: 4
tile average DVFS frequency level: 100%
histogram 0% tile DVFS frequency ratio: 0
histogram 25% tile DVFS frequency ratio: 0
histogram 50% tile DVFS frequency ratio: 0
histogram 100% tile DVFS frequency ratio: 4
==================================
[DEBUG] inside roi for CGRA node 0...
[DEBUG] inside roi for CGRA node 1...
[DEBUG] inside roi for CGRA node 2...
[DEBUG] inside roi for CGRA node 2...
[DEBUG] inside roi for CGRA node 0...
[DEBUG] inside roi for CGRA node 0...
[DEBUG] inside roi for CGRA node 1...
[DEBUG] inside roi for CGRA node 2...
[Output Json]
[Output Json for Incremental Mapping]
==================================
Initialize opt latency for DFG nodes: 
Deciding fusion strategy for DFG nodes: 
Initialize additional functionality on CGRA nodes: 
Finding fusion pattern for DFG: 
[function 'fmcw_fft_stage_map' is not in our target list]
Initialize opt latency for DFG nodes: 
Deciding fusion strategy for DFG nodes: 
Initialize additional functionality on CGRA nodes: 
Finding fusion pattern for DFG: 
[function 'fmcw_transpose_map' is not in our target list]
Initialize opt latency for DFG nodes: 
Deciding fusion strategy for DFG nodes: 
Initialize additional functionality on CGRA nodes: 
Finding fusion pattern for DFG: 
[function 'fmcw_accumulate_power_map' is not in our target list]
Initialize opt latency for DFG nodes: 
Deciding fusion strategy for DFG nodes: 
Initialize additional functionality on CGRA nodes: 
Finding fusion pattern for DFG: 
[function 'fmcw_cfar_2d_map' is not in our target list]
*** reach target loop ID: 0
... done detected loops.size(): 1
└── *** current basic block: ; First Inst:   br label %7
│   └── *** ignored by pass because instruction "  br label %7" is out of the scope (target loop).
└── *** ignored by pass because basic block "" is out of the scope (target loop).
│
└── *** current basic block: ; First Inst:   ret void
│   └── *** ignored by pass because instruction "  ret void" is out of the scope (target loop).
└── *** ignored by pass because basic block "" is out of the scope (target loop).
│
└── *** current basic block: ; First Inst:   %8 = phi i64 [ 0, %5 ], [ %20, %7 ]
│   └── +++ "  %8 = phi i64 [ 0, %5 ], [ %20, %7 ]" (ID: 0)
│   └── +++ "  %9 = getelementptr inbounds float, float* %0, i64 %8" (ID: 1)
│   └── +++ "  %10 = load float, float* %9, align 4, !tbaa !2" (ID: 2)
│   └── +++ "  %11 = getelementptr inbounds float, float* %2, i64 %8" (ID: 3)
│   └── +++ "  %12 = load float, float* %11, align 4, !tbaa !2" (ID: 4)
│   └── +++ "  %13 = fmul float %10, %12" (ID: 5)
│   └── +++ "  %14 = getelementptr inbounds float, float* %3, i64 %8" (ID: 6)
│   └── +++ "  store float %13, float* %14, align 4, !tbaa !2" (ID: 7)
│   └── +++ "  %15 = getelementptr inbounds float, float* %1, i64 %8" (ID: 8)
│   └── +++ "  %16 = load float, float* %15, align 4, !tbaa !2" (ID: 9)
│   └── +++ "  %17 = load float, float* %11, align 4, !tbaa !2" (ID: 10)
│   └── +++ "  %18 = fmul float %16, %17" (ID: 11)
│   └── +++ "  %19 = getelementptr inbounds float, float* %4, i64 %8" (ID: 12)
│   └── +++ "  store float %18, float* %19, align 4, !tbaa !2" (ID: 13)
│   └── +++ "  %20 = add nuw nsw i64 %8, 1" (ID: 14)
│   └── +++ "  %21 = icmp eq i64 %20, 256" (ID: 15)
│   └── +++ "  br i1 %21, label %6, label %7, !llvm.loop !6" (ID: 16)
└── +++ basic block "" got ID: 0
│
│
└── *** curBB: ; First Inst:   %8 = phi i64 [ 0, %5 ], [ %20, %7 ]
│   ├── *** find terminator instruction of curBB:   br i1 %21, label %6, label %7, !llvm.loop !6
│   └── *** ignore sucBB ""
│   ├── *** into sucBB ""
│   │   ├── Type: first inst of a BB.
│   │   ├── ctrl flow point to:   %8 = phi i64 [ 0, %5 ], [ %20, %7 ]; In BB: 
│   │   └── +++ construct ctrl flow:   br i1 %21, label %6, label %7, !llvm.loop !6->  %8 = phi i64 [ 0, %5 ], [ %20, %7 ]
[detected one cycle] head:   %8 = phi i64 [ 0, %5 ], [ %20, %7 ]
cycle edge: {  %8 = phi i64 [ 0, %5 ], [ %20, %7 ]  } -> {  %20 = add nuw nsw i64 %8, 1  } (0 -> 14)
cycle edge: {  %20 = add nuw nsw i64 %8, 1  } -> {  %8 = phi i64 [ 0, %5 ], [ %20, %7 ]  } (14 -> 0)
[detected one cycle] head:   %8 = phi i64 [ 0, %5 ], [ %20, %7 ]
cycle edge: {  %8 = phi i64 [ 0, %5 ], [ %20, %7 ]  } -> {  %20 = add nuw nsw i64 %8, 1  } (0 -> 14)
cycle edge: {  %20 = add nuw nsw i64 %8, 1  } -> {  %21 = icmp eq i64 %20, 256  } (14 -> 15)
cycle edge: {  %21 = icmp eq i64 %20, 256  } -> {  br i1 %21, label %6, label %7, !llvm.loop !6  } (15 -> 16)
cycle edge: {  br i1 %21, label %6, label %7, !llvm.loop !6  } -> {  %8 = phi i64 [ 0, %5 ], [ %20, %7 ]  } (16 -> 0)
(14)   %20 = add nuw nsw i64 %8, 1, level: 0
(15)   %21 = icmp eq i64 %20, 256, level: 1
(16)   br i1 %21, label %6, label %7, !llvm.loop !6, level: 2
(0)   %8 = phi i64 [ 0, %5 ], [ %20, %7 ], level: 3
(1)   %9 = getelementptr inbounds float, float* %0, i64 %8, level: 4
(3)   %11 = getelementptr inbounds float, float* %2, i64 %8, level: 4
(6)   %14 = getelementptr inbounds float, float* %3, i64 %8, level: 4
(8)   %15 = getelementptr inbounds float, float* %1, i64 %8, level: 4
(12)   %19 = getelementptr inbounds float, float* %4, i64 %8, level: 4
(2)   %10 = load float, float* %9, align 4, !tbaa !2, level: 5
(4)   %12 = load float, float* %11, align 4, !tbaa !2, level: 5
(9)   %16 = load float, float* %15, align 4, !tbaa !2, level: 5
(10)   %17 = load float, float* %11, align 4, !tbaa !2, level: 5
(5)   %13 = fmul float %10, %12, level: 6
(11)   %18 = fmul float %16, %17, level: 6
(7)   store float %13, float* %14, align 4, !tbaa !2, level: 7
(13)   store float %18, float* %19, align 4, !tbaa !2, level: 7
[detected one cycle] head:   %20 = add nuw nsw i64 %8, 1
cycle edge: {  %20 = add nuw nsw i64 %8, 1  } -> {  %8 = phi i64 [ 0, %5 ], [ %20, %7 ]  } (14 -> 0)
cycle edge: {  %8 = phi i64 [ 0, %5 ], [ %20, %7 ]  } -> {  %20 = add nuw nsw i64 %8, 1  } (0 -> 14)
