Initialize opt latency for DFG nodes: 
Deciding fusion strategy for DFG nodes: 
Initialize additional functionality on CGRA nodes: 
Finding fusion pattern for DFG: 
==================================
[function 'fmcw_window_map' is one of our targets]
*** current function: fmcw_window_map
==================================
==================================
[reorder DFG along with the longest path]
==================================
disabling multiple ops
disabling multiple ops
disabling multiple ops
disabling multiple ops
disabling multiple ops
disabling multiple ops
disabling multiple ops
disabling multiple ops
disabling multiple ops
disabling multiple ops
disabling multiple ops
disabling multiple ops
disabling multiple ops
disabling multiple ops
disabling multiple ops
disabling multiple ops
Node 0 supports: "Add" "Br" "Cmp" "Logic" "Phi" "Ret" "Sel" "Shift" "Ld" "Mul"  
 
Node 1 supports: "Add" "Br" "Cmp" "Logic" "Phi" "Ret" "Sel" "Shift" "Mul"  
 
Node 2 supports: "Add" "Br" "Cmp" "Logic" "Phi" "Ret" "Sel" "Shift" "Mul"  
 
Node 3 supports: "Add" "Br" "Cmp" "Logic" "Phi" "Ret" "Sel" "Shift" "Mul"  
 
Node 4 supports: "Add" "Br" "Cmp" "Logic" "Phi" "Ret" "Sel" "Shift" "Mul"  
 
Node 5 supports: "Add" "Br" "Cmp" "Logic" "Phi" "Ret" "Sel" "Shift" "Mul"  
 
Node 6 supports: "Add" "Br" "Cmp" "Logic" "Phi" "Ret" "Sel" "Shift" "Mul"  
 
Node 7 supports: "Add" "Br" "Cmp" "Logic" "Phi" "Ret" "Sel" "Shift" "Mul"  
 
Node 8 supports: "Add" "Br" "Cmp" "Logic" "Phi" "Ret" "Sel" "Shift" "Mul"  
 
Node 9 supports: "Add" "Br" "Cmp" "Logic" "Phi" "Ret" "Sel" "Shift" "Mul"  
 
Node 10 supports: "Add" "Br" "Cmp" "Logic" "Phi" "Ret" "Sel" "Shift" "Mul"  
 
Node 11 supports: "Add" "Br" "Cmp" "Logic" "Phi" "Ret" "Sel" "Shift" "Mul"  
 
Node 12 supports: "Add" "Br" "Cmp" "Logic" "Phi" "Ret" "Sel" "Shift" "Mul"  
 
Node 13 supports: "Add" "Br" "Cmp" "Logic" "Phi" "Ret" "Sel" "Shift" "Mul"  
 
Node 14 supports: "Add" "Br" "Cmp" "Logic" "Phi" "Ret" "Sel" "Shift" "Mul"  
 
Node 15 supports: "Add" "Br" "Cmp" "Logic" "Phi" "Ret" "Sel" "Shift" "St" "Mul"  
 
==================================
[show opcode count]
add : 1
br : 1
cmp : 1
getelementptr : 5
load : 4
mul : 2
phi : 1
store : 2
DFG node count: 17; DFG edge count: 22; SIMD node count: 0
==================================
[generate dot for DFG]
==================================
[generate JSON for DFG]
==================================
[ResMII: 2]
==================================
[RecMII: 2]
==================================
[heuristic]
----------------------------------------
[DEBUG] start heuristic algorithm with II=2
[DEBUG] schedule dfg node[14] onto fu[10] at cycle 0 within II: 2
[DEBUG] setDFGNode 14 onto CGRANode 10 at cycle: 0
[DEBUG] success in schedule()
[DEBUG] schedule dfg node[15] onto fu[6] at cycle 1 within II: 2
[DEBUG] setDFGNode 15 onto CGRANode 6 at cycle: 1
[DEBUG] in allocateReg() t_cycle: 0; i: 0 CGRA node: 6; link: 0 duration 1
[DEBUG] done reg allocation
[DEBUG] occupy link[10]-->[6] (bypass:0) dfgNode: 14 at cycle 0
[DEBUG] skip predecessor routing -- dfgNode: 14
[DEBUG] success in schedule()
[DEBUG] schedule dfg node[16] onto fu[5] at cycle 2 within II: 2
[DEBUG] setDFGNode 16 onto CGRANode 5 at cycle: 2
[DEBUG] in allocateReg() t_cycle: 1; i: 0 CGRA node: 5; link: 3 duration 1
[DEBUG] done reg allocation
[DEBUG] occupy link[6]-->[5] (bypass:0) dfgNode: 15 at cycle 1
[DEBUG] skip predecessor routing -- dfgNode: 15
[DEBUG] success in schedule()
[DEBUG] schedule dfg node[0] onto fu[9] at cycle 3 within II: 2
[DEBUG] setDFGNode 0 onto CGRANode 9 at cycle: 3
[DEBUG] in allocateReg() t_cycle: 2; i: 0 CGRA node: 9; link: 1 duration 1
[DEBUG] done reg allocation
[DEBUG] occupy link[5]-->[9] (bypass:0) dfgNode: 16 at cycle 2
[DEBUG] tryToRoute -- srcDFGNode: 14, srcCGRANode: 10; dstDFGNode: 0, dstCGRANode: 9; backEdge: 0
[DEBUG] in shareSameCycle is true: node 0
[DEBUG] cannot route due to II is violated for backward cycle
DEBUG target DFG node: 0 on fu: 9 failed, mapped pred DFG node: 14; return false
[DEBUG] fail1 in schedule() II: 2
[DEBUG] the failed path -- cycle: 2 CGRANode: 5
[DEBUG] the failed path -- cycle: 3 CGRANode: 9
----------------------------------------
[DEBUG] start heuristic algorithm with II=3
[DEBUG] schedule dfg node[14] onto fu[10] at cycle 0 within II: 3
[DEBUG] setDFGNode 14 onto CGRANode 10 at cycle: 0
[DEBUG] success in schedule()
[DEBUG] schedule dfg node[15] onto fu[6] at cycle 1 within II: 3
[DEBUG] setDFGNode 15 onto CGRANode 6 at cycle: 1
[DEBUG] in allocateReg() t_cycle: 0; i: 0 CGRA node: 6; link: 0 duration 1
[DEBUG] done reg allocation
[DEBUG] occupy link[10]-->[6] (bypass:0) dfgNode: 14 at cycle 0
[DEBUG] skip predecessor routing -- dfgNode: 14
[DEBUG] success in schedule()
[DEBUG] schedule dfg node[16] onto fu[5] at cycle 2 within II: 3
[DEBUG] setDFGNode 16 onto CGRANode 5 at cycle: 2
[DEBUG] in allocateReg() t_cycle: 1; i: 0 CGRA node: 5; link: 3 duration 1
[DEBUG] done reg allocation
[DEBUG] occupy link[6]-->[5] (bypass:0) dfgNode: 15 at cycle 1
[DEBUG] skip predecessor routing -- dfgNode: 15
[DEBUG] success in schedule()
[DEBUG] schedule dfg node[0] onto fu[9] at cycle 3 within II: 3
[DEBUG] setDFGNode 0 onto CGRANode 9 at cycle: 3
[DEBUG] in allocateReg() t_cycle: 2; i: 0 CGRA node: 9; link: 1 duration 1
[DEBUG] done reg allocation
[DEBUG] occupy link[5]-->[9] (bypass:0) dfgNode: 16 at cycle 2
[DEBUG] tryToRoute -- srcDFGNode: 14, srcCGRANode: 10; dstDFGNode: 0, dstCGRANode: 9; backEdge: 0
[DEBUG] in shareSameCycle is true: node 0
[DEBUG] cannot route due to II is violated for backward cycle
DEBUG target DFG node: 0 on fu: 9 failed, mapped pred DFG node: 14; return false
[DEBUG] fail1 in schedule() II: 3
[DEBUG] the failed path -- cycle: 2 CGRANode: 5
[DEBUG] the failed path -- cycle: 3 CGRANode: 9
----------------------------------------
[DEBUG] start heuristic algorithm with II=4
[DEBUG] schedule dfg node[14] onto fu[10] at cycle 0 within II: 4
[DEBUG] setDFGNode 14 onto CGRANode 10 at cycle: 0
[DEBUG] success in schedule()
[DEBUG] schedule dfg node[15] onto fu[6] at cycle 1 within II: 4
[DEBUG] setDFGNode 15 onto CGRANode 6 at cycle: 1
[DEBUG] in allocateReg() t_cycle: 0; i: 0 CGRA node: 6; link: 0 duration 1
[DEBUG] done reg allocation
[DEBUG] occupy link[10]-->[6] (bypass:0) dfgNode: 14 at cycle 0
[DEBUG] skip predecessor routing -- dfgNode: 14
[DEBUG] success in schedule()
[DEBUG] schedule dfg node[16] onto fu[5] at cycle 2 within II: 4
[DEBUG] setDFGNode 16 onto CGRANode 5 at cycle: 2
[DEBUG] in allocateReg() t_cycle: 1; i: 0 CGRA node: 5; link: 3 duration 1
[DEBUG] done reg allocation
[DEBUG] occupy link[6]-->[5] (bypass:0) dfgNode: 15 at cycle 1
[DEBUG] skip predecessor routing -- dfgNode: 15
[DEBUG] success in schedule()
[DEBUG] schedule dfg node[0] onto fu[9] at cycle 3 within II: 4
[DEBUG] setDFGNode 0 onto CGRANode 9 at cycle: 3
[DEBUG] in allocateReg() t_cycle: 2; i: 0 CGRA node: 9; link: 1 duration 1
[DEBUG] done reg allocation
[DEBUG] occupy link[5]-->[9] (bypass:0) dfgNode: 16 at cycle 2
[DEBUG] tryToRoute -- srcDFGNode: 14, srcCGRANode: 10; dstDFGNode: 0, dstCGRANode: 9; backEdge: 0
[DEBUG] in shareSameCycle is true: node 0
[DEBUG] check route size: 2
[DEBUG] reset duration: 3 t_dstCycle: 3 previous: 0 II: 4
[DEBUG] in allocateReg() t_cycle: 0; i: 1 CGRA node: 9; link: 3 duration 3
[DEBUG] done reg allocation
[DEBUG] occupy link[10]-->[9] (bypass:0) dfgNode: 14 at cycle 0
[DEBUG] skip predecessor routing -- dfgNode: 16
[DEBUG] in shareSameCycle is true: node 0
[DEBUG] tryToRoute -- srcDFGNode: 0, srcCGRANode: 9; dstDFGNode: 14, dstCGRANode: 10; backEdge: 1
[DEBUG] in shareSameCycle is true: node 14
[DEBUG] check route size: 2
[DEBUG] reset duration: 1 t_dstCycle: 0 previous: 3 II: 4
[DEBUG] in allocateReg() t_cycle: 3; i: 0 CGRA node: 10; link: 2 duration 1
[DEBUG] done reg allocation
[DEBUG] occupy link[9]-->[10] (bypass:0) dfgNode: 0 at cycle 3
[DEBUG] success in schedule()
[DEBUG] schedule dfg node[1] onto fu[8] at cycle 4 within II: 4
[DEBUG] setDFGNode 1 onto CGRANode 8 at cycle: 4
[DEBUG] in allocateReg() t_cycle: 3; i: 0 CGRA node: 8; link: 3 duration 1
[DEBUG] done reg allocation
[DEBUG] occupy link[9]-->[8] (bypass:0) dfgNode: 0 at cycle 3
[DEBUG] skip predecessor routing -- dfgNode: 0
[DEBUG] success in schedule()
[DEBUG] schedule dfg node[3] onto fu[11] at cycle 5 within II: 4
[DEBUG] setDFGNode 3 onto CGRANode 11 at cycle: 5
[DEBUG] occupy link[9]-->[10] (bypass:1) dfgNode: 0 at cycle 3
[DEBUG] in allocateReg() t_cycle: 4; i: 0 CGRA node: 11; link: 2 duration 1
[DEBUG] done reg allocation
[DEBUG] occupy link[10]-->[11] (bypass:0) dfgNode: 0 at cycle 4
[DEBUG] skip predecessor routing -- dfgNode: 0
[DEBUG] success in schedule()
[DEBUG] schedule dfg node[6] onto fu[13] at cycle 4 within II: 4
[DEBUG] setDFGNode 6 onto CGRANode 13 at cycle: 4
[DEBUG] in allocateReg() t_cycle: 3; i: 0 CGRA node: 13; link: 1 duration 1
[DEBUG] done reg allocation
[DEBUG] occupy link[9]-->[13] (bypass:0) dfgNode: 0 at cycle 3
[DEBUG] skip predecessor routing -- dfgNode: 0
[DEBUG] success in schedule()
[DEBUG] schedule dfg node[8] onto fu[14] at cycle 5 within II: 4
[DEBUG] setDFGNode 8 onto CGRANode 14 at cycle: 5
[DEBUG] occupy link[9]-->[10] (bypass:1) dfgNode: 0 at cycle 3
[DEBUG] in allocateReg() t_cycle: 4; i: 0 CGRA node: 14; link: 1 duration 1
[DEBUG] done reg allocation
[DEBUG] occupy link[10]-->[14] (bypass:0) dfgNode: 0 at cycle 4
[DEBUG] skip predecessor routing -- dfgNode: 0
[DEBUG] success in schedule()
[DEBUG] schedule dfg node[12] onto fu[5] at cycle 4 within II: 4
[DEBUG] setDFGNode 12 onto CGRANode 5 at cycle: 4
[DEBUG] in allocateReg() t_cycle: 3; i: 0 CGRA node: 5; link: 0 duration 1
[DEBUG] done reg allocation
[DEBUG] occupy link[9]-->[5] (bypass:0) dfgNode: 0 at cycle 3
[DEBUG] skip predecessor routing -- dfgNode: 0
[DEBUG] success in schedule()
[DEBUG] no available path for DFG node 2 on CGRA node 1 within II 4; path size: 1.
[DEBUG] no available path for DFG node 2 on CGRA node 2 within II 4; path size: 1.
[DEBUG] no available path for DFG node 2 on CGRA node 3 within II 4; path size: 1.
[DEBUG] no available path for DFG node 2 on CGRA node 4 within II 4; path size: 1.
[DEBUG] no available path for DFG node 2 on CGRA node 5 within II 4; path size: 1.
[DEBUG] no available path for DFG node 2 on CGRA node 6 within II 4; path size: 1.
[DEBUG] no available path for DFG node 2 on CGRA node 7 within II 4; path size: 1.
[DEBUG] no available path for DFG node 2 on CGRA node 8 within II 4; path size: 1.
[DEBUG] no available path for DFG node 2 on CGRA node 9 within II 4; path size: 1.
[DEBUG] no available path for DFG node 2 on CGRA node 10 within II 4; path size: 1.
[DEBUG] no available path for DFG node 2 on CGRA node 11 within II 4; path size: 1.
[DEBUG] no available path for DFG node 2 on CGRA node 12 within II 4; path size: 1.
[DEBUG] no available path for DFG node 2 on CGRA node 13 within II 4; path size: 1.
[DEBUG] no available path for DFG node 2 on CGRA node 14 within II 4; path size: 1.
[DEBUG] schedule dfg node[2] onto fu[0] at cycle 6 within II: 4
[DEBUG] setDFGNode 2 onto CGRANode 0 at cycle: 6
[DEBUG] occupy link[8]-->[4] (bypass:1) dfgNode: 1 at cycle 4
[DEBUG] in allocateReg() t_cycle: 5; i: 0 CGRA node: 0; link: 0 duration 1
[DEBUG] done reg allocation
[DEBUG] occupy link[4]-->[0] (bypass:0) dfgNode: 1 at cycle 5
[DEBUG] skip predecessor routing -- dfgNode: 1
[DEBUG] success in schedule()
[DEBUG] no available path for DFG node 4 on CGRA node 1 within II 4; path size: 1.
[DEBUG] no available path for DFG node 4 on CGRA node 2 within II 4; path size: 1.
[DEBUG] no available path for DFG node 4 on CGRA node 3 within II 4; path size: 1.
[DEBUG] no available path for DFG node 4 on CGRA node 4 within II 4; path size: 1.
[DEBUG] no available path for DFG node 4 on CGRA node 5 within II 4; path size: 1.
[DEBUG] no available path for DFG node 4 on CGRA node 6 within II 4; path size: 1.
[DEBUG] no available path for DFG node 4 on CGRA node 7 within II 4; path size: 1.
[DEBUG] no available path for DFG node 4 on CGRA node 8 within II 4; path size: 1.
[DEBUG] no available path for DFG node 4 on CGRA node 9 within II 4; path size: 1.
[DEBUG] no available path for DFG node 4 on CGRA node 10 within II 4; path size: 1.
[DEBUG] no available path for DFG node 4 on CGRA node 11 within II 4; path size: 1.
[DEBUG] no available path for DFG node 4 on CGRA node 12 within II 4; path size: 1.
[DEBUG] no available path for DFG node 4 on CGRA node 13 within II 4; path size: 1.
[DEBUG] no available path for DFG node 4 on CGRA node 14 within II 4; path size: 1.
[DEBUG] schedule dfg node[4] onto fu[15] at cycle 6 within II: 4
[DEBUG] setDFGNode 4 onto CGRANode 15 at cycle: 6
[DEBUG] in allocateReg() t_cycle: 5; i: 0 CGRA node: 15; link: 1 duration 1
[DEBUG] done reg allocation
[DEBUG] occupy link[11]-->[15] (bypass:0) dfgNode: 3 at cycle 5
[DEBUG] skip predecessor routing -- dfgNode: 3
[DEBUG] success in schedule()
[DEBUG] no available path for DFG node 9 on CGRA node 1 within II 4; path size: 1.
[DEBUG] no available path for DFG node 9 on CGRA node 2 within II 4; path size: 1.
[DEBUG] no available path for DFG node 9 on CGRA node 3 within II 4; path size: 1.
[DEBUG] no available path for DFG node 9 on CGRA node 4 within II 4; path size: 1.
[DEBUG] no available path for DFG node 9 on CGRA node 5 within II 4; path size: 1.
[DEBUG] no available path for DFG node 9 on CGRA node 6 within II 4; path size: 1.
[DEBUG] no available path for DFG node 9 on CGRA node 7 within II 4; path size: 1.
[DEBUG] no available path for DFG node 9 on CGRA node 8 within II 4; path size: 1.
[DEBUG] no available path for DFG node 9 on CGRA node 9 within II 4; path size: 1.
[DEBUG] no available path for DFG node 9 on CGRA node 10 within II 4; path size: 1.
[DEBUG] no available path for DFG node 9 on CGRA node 11 within II 4; path size: 1.
[DEBUG] no available path for DFG node 9 on CGRA node 12 within II 4; path size: 1.
[DEBUG] no available path for DFG node 9 on CGRA node 13 within II 4; path size: 1.
[DEBUG] no available path for DFG node 9 on CGRA node 14 within II 4; path size: 1.
[DEBUG] schedule dfg node[9] onto fu[15] at cycle 7 within II: 4
[DEBUG] setDFGNode 9 onto CGRANode 15 at cycle: 7
[DEBUG] in allocateReg() t_cycle: 5; i: 1 CGRA node: 15; link: 2 duration 2
[DEBUG] done reg allocation
[DEBUG] occupy link[14]-->[15] (bypass:0) dfgNode: 8 at cycle 5
[DEBUG] skip predecessor routing -- dfgNode: 8
[DEBUG] success in schedule()
[DEBUG] no available path for DFG node 10 on CGRA node 1 within II 4; path size: 1.
[DEBUG] no available path for DFG node 10 on CGRA node 2 within II 4; path size: 1.
[DEBUG] no available path for DFG node 10 on CGRA node 3 within II 4; path size: 1.
[DEBUG] no available path for DFG node 10 on CGRA node 4 within II 4; path size: 1.
[DEBUG] no available path for DFG node 10 on CGRA node 5 within II 4; path size: 1.
[DEBUG] no available path for DFG node 10 on CGRA node 6 within II 4; path size: 1.
[DEBUG] no available path for DFG node 10 on CGRA node 7 within II 4; path size: 1.
[DEBUG] no available path for DFG node 10 on CGRA node 8 within II 4; path size: 1.
[DEBUG] no available path for DFG node 10 on CGRA node 9 within II 4; path size: 1.
[DEBUG] no available path for DFG node 10 on CGRA node 10 within II 4; path size: 1.
[DEBUG] no available path for DFG node 10 on CGRA node 11 within II 4; path size: 1.
[DEBUG] no available path for DFG node 10 on CGRA node 12 within II 4; path size: 1.
[DEBUG] no available path for DFG node 10 on CGRA node 13 within II 4; path size: 1.
[DEBUG] no available path for DFG node 10 on CGRA node 14 within II 4; path size: 1.
[DEBUG] schedule dfg node[10] onto fu[15] at cycle 8 within II: 4
[DEBUG] setDFGNode 10 onto CGRANode 15 at cycle: 8
[DEBUG] in allocateReg() t_cycle: 5; i: 2 CGRA node: 15; link: 1 duration 3
[DEBUG] done reg allocation
[DEBUG] occupy link[11]-->[15] (bypass:0) dfgNode: 3 at cycle 5
[DEBUG] skip predecessor routing -- dfgNode: 3
[DEBUG] success in schedule()
[DEBUG] schedule dfg node[5] onto fu[9] at cycle 9 within II: 4
[DEBUG] setDFGNode 5 onto CGRANode 9 at cycle: 9
[DEBUG] occupy link[0]-->[1] (bypass:1) dfgNode: 2 at cycle 6
[DEBUG] occupy link[1]-->[5] (bypass:1) dfgNode: 2 at cycle 7
[DEBUG] in allocateReg() t_cycle: 8; i: 0 CGRA node: 9; link: 1 duration 1
[DEBUG] done reg allocation
[DEBUG] occupy link[5]-->[9] (bypass:0) dfgNode: 2 at cycle 8
[DEBUG] skip predecessor routing -- dfgNode: 2
[DEBUG] tryToRoute -- srcDFGNode: 4, srcCGRANode: 15; dstDFGNode: 5, dstCGRANode: 9; backEdge: 0
[DEBUG] check route size: 4
[DEBUG] occupy link[15]-->[14] (bypass:1) dfgNode: 4 at cycle 6
[DEBUG] occupy link[14]-->[13] (bypass:1) dfgNode: 4 at cycle 7
[DEBUG] reset duration: 1 t_dstCycle: 9 previous: 8 II: 4
[DEBUG] in allocateReg() t_cycle: 8; i: 2 CGRA node: 9; link: 0 duration 1
[DEBUG] done reg allocation
[DEBUG] occupy link[13]-->[9] (bypass:0) dfgNode: 4 at cycle 8
[DEBUG] success in schedule()
[DEBUG] schedule dfg node[11] onto fu[7] at cycle 10 within II: 4
[DEBUG] setDFGNode 11 onto CGRANode 7 at cycle: 10
[DEBUG] occupy link[15]-->[11] (bypass:1) dfgNode: 10 at cycle 8
[DEBUG] in allocateReg() t_cycle: 9; i: 0 CGRA node: 7; link: 0 duration 1
[DEBUG] done reg allocation
[DEBUG] occupy link[11]-->[7] (bypass:0) dfgNode: 10 at cycle 9
[DEBUG] tryToRoute -- srcDFGNode: 9, srcCGRANode: 15; dstDFGNode: 11, dstCGRANode: 7; backEdge: 0
[DEBUG] check route size: 3
[DEBUG] occupy link[15]-->[11] (bypass:1) dfgNode: 9 at cycle 7
[DEBUG] reset duration: 2 t_dstCycle: 10 previous: 8 II: 4
[DEBUG] in allocateReg() t_cycle: 8; i: 1 CGRA node: 7; link: 0 duration 2
[DEBUG] done reg allocation
[DEBUG] occupy link[11]-->[7] (bypass:0) dfgNode: 9 at cycle 8
[DEBUG] skip predecessor routing -- dfgNode: 10
[DEBUG] success in schedule()
[DEBUG] no available path for DFG node 7 on CGRA node 1 within II 4; path size: 1.
[DEBUG] no available path for DFG node 7 on CGRA node 2 within II 4; path size: 1.
[DEBUG] no available path for DFG node 7 on CGRA node 3 within II 4; path size: 1.
[DEBUG] no available path for DFG node 7 on CGRA node 4 within II 4; path size: 1.
[DEBUG] no available path for DFG node 7 on CGRA node 5 within II 4; path size: 1.
[DEBUG] no available path for DFG node 7 on CGRA node 6 within II 4; path size: 1.
[DEBUG] no available path for DFG node 7 on CGRA node 7 within II 4; path size: 1.
[DEBUG] no available path for DFG node 7 on CGRA node 8 within II 4; path size: 1.
[DEBUG] no available path for DFG node 7 on CGRA node 9 within II 4; path size: 1.
[DEBUG] no available path for DFG node 7 on CGRA node 10 within II 4; path size: 1.
[DEBUG] no available path for DFG node 7 on CGRA node 11 within II 4; path size: 1.
[DEBUG] no available path for DFG node 7 on CGRA node 12 within II 4; path size: 1.
[DEBUG] no available path for DFG node 7 on CGRA node 13 within II 4; path size: 1.
[DEBUG] no available path for DFG node 7 on CGRA node 14 within II 4; path size: 1.
[DEBUG] schedule dfg node[7] onto fu[0] at cycle 12 within II: 4
[DEBUG] setDFGNode 7 onto CGRANode 0 at cycle: 12
[DEBUG] occupy link[9]-->[5] (bypass:1) dfgNode: 5 at cycle 9
[DEBUG] occupy link[5]-->[1] (bypass:1) dfgNode: 5 at cycle 10
[DEBUG] in allocateReg() t_cycle: 11; i: 0 CGRA node: 0; link: 3 duration 1
[DEBUG] done reg allocation
[DEBUG] occupy link[1]-->[0] (bypass:0) dfgNode: 5 at cycle 11
[DEBUG] skip predecessor routing -- dfgNode: 5
[DEBUG] tryToRoute -- srcDFGNode: 6, srcCGRANode: 13; dstDFGNode: 7, dstCGRANode: 0; backEdge: 0
[DEBUG] check route size: 5
[DEBUG] occupy link[13]-->[12] (bypass:1) dfgNode: 6 at cycle 4
[DEBUG] occupy link[12]-->[8] (bypass:1) dfgNode: 6 at cycle 5
[DEBUG] occupy link[8]-->[4] (bypass:1) dfgNode: 6 at cycle 6
[DEBUG] reset duration: 1 t_dstCycle: 12 previous: 7 II: 4
[DEBUG] in allocateReg() t_cycle: 7; i: 1 CGRA node: 0; link: 0 duration 1
[DEBUG] done reg allocation
[DEBUG] occupy link[4]-->[0] (bypass:0) dfgNode: 6 at cycle 7
[DEBUG] success in schedule()
[DEBUG] no available path for DFG node 13 on CGRA node 1 within II 4; path size: 1.
[DEBUG] no available path for DFG node 13 on CGRA node 2 within II 4; path size: 1.
[DEBUG] no available path for DFG node 13 on CGRA node 3 within II 4; path size: 1.
[DEBUG] no available path for DFG node 13 on CGRA node 4 within II 4; path size: 1.
[DEBUG] no available path for DFG node 13 on CGRA node 5 within II 4; path size: 1.
[DEBUG] no available path for DFG node 13 on CGRA node 6 within II 4; path size: 1.
[DEBUG] no available path for DFG node 13 on CGRA node 7 within II 4; path size: 1.
[DEBUG] no available path for DFG node 13 on CGRA node 8 within II 4; path size: 1.
[DEBUG] no available path for DFG node 13 on CGRA node 9 within II 4; path size: 1.
[DEBUG] no available path for DFG node 13 on CGRA node 10 within II 4; path size: 1.
[DEBUG] no available path for DFG node 13 on CGRA node 11 within II 4; path size: 1.
[DEBUG] no available path for DFG node 13 on CGRA node 12 within II 4; path size: 1.
[DEBUG] no available path for DFG node 13 on CGRA node 13 within II 4; path size: 1.
[DEBUG] no available path for DFG node 13 on CGRA node 14 within II 4; path size: 1.
[DEBUG] schedule dfg node[13] onto fu[15] at cycle 13 within II: 4
[DEBUG] setDFGNode 13 onto CGRANode 15 at cycle: 13
[DEBUG] occupy link[7]-->[11] (bypass:1) dfgNode: 11 at cycle 10
[DEBUG] in allocateReg() t_cycle: 11; i: 0 CGRA node: 15; link: 1 duration 2
[DEBUG] done reg allocation
[DEBUG] occupy link[11]-->[15] (bypass:0) dfgNode: 11 at cycle 11
[DEBUG] skip predecessor routing -- dfgNode: 11
[DEBUG] tryToRoute -- srcDFGNode: 12, srcCGRANode: 5; dstDFGNode: 13, dstCGRANode: 15; backEdge: 0
[DEBUG] check route size: 5
[DEBUG] occupy link[5]-->[6] (bypass:1) dfgNode: 12 at cycle 4
[DEBUG] occupy link[6]-->[10] (bypass:1) dfgNode: 12 at cycle 5
[DEBUG] occupy link[10]-->[14] (bypass:1) dfgNode: 12 at cycle 6
[DEBUG] reset duration: 2 t_dstCycle: 13 previous: 7 II: 4
[DEBUG] in allocateReg() t_cycle: 7; i: 1 CGRA node: 15; link: 2 duration 2
[DEBUG] done reg allocation
[DEBUG] occupy link[14]-->[15] (bypass:0) dfgNode: 12 at cycle 7
[DEBUG] success in schedule()
Mapping algorithm elapsed time=42ms
--------------------------- cycle:0 ---------------------------
[     ] ← [     ]   [     ]   [     ]
             ↓         ↑         ↓ 
[     ]   [     ] ← [ 14  ] → [     ]
   ↓         ↑         ↓         ↓ 
[     ]   [     ] → [     ]   [     ]
                                   
[     ]   [     ]   [     ]   [     ]
--------------------------- cycle:1 ---------------------------
[     ]   [     ]   [     ] → [     ]
   ↓                             ↑ 
[     ]   [     ]   [     ]   [     ]
             ↓         ↑         ↓ 
[     ]   [     ] ← [ 15  ]   [     ]
   ↓                               
[     ]   [     ]   [     ]   [     ]
--------------------------- cycle:2 ---------------------------
[     ]   [     ]   [     ] ← [     ]
                       ↑           
[     ]   [     ]   [     ]   [     ]
   ↓         ↑                   ↑ 
[     ]   [ 16  ]   [     ]   [     ]
             ↓                     
[     ] → [     ]   [     ]   [     ]
--------------------------- cycle:3 ---------------------------
[     ]   [     ] ← [     ] → [     ]
             ↑                   ⇅ 
[     ] ← [  0  ] → [     ]   [     ]
             ↓                     
[     ]   [     ]   [     ]   [     ]
   ↓         ↑                     
[     ] ← [     ]   [     ]   [     ]
--------------------------- cycle:4 ---------------------------
[     ] ← [  6  ]   [     ]   [     ]
             ↓         ↑         ↓ 
[  1  ]   [     ] ← [ 14  ] → [     ]
   ↓         ↑         ↓         ↓ 
[     ]   [ 12  ] → [     ]   [     ]
                                   
[     ]   [     ]   [     ]   [     ]
--------------------------- cycle:5 ---------------------------
[     ]   [     ]   [  8  ] → [     ]
   ↓                             ↑ 
[     ]   [     ]   [     ]   [  3  ]
             ↓         ↑         ↓ 
[     ]   [     ] ← [ 15  ]   [     ]
   ↓                               
[     ]   [     ]   [     ]   [     ]
--------------------------- cycle:6 ---------------------------
[     ]   [     ]   [     ] ← [  4  ]
                       ↑           
[     ]   [     ]   [     ]   [     ]
   ↓         ↑                   ↑ 
[     ]   [ 16  ]   [     ]   [     ]
             ↓                     
[  2  ] → [     ]   [     ]   [     ]
--------------------------- cycle:7 ---------------------------
[     ]   [     ] ← [     ] → [  9  ]
             ↑                   ⇅ 
[     ] ← [  0  ] → [     ]   [     ]
             ↓                     
[     ]   [     ]   [     ]   [     ]
   ↓         ↑                     
[     ] ← [     ]   [     ]   [     ]
--------------------------- cycle:8 ---------------------------
[     ] ← [  6  ]   [     ]   [ 10  ]
             ↓         ↑         ↓ 
[  1  ]   [     ] ← [ 14  ] → [     ]
   ↓         ↑         ↓         ↓ 
[     ]   [ 12  ] → [     ]   [     ]
                                   
[     ]   [     ]   [     ]   [     ]
--------------------------- cycle:9 ---------------------------
[     ]   [     ]   [  8  ] → [     ]
   ↓                             ↑ 
[     ]   [  5  ]   [     ]   [  3  ]
             ↓         ↑         ↓ 
[     ]   [     ] ← [ 15  ]   [     ]
   ↓                               
[     ]   [     ]   [     ]   [     ]
--------------------------- cycle:10 ---------------------------
[     ]   [     ]   [     ] ← [  4  ]
                       ↑           
[     ]   [     ]   [     ]   [     ]
   ↓         ↑                   ↑ 
[     ]   [ 16  ]   [     ]   [ 11  ]
             ↓                     
[  2  ] → [     ]   [     ]   [     ]
--------------------------- cycle:11 ---------------------------
[     ]   [     ] ← [     ] → [  9  ]
             ↑                   ⇅ 
[     ] ← [  0  ] → [     ]   [     ]
             ↓                     
[     ]   [     ]   [     ]   [     ]
   ↓         ↑                     
[     ] ← [     ]   [     ]   [     ]
--------------------------- cycle:12 ---------------------------
[     ] ← [  6  ]   [     ]   [ 10  ]
             ↓         ↑         ↓ 
[  1  ]   [     ] ← [ 14  ] → [     ]
   ↓         ↑         ↓         ↓ 
[     ]   [ 12  ] → [     ]   [     ]
                                   
[  7  ]   [     ]   [     ]   [     ]
--------------------------- cycle:13 ---------------------------
[     ]   [     ]   [  8  ] → [ 13  ]
   ↓                             ↑ 
[     ]   [  5  ]   [     ]   [  3  ]
             ↓         ↑         ↓ 
[     ]   [     ] ← [ 15  ]   [     ]
   ↓                               
[     ]   [     ]   [     ]   [     ]
--------------------------- cycle:14 ---------------------------
[     ]   [     ]   [     ] ← [  4  ]
                       ↑           
[     ]   [     ]   [     ]   [     ]
   ↓         ↑                   ↑ 
[     ]   [ 16  ]   [     ]   [ 11  ]
             ↓                     
[  2  ] → [     ]   [     ]   [     ]
--------------------------- cycle:15 ---------------------------
[     ]   [     ] ← [     ] → [  9  ]
             ↑                   ⇅ 
[     ] ← [  0  ] → [     ]   [     ]
             ↓                     
[     ]   [     ]   [     ]   [     ]
   ↓         ↑                     
[     ] ← [     ]   [     ]   [     ]
--------------------------- cycle:16 ---------------------------
[     ] ← [  6  ]   [     ]   [ 10  ]
             ↓         ↑         ↓ 
[  1  ]   [     ] ← [ 14  ] → [     ]
   ↓         ↑         ↓         ↓ 
[     ]   [ 12  ] → [     ]   [     ]
                                   
[  7  ]   [     ]   [     ]   [     ]
--------------------------- cycle:17 ---------------------------
[     ]   [     ]   [  8  ] → [ 13  ]
   ↓                             ↑ 
[     ]   [  5  ]   [     ]   [  3  ]
             ↓         ↑         ↓ 
[     ]   [     ] ← [ 15  ]   [     ]
   ↓                               
[     ]   [     ]   [     ]   [     ]
--------------------------- cycle:18 ---------------------------
[     ]   [     ]   [     ] ← [  4  ]
                       ↑           
[     ]   [     ]   [     ]   [     ]
   ↓         ↑                   ↑ 
[     ]   [ 16  ]   [     ]   [ 11  ]
             ↓                     
[  2  ] → [     ]   [     ]   [     ]
--------------------------- cycle:19 ---------------------------
[     ]   [     ] ← [     ] → [  9  ]
             ↑                   ⇅ 
[     ] ← [  0  ] → [     ]   [     ]
             ↓                     
[     ]   [     ]   [     ]   [     ]
   ↓         ↑                     
[     ] ← [     ]   [     ]   [     ]
--------------------------- cycle:20 ---------------------------
[     ] ← [  6  ]   [     ]   [ 10  ]
             ↓         ↑         ↓ 
[  1  ]   [     ] ← [ 14  ] → [     ]
   ↓         ↑         ↓         ↓ 
[     ]   [ 12  ] → [     ]   [     ]
                                   
[  7  ]   [     ]   [     ]   [     ]
--------------------------- cycle:21 ---------------------------
[     ]   [     ]   [  8  ] → [ 13  ]
   ↓                             ↑ 
[     ]   [  5  ]   [     ]   [  3  ]
             ↓         ↑         ↓ 
[     ]   [     ] ← [ 15  ]   [     ]
   ↓                               
[     ]   [     ]   [     ]   [     ]
--------------------------- cycle:22 ---------------------------
[     ]   [     ]   [     ] ← [  4  ]
                       ↑           
[     ]   [     ]   [     ]   [     ]
   ↓         ↑                   ↑ 
[     ]   [ 16  ]   [     ]   [ 11  ]
             ↓                     
[  2  ] → [     ]   [     ]   [     ]
--------------------------- cycle:23 ---------------------------
[     ]   [     ] ← [     ] → [  9  ]
             ↑                   ⇅ 
[     ] ← [  0  ] → [     ]   [     ]
             ↓                     
[     ]   [     ]   [     ]   [     ]
   ↓         ↑                     
[     ] ← [     ]   [     ]   [     ]
--------------------------- cycle:24 ---------------------------
[     ] ← [  6  ]   [     ]   [ 10  ]
             ↓         ↑         ↓ 
[  1  ]   [     ] ← [ 14  ] → [     ]
   ↓         ↑         ↓         ↓ 
[     ]   [ 12  ] → [     ]   [     ]
                                   
[  7  ]   [     ]   [     ]   [     ]
--------------------------- cycle:25 ---------------------------
[     ]   [     ]   [  8  ] → [ 13  ]
   ↓                             ↑ 
[     ]   [  5  ]   [     ]   [  3  ]
             ↓         ↑         ↓ 
[     ]   [     ] ← [ 15  ]   [     ]
   ↓                               
[     ]   [     ]   [     ]   [     ]
--------------------------- cycle:26 ---------------------------
[     ]   [     ]   [     ] ← [  4  ]
                       ↑           
[     ]   [     ]   [     ]   [     ]
   ↓         ↑                   ↑ 
[     ]   [ 16  ]   [     ]   [ 11  ]
             ↓                     
[  2  ] → [     ]   [     ]   [     ]
--------------------------- cycle:27 ---------------------------
[     ]   [     ] ← [     ] → [  9  ]
             ↑                   ⇅ 
[     ] ← [  0  ] → [     ]   [     ]
             ↓                     
[     ]   [     ]   [     ]   [     ]
   ↓         ↑                     
[     ] ← [     ]   [     ]   [     ]
--------------------------- cycle:28 ---------------------------
[     ] ← [  6  ]   [     ]   [ 10  ]
             ↓         ↑         ↓ 
[  1  ]   [     ] ← [ 14  ] → [     ]
   ↓         ↑         ↓         ↓ 
[     ]   [ 12  ] → [     ]   [     ]
                                   
[  7  ]   [     ]   [     ]   [     ]
--------------------------- cycle:29 ---------------------------
[     ]   [     ]   [  8  ] → [ 13  ]
   ↓                             ↑ 
[     ]   [  5  ]   [     ]   [  3  ]
             ↓         ↑         ↓ 
[     ]   [     ] ← [ 15  ]   [     ]
   ↓                               
[     ]   [     ]   [     ]   [     ]
--------------------------- cycle:30 ---------------------------
[     ]   [     ]   [     ] ← [  4  ]
                       ↑           
[     ]   [     ]   [     ]   [     ]
   ↓         ↑                   ↑ 
[     ]   [ 16  ]   [     ]   [ 11  ]
             ↓                     
[  2  ] → [     ]   [     ]   [     ]
--------------------------- cycle:31 ---------------------------
[     ]   [     ] ← [     ] → [  9  ]
             ↑                   ⇅ 
[     ] ← [  0  ] → [     ]   [     ]
             ↓                     
[     ]   [     ]   [     ]   [     ]
   ↓         ↑                     
[     ] ← [     ]   [     ]   [     ]
--------------------------- cycle:32 ---------------------------
[     ] ← [  6  ]   [     ]   [ 10  ]
             ↓         ↑         ↓ 
[  1  ]   [     ] ← [ 14  ] → [     ]
   ↓         ↑         ↓         ↓ 
[     ]   [ 12  ] → [     ]   [     ]
                                   
[  7  ]   [     ]   [     ]   [     ]
[Mapping II: 4]
[show opcode count]
add : 1
br : 1
cmp : 1
getelementptr : 5
load : 4
mul : 2
phi : 1
store : 2
DFG node count: 17; DFG edge count: 22; SIMD node count: 0
[Mapping Success]
==================================
[Utilization & DVFS stats]
tile avg fu utilization: 26.5625%; avg xbar utilization: 62.5%; avg overall utilization: 62.5%
histogram 0% tile utilization: 2
histogram (0%, 25%] tile utilization: 2
histogram (25%, 50%] tile utilization: 3
histogram (50%, 100%] tile utilization: 9
tile average DVFS frequency level: 100%
histogram 0% tile DVFS frequency ratio: 0
histogram 25% tile DVFS frequency ratio: 0
histogram 50% tile DVFS frequency ratio: 0
histogram 100% tile DVFS frequency ratio: 16
==================================
[DEBUG] inside roi for CGRA node 4...
[DEBUG] inside roi for CGRA node 6...
[DEBUG] inside roi for CGRA node 11...
[DEBUG] inside roi for CGRA node 12...
[DEBUG] inside roi for CGRA node 5...
[DEBUG] inside roi for CGRA node 8...
[DEBUG] inside roi for CGRA node 10...
[DEBUG] inside roi for CGRA node 1...
[DEBUG] inside roi for CGRA node 1...
[DEBUG] inside roi for CGRA node 4...
[DEBUG] inside roi for CGRA node 11...
[DEBUG] inside roi for CGRA node 14...
[DEBUG] inside roi for CGRA node 14...
[DEBUG] inside roi for CGRA node 5...
[DEBUG] inside roi for CGRA node 10...
[DEBUG] inside roi for CGRA node 10...
[DEBUG] inside roi for CGRA node 11...
[DEBUG] inside roi for CGRA node 13...
[DEBUG] inside roi for CGRA node 4...
[DEBUG] inside roi for CGRA node 6...
[DEBUG] inside roi for CGRA node 11...
[DEBUG] inside roi for CGRA node 12...
[Output Json]
[Output Json for Incremental Mapping]
==================================
Initialize opt latency for DFG nodes: 
Deciding fusion strategy for DFG nodes: 
Initialize additional functionality on CGRA nodes: 
Finding fusion pattern for DFG: 
[function 'fmcw_fft_stage_map' is not in our target list]
Initialize opt latency for DFG nodes: 
Deciding fusion strategy for DFG nodes: 
Initialize additional functionality on CGRA nodes: 
Finding fusion pattern for DFG: 
[function 'fmcw_transpose_map' is not in our target list]
Initialize opt latency for DFG nodes: 
Deciding fusion strategy for DFG nodes: 
Initialize additional functionality on CGRA nodes: 
Finding fusion pattern for DFG: 
[function 'fmcw_accumulate_power_map' is not in our target list]
Initialize opt latency for DFG nodes: 
Deciding fusion strategy for DFG nodes: 
Initialize additional functionality on CGRA nodes: 
Finding fusion pattern for DFG: 
[function 'fmcw_cfar_2d_map' is not in our target list]
*** reach target loop ID: 0
... done detected loops.size(): 1
└── *** current basic block: ; First Inst:   br label %7
│   └── *** ignored by pass because instruction "  br label %7" is out of the scope (target loop).
└── *** ignored by pass because basic block "" is out of the scope (target loop).
│
└── *** current basic block: ; First Inst:   ret void
│   └── *** ignored by pass because instruction "  ret void" is out of the scope (target loop).
└── *** ignored by pass because basic block "" is out of the scope (target loop).
│
└── *** current basic block: ; First Inst:   %8 = phi i64 [ 0, %5 ], [ %20, %7 ]
│   └── +++ "  %8 = phi i64 [ 0, %5 ], [ %20, %7 ]" (ID: 0)
│   └── +++ "  %9 = getelementptr inbounds float, float* %0, i64 %8" (ID: 1)
│   └── +++ "  %10 = load float, float* %9, align 4, !tbaa !2" (ID: 2)
│   └── +++ "  %11 = getelementptr inbounds float, float* %2, i64 %8" (ID: 3)
│   └── +++ "  %12 = load float, float* %11, align 4, !tbaa !2" (ID: 4)
│   └── +++ "  %13 = fmul float %10, %12" (ID: 5)
│   └── +++ "  %14 = getelementptr inbounds float, float* %3, i64 %8" (ID: 6)
│   └── +++ "  store float %13, float* %14, align 4, !tbaa !2" (ID: 7)
│   └── +++ "  %15 = getelementptr inbounds float, float* %1, i64 %8" (ID: 8)
│   └── +++ "  %16 = load float, float* %15, align 4, !tbaa !2" (ID: 9)
│   └── +++ "  %17 = load float, float* %11, align 4, !tbaa !2" (ID: 10)
│   └── +++ "  %18 = fmul float %16, %17" (ID: 11)
│   └── +++ "  %19 = getelementptr inbounds float, float* %4, i64 %8" (ID: 12)
│   └── +++ "  store float %18, float* %19, align 4, !tbaa !2" (ID: 13)
│   └── +++ "  %20 = add nuw nsw i64 %8, 1" (ID: 14)
│   └── +++ "  %21 = icmp eq i64 %20, 256" (ID: 15)
│   └── +++ "  br i1 %21, label %6, label %7, !llvm.loop !6" (ID: 16)
└── +++ basic block "" got ID: 0
│
│
└── *** curBB: ; First Inst:   %8 = phi i64 [ 0, %5 ], [ %20, %7 ]
│   ├── *** find terminator instruction of curBB:   br i1 %21, label %6, label %7, !llvm.loop !6
│   └── *** ignore sucBB ""
│   ├── *** into sucBB ""
│   │   ├── Type: first inst of a BB.
│   │   ├── ctrl flow point to:   %8 = phi i64 [ 0, %5 ], [ %20, %7 ]; In BB: 
│   │   └── +++ construct ctrl flow:   br i1 %21, label %6, label %7, !llvm.loop !6->  %8 = phi i64 [ 0, %5 ], [ %20, %7 ]
[detected one cycle] head:   %8 = phi i64 [ 0, %5 ], [ %20, %7 ]
cycle edge: {  %8 = phi i64 [ 0, %5 ], [ %20, %7 ]  } -> {  %20 = add nuw nsw i64 %8, 1  } (0 -> 14)
cycle edge: {  %20 = add nuw nsw i64 %8, 1  } -> {  %8 = phi i64 [ 0, %5 ], [ %20, %7 ]  } (14 -> 0)
[detected one cycle] head:   %8 = phi i64 [ 0, %5 ], [ %20, %7 ]
cycle edge: {  %8 = phi i64 [ 0, %5 ], [ %20, %7 ]  } -> {  %20 = add nuw nsw i64 %8, 1  } (0 -> 14)
cycle edge: {  %20 = add nuw nsw i64 %8, 1  } -> {  %21 = icmp eq i64 %20, 256  } (14 -> 15)
cycle edge: {  %21 = icmp eq i64 %20, 256  } -> {  br i1 %21, label %6, label %7, !llvm.loop !6  } (15 -> 16)
cycle edge: {  br i1 %21, label %6, label %7, !llvm.loop !6  } -> {  %8 = phi i64 [ 0, %5 ], [ %20, %7 ]  } (16 -> 0)
(14)   %20 = add nuw nsw i64 %8, 1, level: 0
(15)   %21 = icmp eq i64 %20, 256, level: 1
(16)   br i1 %21, label %6, label %7, !llvm.loop !6, level: 2
(0)   %8 = phi i64 [ 0, %5 ], [ %20, %7 ], level: 3
(1)   %9 = getelementptr inbounds float, float* %0, i64 %8, level: 4
(3)   %11 = getelementptr inbounds float, float* %2, i64 %8, level: 4
(6)   %14 = getelementptr inbounds float, float* %3, i64 %8, level: 4
(8)   %15 = getelementptr inbounds float, float* %1, i64 %8, level: 4
(12)   %19 = getelementptr inbounds float, float* %4, i64 %8, level: 4
(2)   %10 = load float, float* %9, align 4, !tbaa !2, level: 5
(4)   %12 = load float, float* %11, align 4, !tbaa !2, level: 5
(9)   %16 = load float, float* %15, align 4, !tbaa !2, level: 5
(10)   %17 = load float, float* %11, align 4, !tbaa !2, level: 5
(5)   %13 = fmul float %10, %12, level: 6
(11)   %18 = fmul float %16, %17, level: 6
(7)   store float %13, float* %14, align 4, !tbaa !2, level: 7
(13)   store float %18, float* %19, align 4, !tbaa !2, level: 7
[detected one cycle] head:   %20 = add nuw nsw i64 %8, 1
cycle edge: {  %20 = add nuw nsw i64 %8, 1  } -> {  %8 = phi i64 [ 0, %5 ], [ %20, %7 ]  } (14 -> 0)
cycle edge: {  %8 = phi i64 [ 0, %5 ], [ %20, %7 ]  } -> {  %20 = add nuw nsw i64 %8, 1  } (0 -> 14)
