Initialize opt latency for DFG nodes: 
Deciding fusion strategy for DFG nodes: 
Initialize additional functionality on CGRA nodes: 
Finding fusion pattern for DFG: 
[function 'fmcw_window_map' is not in our target list]
Initialize opt latency for DFG nodes: 
Deciding fusion strategy for DFG nodes: 
Initialize additional functionality on CGRA nodes: 
Finding fusion pattern for DFG: 
[function 'fmcw_fft_stage_map' is not in our target list]
Initialize opt latency for DFG nodes: 
Deciding fusion strategy for DFG nodes: 
Initialize additional functionality on CGRA nodes: 
Finding fusion pattern for DFG: 
==================================
[function 'fmcw_transpose_map' is one of our targets]
*** current function: fmcw_transpose_map
==================================
==================================
[reorder DFG along with the longest path]
==================================
==================================
disabling multiple ops
disabling multiple ops
disabling multiple ops
disabling multiple ops
disabling multiple ops
disabling multiple ops
disabling multiple ops
disabling multiple ops
disabling multiple ops
disabling multiple ops
disabling multiple ops
disabling multiple ops
disabling multiple ops
disabling multiple ops
disabling multiple ops
disabling multiple ops
Node 0 supports: "Add" "Br" "Cmp" "Logic" "Phi" "Ret" "Sel" "Shift" "Ld" "Mul"  
 
Node 1 supports: "Add" "Br" "Cmp" "Logic" "Phi" "Ret" "Sel" "Shift" "Mul"  
 
Node 2 supports: "Add" "Br" "Cmp" "Logic" "Phi" "Ret" "Sel" "Shift" "Mul"  
 
Node 3 supports: "Add" "Br" "Cmp" "Logic" "Phi" "Ret" "Sel" "Shift" "St"  
 
Node 4 supports: "Add" "Br" "Cmp" "Logic" "Phi" "Ret" "Sel" "Shift" "Ld" "FAdd"  
 
Node 5 supports: "Add" "Br" "Cmp" "Logic" "Phi" "Ret" "Sel" "Shift" "Mul" "FAdd"  
 
Node 6 supports: "Add" "Br" "Cmp" "Logic" "Phi" "Ret" "Sel" "Shift" "Mul" "FAdd"  
 
Node 7 supports: "Add" "Br" "Cmp" "Logic" "Phi" "Ret" "Sel" "Shift" "St"  
 
Node 8 supports: "Add" "Br" "Cmp" "Logic" "Phi" "Ret" "Sel" "Shift" "Ld"  
 
Node 9 supports: "Add" "Br" "Cmp" "Logic" "Phi" "Ret" "Sel" "Shift" "Mul"  
 
Node 10 supports: "Add" "Br" "Cmp" "Logic" "Phi" "Ret" "Sel" "Shift" "Mul"  
 
Node 11 supports: "Add" "Br" "Cmp" "Logic" "Phi" "Ret" "Sel" "Shift" "St"  
 
Node 12 supports: "Add" "Br" "Cmp" "Logic" "Phi" "Ret" "Sel" "Shift" "Ld" "FAdd"  
 
Node 13 supports: "Add" "Br" "Cmp" "Logic" "Phi" "Ret" "Sel" "Shift" "Mul" "FAdd"  
 
Node 14 supports: "Add" "Br" "Cmp" "Logic" "Phi" "Ret" "Sel" "Shift" "Mul" "FAdd"  
 
Node 15 supports: "Add" "Br" "Cmp" "Logic" "Phi" "Ret" "Sel" "Shift" "St"  
 
==================================
[show opcode count]
add : 5
br : 1
cmp : 1
getelementptr : 4
load : 2
or : 1
phi : 1
shl : 2
store : 2
DFG node count: 19; DFG edge count: 22; SIMD node count: 0
==================================
[generate dot for DFG]
==================================
[generate JSON for DFG]
==================================
[ResMII: 2]
==================================
[RecMII: 3]
==================================
[heuristic]
----------------------------------------
[DEBUG] start heuristic algorithm with II=3
[DEBUG] schedule dfg node[17] onto fu[5] at cycle 0 within II: 3
[DEBUG] setDFGNode 17 onto CGRANode 5 at cycle: 0
[DEBUG] success in schedule()
[DEBUG] schedule dfg node[18] onto fu[6] at cycle 1 within II: 3
[DEBUG] setDFGNode 18 onto CGRANode 6 at cycle: 1
[DEBUG] in allocateReg() t_cycle: 0; i: 0 CGRA node: 6; link: 2 duration 1
[DEBUG] done reg allocation
[DEBUG] occupy link[5]-->[6] (bypass:0) dfgNode: 17 at cycle 0
[DEBUG] skip predecessor routing -- dfgNode: 17
[DEBUG] success in schedule()
[DEBUG] schedule dfg node[0] onto fu[10] at cycle 2 within II: 3
[DEBUG] setDFGNode 0 onto CGRANode 10 at cycle: 2
[DEBUG] in allocateReg() t_cycle: 1; i: 0 CGRA node: 10; link: 1 duration 1
[DEBUG] done reg allocation
[DEBUG] occupy link[6]-->[10] (bypass:0) dfgNode: 18 at cycle 1
[DEBUG] skip predecessor routing -- dfgNode: 18
[DEBUG] in shareSameCycle is true: node 0
[DEBUG] tryToRoute -- srcDFGNode: 0, srcCGRANode: 10; dstDFGNode: 17, dstCGRANode: 5; backEdge: 1
[DEBUG] in shareSameCycle is true: node 17
[DEBUG] check route size: 3
[DEBUG] occupy link[10]-->[6] (bypass:1) dfgNode: 0 at cycle 2
[DEBUG] reset duration: 0 t_dstCycle: 0 previous: 3 II: 3
[DEBUG] reset duration is 0...
[DEBUG] cannot route due to backedge
DEBUG target DFG node: 0 on fu: 10 failed, mapped succ DFG node: 17; return false
[DEBUG] fail1 in schedule() II: 3
[DEBUG] the failed path -- cycle: 1 CGRANode: 6
[DEBUG] the failed path -- cycle: 2 CGRANode: 10
----------------------------------------
[DEBUG] start heuristic algorithm with II=4
[DEBUG] schedule dfg node[17] onto fu[5] at cycle 0 within II: 4
[DEBUG] setDFGNode 17 onto CGRANode 5 at cycle: 0
[DEBUG] success in schedule()
[DEBUG] schedule dfg node[18] onto fu[6] at cycle 1 within II: 4
[DEBUG] setDFGNode 18 onto CGRANode 6 at cycle: 1
[DEBUG] in allocateReg() t_cycle: 0; i: 0 CGRA node: 6; link: 2 duration 1
[DEBUG] done reg allocation
[DEBUG] occupy link[5]-->[6] (bypass:0) dfgNode: 17 at cycle 0
[DEBUG] skip predecessor routing -- dfgNode: 17
[DEBUG] success in schedule()
[DEBUG] schedule dfg node[0] onto fu[10] at cycle 2 within II: 4
[DEBUG] setDFGNode 0 onto CGRANode 10 at cycle: 2
[DEBUG] in allocateReg() t_cycle: 1; i: 0 CGRA node: 10; link: 1 duration 1
[DEBUG] done reg allocation
[DEBUG] occupy link[6]-->[10] (bypass:0) dfgNode: 18 at cycle 1
[DEBUG] skip predecessor routing -- dfgNode: 18
[DEBUG] in shareSameCycle is true: node 0
[DEBUG] tryToRoute -- srcDFGNode: 0, srcCGRANode: 10; dstDFGNode: 17, dstCGRANode: 5; backEdge: 1
[DEBUG] in shareSameCycle is true: node 17
[DEBUG] check route size: 3
[DEBUG] occupy link[10]-->[6] (bypass:1) dfgNode: 0 at cycle 2
[DEBUG] reset duration: 1 t_dstCycle: 0 previous: 3 II: 4
[DEBUG] in allocateReg() t_cycle: 3; i: 0 CGRA node: 5; link: 3 duration 1
[DEBUG] done reg allocation
[DEBUG] occupy link[6]-->[5] (bypass:0) dfgNode: 0 at cycle 3
[DEBUG] success in schedule()
[DEBUG] schedule dfg node[1] onto fu[9] at cycle 3 within II: 4
[DEBUG] setDFGNode 1 onto CGRANode 9 at cycle: 3
[DEBUG] in allocateReg() t_cycle: 2; i: 0 CGRA node: 9; link: 3 duration 1
[DEBUG] done reg allocation
[DEBUG] occupy link[10]-->[9] (bypass:0) dfgNode: 0 at cycle 2
[DEBUG] skip predecessor routing -- dfgNode: 0
[DEBUG] success in schedule()
[DEBUG] schedule dfg node[4] onto fu[14] at cycle 3 within II: 4
[DEBUG] setDFGNode 4 onto CGRANode 14 at cycle: 3
[DEBUG] in allocateReg() t_cycle: 2; i: 0 CGRA node: 14; link: 1 duration 1
[DEBUG] done reg allocation
[DEBUG] occupy link[10]-->[14] (bypass:0) dfgNode: 0 at cycle 2
[DEBUG] skip predecessor routing -- dfgNode: 0
[DEBUG] success in schedule()
[DEBUG] schedule dfg node[8] onto fu[6] at cycle 3 within II: 4
[DEBUG] setDFGNode 8 onto CGRANode 6 at cycle: 3
[DEBUG] in allocateReg() t_cycle: 2; i: 0 CGRA node: 6; link: 0 duration 1
[DEBUG] done reg allocation
[DEBUG] occupy link[10]-->[6] (bypass:0) dfgNode: 0 at cycle 2
[DEBUG] skip predecessor routing -- dfgNode: 0
[DEBUG] success in schedule()
[DEBUG] schedule dfg node[16] onto fu[2] at cycle 4 within II: 4
[DEBUG] setDFGNode 16 onto CGRANode 2 at cycle: 4
[DEBUG] occupy link[10]-->[6] (bypass:1) dfgNode: 0 at cycle 2
[DEBUG] in allocateReg() t_cycle: 3; i: 0 CGRA node: 2; link: 0 duration 1
[DEBUG] done reg allocation
[DEBUG] occupy link[6]-->[2] (bypass:0) dfgNode: 0 at cycle 3
[DEBUG] skip predecessor routing -- dfgNode: 0
[DEBUG] in shareSameCycle is true: node 16
[DEBUG] tryToRoute -- srcDFGNode: 16, srcCGRANode: 2; dstDFGNode: 0, dstCGRANode: 10; backEdge: 1
[DEBUG] in shareSameCycle is true: node 0
[DEBUG] check route size: 3
[DEBUG] occupy link[2]-->[6] (bypass:1) dfgNode: 16 at cycle 4
[DEBUG] reset duration: 1 t_dstCycle: 2 previous: 5 II: 4
[DEBUG] in allocateReg() t_cycle: 5; i: 1 CGRA node: 10; link: 1 duration 1
[DEBUG] done reg allocation
[DEBUG] occupy link[6]-->[10] (bypass:0) dfgNode: 16 at cycle 5
[DEBUG] cannot route due to backedge data cannot be delivered in time
DEBUG target DFG node: 16 on fu: 2 failed, mapped succ DFG node: 0; return false
[DEBUG] fail1 in schedule() II: 4
[DEBUG] the failed path -- cycle: 3 CGRANode: 6
[DEBUG] the failed path -- cycle: 2 CGRANode: 10
[DEBUG] the failed path -- cycle: 4 CGRANode: 2
----------------------------------------
[DEBUG] start heuristic algorithm with II=5
[DEBUG] schedule dfg node[17] onto fu[5] at cycle 0 within II: 5
[DEBUG] setDFGNode 17 onto CGRANode 5 at cycle: 0
[DEBUG] success in schedule()
[DEBUG] schedule dfg node[18] onto fu[6] at cycle 1 within II: 5
[DEBUG] setDFGNode 18 onto CGRANode 6 at cycle: 1
[DEBUG] in allocateReg() t_cycle: 0; i: 0 CGRA node: 6; link: 2 duration 1
[DEBUG] done reg allocation
[DEBUG] occupy link[5]-->[6] (bypass:0) dfgNode: 17 at cycle 0
[DEBUG] skip predecessor routing -- dfgNode: 17
[DEBUG] success in schedule()
[DEBUG] schedule dfg node[0] onto fu[10] at cycle 2 within II: 5
[DEBUG] setDFGNode 0 onto CGRANode 10 at cycle: 2
[DEBUG] in allocateReg() t_cycle: 1; i: 0 CGRA node: 10; link: 1 duration 1
[DEBUG] done reg allocation
[DEBUG] occupy link[6]-->[10] (bypass:0) dfgNode: 18 at cycle 1
[DEBUG] skip predecessor routing -- dfgNode: 18
[DEBUG] in shareSameCycle is true: node 0
[DEBUG] tryToRoute -- srcDFGNode: 0, srcCGRANode: 10; dstDFGNode: 17, dstCGRANode: 5; backEdge: 1
[DEBUG] in shareSameCycle is true: node 17
[DEBUG] check route size: 3
[DEBUG] occupy link[10]-->[6] (bypass:1) dfgNode: 0 at cycle 2
[DEBUG] reset duration: 2 t_dstCycle: 0 previous: 3 II: 5
[DEBUG] in allocateReg() t_cycle: 3; i: 0 CGRA node: 5; link: 3 duration 2
[DEBUG] done reg allocation
[DEBUG] occupy link[6]-->[5] (bypass:0) dfgNode: 0 at cycle 3
[DEBUG] success in schedule()
[DEBUG] schedule dfg node[1] onto fu[9] at cycle 3 within II: 5
[DEBUG] setDFGNode 1 onto CGRANode 9 at cycle: 3
[DEBUG] in allocateReg() t_cycle: 2; i: 0 CGRA node: 9; link: 3 duration 1
[DEBUG] done reg allocation
[DEBUG] occupy link[10]-->[9] (bypass:0) dfgNode: 0 at cycle 2
[DEBUG] skip predecessor routing -- dfgNode: 0
[DEBUG] success in schedule()
[DEBUG] schedule dfg node[4] onto fu[5] at cycle 4 within II: 5
[DEBUG] setDFGNode 4 onto CGRANode 5 at cycle: 4
[DEBUG] occupy link[10]-->[6] (bypass:1) dfgNode: 0 at cycle 2
[DEBUG] in allocateReg() t_cycle: 3; i: 1 CGRA node: 5; link: 3 duration 1
[DEBUG] done reg allocation
[DEBUG] occupy link[6]-->[5] (bypass:0) dfgNode: 0 at cycle 3
[DEBUG] skip predecessor routing -- dfgNode: 0
[DEBUG] success in schedule()
[DEBUG] schedule dfg node[8] onto fu[6] at cycle 3 within II: 5
[DEBUG] setDFGNode 8 onto CGRANode 6 at cycle: 3
[DEBUG] in allocateReg() t_cycle: 2; i: 0 CGRA node: 6; link: 0 duration 1
[DEBUG] done reg allocation
[DEBUG] occupy link[10]-->[6] (bypass:0) dfgNode: 0 at cycle 2
[DEBUG] skip predecessor routing -- dfgNode: 0
[DEBUG] success in schedule()
[DEBUG] schedule dfg node[16] onto fu[14] at cycle 3 within II: 5
[DEBUG] setDFGNode 16 onto CGRANode 14 at cycle: 3
[DEBUG] in allocateReg() t_cycle: 2; i: 0 CGRA node: 14; link: 1 duration 1
[DEBUG] done reg allocation
[DEBUG] occupy link[10]-->[14] (bypass:0) dfgNode: 0 at cycle 2
[DEBUG] skip predecessor routing -- dfgNode: 0
[DEBUG] in shareSameCycle is true: node 16
[DEBUG] tryToRoute -- srcDFGNode: 16, srcCGRANode: 14; dstDFGNode: 0, dstCGRANode: 10; backEdge: 1
[DEBUG] in shareSameCycle is true: node 0
[DEBUG] check route size: 2
[DEBUG] reset duration: 4 t_dstCycle: 2 previous: 3 II: 5
[DEBUG] in allocateReg() t_cycle: 3; i: 1 CGRA node: 10; link: 0 duration 4
[DEBUG] done reg allocation
[DEBUG] occupy link[14]-->[10] (bypass:0) dfgNode: 16 at cycle 3
[DEBUG] success in schedule()
[DEBUG] schedule dfg node[2] onto fu[13] at cycle 4 within II: 5
[DEBUG] setDFGNode 2 onto CGRANode 13 at cycle: 4
[DEBUG] in allocateReg() t_cycle: 3; i: 0 CGRA node: 13; link: 1 duration 1
[DEBUG] done reg allocation
[DEBUG] occupy link[9]-->[13] (bypass:0) dfgNode: 1 at cycle 3
[DEBUG] skip predecessor routing -- dfgNode: 1
[DEBUG] success in schedule()
[DEBUG] schedule dfg node[5] onto fu[1] at cycle 5 within II: 5
[DEBUG] setDFGNode 5 onto CGRANode 1 at cycle: 5
[DEBUG] in allocateReg() t_cycle: 4; i: 0 CGRA node: 1; link: 0 duration 1
[DEBUG] done reg allocation
[DEBUG] occupy link[5]-->[1] (bypass:0) dfgNode: 4 at cycle 4
[DEBUG] skip predecessor routing -- dfgNode: 4
[DEBUG] success in schedule()
[DEBUG] schedule dfg node[9] onto fu[2] at cycle 4 within II: 5
[DEBUG] setDFGNode 9 onto CGRANode 2 at cycle: 4
[DEBUG] in allocateReg() t_cycle: 3; i: 0 CGRA node: 2; link: 0 duration 1
[DEBUG] done reg allocation
[DEBUG] occupy link[6]-->[2] (bypass:0) dfgNode: 8 at cycle 3
[DEBUG] skip predecessor routing -- dfgNode: 8
[DEBUG] success in schedule()
[DEBUG] schedule dfg node[12] onto fu[10] at cycle 4 within II: 5
[DEBUG] setDFGNode 12 onto CGRANode 10 at cycle: 4
[DEBUG] in allocateReg() t_cycle: 3; i: 0 CGRA node: 10; link: 1 duration 1
[DEBUG] done reg allocation
[DEBUG] occupy link[6]-->[10] (bypass:0) dfgNode: 8 at cycle 3
[DEBUG] skip predecessor routing -- dfgNode: 8
[DEBUG] success in schedule()
[DEBUG] no available path for DFG node 3 on CGRA node 1 within II 5; path size: 1.
[DEBUG] no available path for DFG node 3 on CGRA node 2 within II 5; path size: 1.
[DEBUG] no available path for DFG node 3 on CGRA node 5 within II 5; path size: 3.
[DEBUG] no available path for DFG node 3 on CGRA node 6 within II 5; path size: 3.
[DEBUG] no available path for DFG node 3 on CGRA node 9 within II 5; path size: 5.
[DEBUG] no available path for DFG node 3 on CGRA node 10 within II 5; path size: 5.
[DEBUG] no available path for DFG node 3 on CGRA node 13 within II 5; path size: 7.
[DEBUG] no available path for DFG node 3 on CGRA node 14 within II 5; path size: 7.
[DEBUG] schedule dfg node[3] onto fu[12] at cycle 5 within II: 5
[DEBUG] setDFGNode 3 onto CGRANode 12 at cycle: 5
[DEBUG] in allocateReg() t_cycle: 4; i: 0 CGRA node: 12; link: 3 duration 1
[DEBUG] done reg allocation
[DEBUG] occupy link[13]-->[12] (bypass:0) dfgNode: 2 at cycle 4
[DEBUG] skip predecessor routing -- dfgNode: 2
[DEBUG] success in schedule()
[DEBUG] schedule dfg node[6] onto fu[2] at cycle 6 within II: 5
[DEBUG] setDFGNode 6 onto CGRANode 2 at cycle: 6
[DEBUG] in allocateReg() t_cycle: 5; i: 0 CGRA node: 2; link: 2 duration 1
[DEBUG] done reg allocation
[DEBUG] occupy link[1]-->[2] (bypass:0) dfgNode: 5 at cycle 5
[DEBUG] skip predecessor routing -- dfgNode: 5
[DEBUG] success in schedule()
[DEBUG] schedule dfg node[10] onto fu[6] at cycle 5 within II: 5
[DEBUG] setDFGNode 10 onto CGRANode 6 at cycle: 5
[DEBUG] in allocateReg() t_cycle: 4; i: 0 CGRA node: 6; link: 1 duration 1
[DEBUG] done reg allocation
[DEBUG] occupy link[2]-->[6] (bypass:0) dfgNode: 9 at cycle 4
[DEBUG] skip predecessor routing -- dfgNode: 9
[DEBUG] success in schedule()
[DEBUG] schedule dfg node[13] onto fu[9] at cycle 5 within II: 5
[DEBUG] setDFGNode 13 onto CGRANode 9 at cycle: 5
[DEBUG] in allocateReg() t_cycle: 4; i: 0 CGRA node: 9; link: 3 duration 1
[DEBUG] done reg allocation
[DEBUG] occupy link[10]-->[9] (bypass:0) dfgNode: 12 at cycle 4
[DEBUG] skip predecessor routing -- dfgNode: 12
[DEBUG] success in schedule()
[DEBUG] no available path for DFG node 7 on CGRA node 1 within II 5; path size: 1.
[DEBUG] no available path for DFG node 7 on CGRA node 2 within II 5; path size: 1.
[DEBUG] no available path for DFG node 7 on CGRA node 5 within II 5; path size: 3.
[DEBUG] no available path for DFG node 7 on CGRA node 6 within II 5; path size: 3.
[DEBUG] no available path for DFG node 7 on CGRA node 9 within II 5; path size: 5.
[DEBUG] no available path for DFG node 7 on CGRA node 10 within II 5; path size: 5.
[DEBUG] no available path for DFG node 7 on CGRA node 13 within II 5; path size: 7.
[DEBUG] no available path for DFG node 7 on CGRA node 14 within II 5; path size: 7.
[DEBUG] schedule dfg node[7] onto fu[0] at cycle 8 within II: 5
[DEBUG] setDFGNode 7 onto CGRANode 0 at cycle: 8
[DEBUG] occupy link[12]-->[8] (bypass:1) dfgNode: 3 at cycle 5
[DEBUG] occupy link[8]-->[4] (bypass:1) dfgNode: 3 at cycle 6
[DEBUG] in allocateReg() t_cycle: 7; i: 0 CGRA node: 0; link: 0 duration 1
[DEBUG] done reg allocation
[DEBUG] occupy link[4]-->[0] (bypass:0) dfgNode: 3 at cycle 7
[DEBUG] skip predecessor routing -- dfgNode: 3
[DEBUG] tryToRoute -- srcDFGNode: 6, srcCGRANode: 2; dstDFGNode: 7, dstCGRANode: 0; backEdge: 0
[DEBUG] check route size: 3
[DEBUG] occupy link[2]-->[1] (bypass:1) dfgNode: 6 at cycle 6
[DEBUG] reset duration: 1 t_dstCycle: 8 previous: 7 II: 5
[DEBUG] in allocateReg() t_cycle: 7; i: 1 CGRA node: 0; link: 3 duration 1
[DEBUG] done reg allocation
[DEBUG] occupy link[1]-->[0] (bypass:0) dfgNode: 6 at cycle 7
[DEBUG] success in schedule()
[DEBUG] no available path for DFG node 11 on CGRA node 1 within II 5; path size: 1.
[DEBUG] no available path for DFG node 11 on CGRA node 2 within II 5; path size: 1.
[DEBUG] no available path for DFG node 11 on CGRA node 5 within II 5; path size: 3.
[DEBUG] no available path for DFG node 11 on CGRA node 6 within II 5; path size: 3.
[DEBUG] no available path for DFG node 11 on CGRA node 9 within II 5; path size: 5.
[DEBUG] no available path for DFG node 11 on CGRA node 10 within II 5; path size: 5.
[DEBUG] no available path for DFG node 11 on CGRA node 13 within II 5; path size: 7.
[DEBUG] no available path for DFG node 11 on CGRA node 14 within II 5; path size: 7.
[DEBUG] schedule dfg node[11] onto fu[7] at cycle 6 within II: 5
[DEBUG] setDFGNode 11 onto CGRANode 7 at cycle: 6
[DEBUG] in allocateReg() t_cycle: 5; i: 0 CGRA node: 7; link: 2 duration 1
[DEBUG] done reg allocation
[DEBUG] occupy link[6]-->[7] (bypass:0) dfgNode: 10 at cycle 5
[DEBUG] skip predecessor routing -- dfgNode: 10
[DEBUG] success in schedule()
[DEBUG] schedule dfg node[14] onto fu[13] at cycle 6 within II: 5
[DEBUG] setDFGNode 14 onto CGRANode 13 at cycle: 6
[DEBUG] in allocateReg() t_cycle: 5; i: 0 CGRA node: 13; link: 1 duration 1
[DEBUG] done reg allocation
[DEBUG] occupy link[9]-->[13] (bypass:0) dfgNode: 13 at cycle 5
[DEBUG] skip predecessor routing -- dfgNode: 13
[DEBUG] success in schedule()
[DEBUG] no available path for DFG node 15 on CGRA node 1 within II 5; path size: 1.
[DEBUG] no available path for DFG node 15 on CGRA node 2 within II 5; path size: 1.
[DEBUG] no available path for DFG node 15 on CGRA node 5 within II 5; path size: 3.
[DEBUG] no available path for DFG node 15 on CGRA node 6 within II 5; path size: 3.
[DEBUG] no available path for DFG node 15 on CGRA node 9 within II 5; path size: 5.
[DEBUG] no available path for DFG node 15 on CGRA node 10 within II 5; path size: 5.
[DEBUG] no available path for DFG node 15 on CGRA node 13 within II 5; path size: 7.
[DEBUG] no available path for DFG node 15 on CGRA node 14 within II 5; path size: 7.
[DEBUG] schedule dfg node[15] onto fu[15] at cycle 8 within II: 5
[DEBUG] setDFGNode 15 onto CGRANode 15 at cycle: 8
[DEBUG] occupy link[7]-->[11] (bypass:1) dfgNode: 11 at cycle 6
[DEBUG] in allocateReg() t_cycle: 7; i: 0 CGRA node: 15; link: 1 duration 1
[DEBUG] done reg allocation
[DEBUG] occupy link[11]-->[15] (bypass:0) dfgNode: 11 at cycle 7
[DEBUG] skip predecessor routing -- dfgNode: 11
[DEBUG] tryToRoute -- srcDFGNode: 14, srcCGRANode: 13; dstDFGNode: 15, dstCGRANode: 15; backEdge: 0
[DEBUG] check route size: 3
[DEBUG] occupy link[13]-->[14] (bypass:1) dfgNode: 14 at cycle 6
[DEBUG] reset duration: 1 t_dstCycle: 8 previous: 7 II: 5
[DEBUG] in allocateReg() t_cycle: 7; i: 1 CGRA node: 15; link: 2 duration 1
[DEBUG] done reg allocation
[DEBUG] occupy link[14]-->[15] (bypass:0) dfgNode: 14 at cycle 7
[DEBUG] success in schedule()
Mapping algorithm elapsed time=55ms
--------------------------- cycle:0 ---------------------------
[     ]   [     ]   [     ]   [     ]
   ↓         ↑                     
[     ]   [     ]   [     ]   [     ]
                                   
[     ]   [ 17  ] → [     ] → [     ]
                                   
[     ]   [     ] → [     ]   [     ]
--------------------------- cycle:1 ---------------------------
[     ]   [     ] → [     ]   [     ]
                                   
[     ]   [     ]   [     ]   [     ]
   ↓                   ↑         ↑ 
[     ]   [     ]   [ 18  ]   [     ]
                                   
[     ]   [     ] ← [     ]   [     ]
--------------------------- cycle:2 ---------------------------
[     ]   [     ]   [     ] → [     ]
                       ↑         ↑ 
[     ]   [     ] ← [  0  ]   [     ]
                       ↓           
[     ]   [     ]   [     ]   [     ]
   ↓                               
[     ] ← [     ]   [     ]   [     ]
--------------------------- cycle:3 ---------------------------
[     ]   [     ]   [ 16  ]   [     ]
             ↑         ↓           
[     ]   [  1  ]   [     ]   [     ]
                       ↑           
[     ]   [     ] ← [  8  ]   [     ]
                       ↓           
[     ]   [     ]   [     ]   [     ]
--------------------------- cycle:4 ---------------------------
[     ] ← [  2  ]   [     ]   [     ]
                                   
[     ]   [     ] ← [ 12  ]   [     ]
                                   
[     ]   [  4  ]   [     ]   [     ]
             ↓         ↑           
[     ]   [     ]   [  9  ]   [     ]
--------------------------- cycle:5 ---------------------------
[  3  ]   [     ]   [     ]   [     ]
   ↓         ↑                     
[     ]   [ 13  ]   [     ]   [     ]
                                   
[     ]   [ 17  ] → [ 10  ] → [     ]
                                   
[     ]   [  5  ] → [     ]   [     ]
--------------------------- cycle:6 ---------------------------
[     ]   [ 14  ] → [     ]   [     ]
                                   
[     ]   [     ]   [     ]   [     ]
   ↓                   ↑         ↑ 
[     ]   [     ]   [ 18  ]   [ 11  ]
                                   
[     ]   [     ] ← [  6  ]   [     ]
--------------------------- cycle:7 ---------------------------
[     ]   [     ]   [     ] → [     ]
                       ↑         ↑ 
[     ]   [     ] ← [  0  ]   [     ]
                       ↓           
[     ]   [     ]   [     ]   [     ]
   ↓                               
[     ] ← [     ]   [     ]   [     ]
--------------------------- cycle:8 ---------------------------
[     ]   [     ]   [ 16  ]   [ 15  ]
             ↑         ↓           
[     ]   [  1  ]   [     ]   [     ]
                       ↑           
[     ]   [     ] ← [  8  ]   [     ]
                       ↓           
[  7  ]   [     ]   [     ]   [     ]
--------------------------- cycle:9 ---------------------------
[     ] ← [  2  ]   [     ]   [     ]
                                   
[     ]   [     ] ← [ 12  ]   [     ]
                                   
[     ]   [  4  ]   [     ]   [     ]
             ↓         ↑           
[     ]   [     ]   [  9  ]   [     ]
--------------------------- cycle:10 ---------------------------
[  3  ]   [     ]   [     ]   [     ]
   ↓         ↑                     
[     ]   [ 13  ]   [     ]   [     ]
                                   
[     ]   [ 17  ] → [ 10  ] → [     ]
                                   
[     ]   [  5  ] → [     ]   [     ]
--------------------------- cycle:11 ---------------------------
[     ]   [ 14  ] → [     ]   [     ]
                                   
[     ]   [     ]   [     ]   [     ]
   ↓                   ↑         ↑ 
[     ]   [     ]   [ 18  ]   [ 11  ]
                                   
[     ]   [     ] ← [  6  ]   [     ]
--------------------------- cycle:12 ---------------------------
[     ]   [     ]   [     ] → [     ]
                       ↑         ↑ 
[     ]   [     ] ← [  0  ]   [     ]
                       ↓           
[     ]   [     ]   [     ]   [     ]
   ↓                               
[     ] ← [     ]   [     ]   [     ]
--------------------------- cycle:13 ---------------------------
[     ]   [     ]   [ 16  ]   [ 15  ]
             ↑         ↓           
[     ]   [  1  ]   [     ]   [     ]
                       ↑           
[     ]   [     ] ← [  8  ]   [     ]
                       ↓           
[  7  ]   [     ]   [     ]   [     ]
--------------------------- cycle:14 ---------------------------
[     ] ← [  2  ]   [     ]   [     ]
                                   
[     ]   [     ] ← [ 12  ]   [     ]
                                   
[     ]   [  4  ]   [     ]   [     ]
             ↓         ↑           
[     ]   [     ]   [  9  ]   [     ]
--------------------------- cycle:15 ---------------------------
[  3  ]   [     ]   [     ]   [     ]
   ↓         ↑                     
[     ]   [ 13  ]   [     ]   [     ]
                                   
[     ]   [ 17  ] → [ 10  ] → [     ]
                                   
[     ]   [  5  ] → [     ]   [     ]
--------------------------- cycle:16 ---------------------------
[     ]   [ 14  ] → [     ]   [     ]
                                   
[     ]   [     ]   [     ]   [     ]
   ↓                   ↑         ↑ 
[     ]   [     ]   [ 18  ]   [ 11  ]
                                   
[     ]   [     ] ← [  6  ]   [     ]
--------------------------- cycle:17 ---------------------------
[     ]   [     ]   [     ] → [     ]
                       ↑         ↑ 
[     ]   [     ] ← [  0  ]   [     ]
                       ↓           
[     ]   [     ]   [     ]   [     ]
   ↓                               
[     ] ← [     ]   [     ]   [     ]
--------------------------- cycle:18 ---------------------------
[     ]   [     ]   [ 16  ]   [ 15  ]
             ↑         ↓           
[     ]   [  1  ]   [     ]   [     ]
                       ↑           
[     ]   [     ] ← [  8  ]   [     ]
                       ↓           
[  7  ]   [     ]   [     ]   [     ]
--------------------------- cycle:19 ---------------------------
[     ] ← [  2  ]   [     ]   [     ]
                                   
[     ]   [     ] ← [ 12  ]   [     ]
                                   
[     ]   [  4  ]   [     ]   [     ]
             ↓         ↑           
[     ]   [     ]   [  9  ]   [     ]
--------------------------- cycle:20 ---------------------------
[  3  ]   [     ]   [     ]   [     ]
   ↓         ↑                     
[     ]   [ 13  ]   [     ]   [     ]
                                   
[     ]   [ 17  ] → [ 10  ] → [     ]
                                   
[     ]   [  5  ] → [     ]   [     ]
--------------------------- cycle:21 ---------------------------
[     ]   [ 14  ] → [     ]   [     ]
                                   
[     ]   [     ]   [     ]   [     ]
   ↓                   ↑         ↑ 
[     ]   [     ]   [ 18  ]   [ 11  ]
                                   
[     ]   [     ] ← [  6  ]   [     ]
--------------------------- cycle:22 ---------------------------
[     ]   [     ]   [     ] → [     ]
                       ↑         ↑ 
[     ]   [     ] ← [  0  ]   [     ]
                       ↓           
[     ]   [     ]   [     ]   [     ]
   ↓                               
[     ] ← [     ]   [     ]   [     ]
--------------------------- cycle:23 ---------------------------
[     ]   [     ]   [ 16  ]   [ 15  ]
             ↑         ↓           
[     ]   [  1  ]   [     ]   [     ]
                       ↑           
[     ]   [     ] ← [  8  ]   [     ]
                       ↓           
[  7  ]   [     ]   [     ]   [     ]
--------------------------- cycle:24 ---------------------------
[     ] ← [  2  ]   [     ]   [     ]
                                   
[     ]   [     ] ← [ 12  ]   [     ]
                                   
[     ]   [  4  ]   [     ]   [     ]
             ↓         ↑           
[     ]   [     ]   [  9  ]   [     ]
--------------------------- cycle:25 ---------------------------
[  3  ]   [     ]   [     ]   [     ]
   ↓         ↑                     
[     ]   [ 13  ]   [     ]   [     ]
                                   
[     ]   [ 17  ] → [ 10  ] → [     ]
                                   
[     ]   [  5  ] → [     ]   [     ]
--------------------------- cycle:26 ---------------------------
[     ]   [ 14  ] → [     ]   [     ]
                                   
[     ]   [     ]   [     ]   [     ]
   ↓                   ↑         ↑ 
[     ]   [     ]   [ 18  ]   [ 11  ]
                                   
[     ]   [     ] ← [  6  ]   [     ]
--------------------------- cycle:27 ---------------------------
[     ]   [     ]   [     ] → [     ]
                       ↑         ↑ 
[     ]   [     ] ← [  0  ]   [     ]
                       ↓           
[     ]   [     ]   [     ]   [     ]
   ↓                               
[     ] ← [     ]   [     ]   [     ]
--------------------------- cycle:28 ---------------------------
[     ]   [     ]   [ 16  ]   [ 15  ]
             ↑         ↓           
[     ]   [  1  ]   [     ]   [     ]
                       ↑           
[     ]   [     ] ← [  8  ]   [     ]
                       ↓           
[  7  ]   [     ]   [     ]   [     ]
--------------------------- cycle:29 ---------------------------
[     ] ← [  2  ]   [     ]   [     ]
                                   
[     ]   [     ] ← [ 12  ]   [     ]
                                   
[     ]   [  4  ]   [     ]   [     ]
             ↓         ↑           
[     ]   [     ]   [  9  ]   [     ]
--------------------------- cycle:30 ---------------------------
[  3  ]   [     ]   [     ]   [     ]
   ↓         ↑                     
[     ]   [ 13  ]   [     ]   [     ]
                                   
[     ]   [ 17  ] → [ 10  ] → [     ]
                                   
[     ]   [  5  ] → [     ]   [     ]
--------------------------- cycle:31 ---------------------------
[     ]   [ 14  ] → [     ]   [     ]
                                   
[     ]   [     ]   [     ]   [     ]
   ↓                   ↑         ↑ 
[     ]   [     ]   [ 18  ]   [ 11  ]
                                   
[     ]   [     ] ← [  6  ]   [     ]
--------------------------- cycle:32 ---------------------------
[     ]   [     ]   [     ] → [     ]
                       ↑         ↑ 
[     ]   [     ] ← [  0  ]   [     ]
                       ↓           
[     ]   [     ]   [     ]   [     ]
   ↓                               
[     ] ← [     ]   [     ]   [     ]
[Mapping II: 5]
[show opcode count]
add : 5
br : 1
cmp : 1
getelementptr : 4
load : 2
or : 1
phi : 1
shl : 2
store : 2
DFG node count: 19; DFG edge count: 22; SIMD node count: 0
[Mapping Success]
==================================
[Utilization & DVFS stats]
tile avg fu utilization: 23.75%; avg xbar utilization: 51.25%; avg overall utilization: 51.25%
histogram 0% tile utilization: 1
histogram (0%, 25%] tile utilization: 3
histogram (25%, 50%] tile utilization: 4
histogram (50%, 100%] tile utilization: 8
tile average DVFS frequency level: 100%
histogram 0% tile DVFS frequency ratio: 0
histogram 25% tile DVFS frequency ratio: 0
histogram 50% tile DVFS frequency ratio: 0
histogram 100% tile DVFS frequency ratio: 16
==================================
[DEBUG] inside roi for CGRA node 8...
[DEBUG] inside roi for CGRA node 1...
[DEBUG] inside roi for CGRA node 4...
[DEBUG] inside roi for CGRA node 11...
[DEBUG] inside roi for CGRA node 14...
[DEBUG] inside roi for CGRA node 6...
[DEBUG] inside roi for CGRA node 8...
[Output Json]
[Output Json for Incremental Mapping]
==================================
Initialize opt latency for DFG nodes: 
Deciding fusion strategy for DFG nodes: 
Initialize additional functionality on CGRA nodes: 
Finding fusion pattern for DFG: 
[function 'fmcw_accumulate_power_map' is not in our target list]
Initialize opt latency for DFG nodes: 
Deciding fusion strategy for DFG nodes: 
Initialize additional functionality on CGRA nodes: 
Finding fusion pattern for DFG: 
[function 'fmcw_cfar_2d_map' is not in our target list]
*** reach target loop ID: 0
... done detected loops.size(): 1
└── *** current basic block: ; First Inst:   %4 = shl nsw i32 %2, 8
│   └── *** ignored by pass because instruction "  %4 = shl nsw i32 %2, 8" is out of the scope (target loop).
│   └── *** ignored by pass because instruction "  %5 = sext i32 %4 to i64" is out of the scope (target loop).
│   └── *** ignored by pass because instruction "  %6 = sext i32 %2 to i64" is out of the scope (target loop).
│   └── *** ignored by pass because instruction "  br label %8" is out of the scope (target loop).
└── *** ignored by pass because basic block "" is out of the scope (target loop).
│
└── *** current basic block: ; First Inst:   ret void
│   └── *** ignored by pass because instruction "  ret void" is out of the scope (target loop).
└── *** ignored by pass because basic block "" is out of the scope (target loop).
│
└── *** current basic block: ; First Inst:   %9 = phi i64 [ 0, %3 ], [ %23, %8 ]
│   └── +++ "  %9 = phi i64 [ 0, %3 ], [ %23, %8 ]" (ID: 0)
│   └── +++ "  %10 = add nuw nsw i64 %9, %5" (ID: 1)
│   └── +++ "  %11 = getelementptr inbounds float, float* %0, i64 %10" (ID: 2)
│   └── +++ "  %12 = load float, float* %11, align 4, !tbaa !2" (ID: 3)
│   └── +++ "  %13 = shl nuw nsw i64 %9, 7" (ID: 4)
│   └── +++ "  %14 = add nsw i64 %13, %6" (ID: 5)
│   └── +++ "  %15 = getelementptr inbounds float, float* %1, i64 %14" (ID: 6)
│   └── +++ "  store float %12, float* %15, align 4, !tbaa !2" (ID: 7)
│   └── +++ "  %16 = or i64 %9, 1" (ID: 8)
│   └── +++ "  %17 = add nuw nsw i64 %16, %5" (ID: 9)
│   └── +++ "  %18 = getelementptr inbounds float, float* %0, i64 %17" (ID: 10)
│   └── +++ "  %19 = load float, float* %18, align 4, !tbaa !2" (ID: 11)
│   └── +++ "  %20 = shl nsw i64 %16, 7" (ID: 12)
│   └── +++ "  %21 = add nsw i64 %20, %6" (ID: 13)
│   └── +++ "  %22 = getelementptr inbounds float, float* %1, i64 %21" (ID: 14)
│   └── +++ "  store float %19, float* %22, align 4, !tbaa !2" (ID: 15)
│   └── +++ "  %23 = add nuw nsw i64 %9, 2" (ID: 16)
│   └── +++ "  %24 = icmp ult i64 %9, 254" (ID: 17)
│   └── +++ "  br i1 %24, label %8, label %7, !llvm.loop !6" (ID: 18)
└── +++ basic block "" got ID: 0
│
│
└── *** curBB: ; First Inst:   %9 = phi i64 [ 0, %3 ], [ %23, %8 ]
│   ├── *** find terminator instruction of curBB:   br i1 %24, label %8, label %7, !llvm.loop !6
│   ├── *** into sucBB ""
│   │   ├── Type: first inst of a BB.
│   │   ├── ctrl flow point to:   %9 = phi i64 [ 0, %3 ], [ %23, %8 ]; In BB: 
│   │   └── +++ construct ctrl flow:   br i1 %24, label %8, label %7, !llvm.loop !6->  %9 = phi i64 [ 0, %3 ], [ %23, %8 ]
│   └── *** ignore sucBB ""
[detected one cycle] head:   %9 = phi i64 [ 0, %3 ], [ %23, %8 ]
cycle edge: {  %9 = phi i64 [ 0, %3 ], [ %23, %8 ]  } -> {  %23 = add nuw nsw i64 %9, 2  } (0 -> 16)
cycle edge: {  %23 = add nuw nsw i64 %9, 2  } -> {  %9 = phi i64 [ 0, %3 ], [ %23, %8 ]  } (16 -> 0)
[detected one cycle] head:   %9 = phi i64 [ 0, %3 ], [ %23, %8 ]
cycle edge: {  %9 = phi i64 [ 0, %3 ], [ %23, %8 ]  } -> {  %24 = icmp ult i64 %9, 254  } (0 -> 17)
cycle edge: {  %24 = icmp ult i64 %9, 254  } -> {  br i1 %24, label %8, label %7, !llvm.loop !6  } (17 -> 18)
cycle edge: {  br i1 %24, label %8, label %7, !llvm.loop !6  } -> {  %9 = phi i64 [ 0, %3 ], [ %23, %8 ]  } (18 -> 0)
(17)   %24 = icmp ult i64 %9, 254, level: 0
(18)   br i1 %24, label %8, label %7, !llvm.loop !6, level: 1
(0)   %9 = phi i64 [ 0, %3 ], [ %23, %8 ], level: 2
(1)   %10 = add nuw nsw i64 %9, %5, level: 3
(4)   %13 = shl nuw nsw i64 %9, 7, level: 3
(8)   %16 = or i64 %9, 1, level: 3
(16)   %23 = add nuw nsw i64 %9, 2, level: 3
(2)   %11 = getelementptr inbounds float, float* %0, i64 %10, level: 4
(5)   %14 = add nsw i64 %13, %6, level: 4
(9)   %17 = add nuw nsw i64 %16, %5, level: 4
(12)   %20 = shl nsw i64 %16, 7, level: 4
(3)   %12 = load float, float* %11, align 4, !tbaa !2, level: 5
(6)   %15 = getelementptr inbounds float, float* %1, i64 %14, level: 5
(10)   %18 = getelementptr inbounds float, float* %0, i64 %17, level: 5
(13)   %21 = add nsw i64 %20, %6, level: 5
(7)   store float %12, float* %15, align 4, !tbaa !2, level: 6
(11)   %19 = load float, float* %18, align 4, !tbaa !2, level: 6
(14)   %22 = getelementptr inbounds float, float* %1, i64 %21, level: 6
(15)   store float %19, float* %22, align 4, !tbaa !2, level: 7
[detected one cycle] head:   %24 = icmp ult i64 %9, 254
cycle edge: {  %24 = icmp ult i64 %9, 254  } -> {  br i1 %24, label %8, label %7, !llvm.loop !6  } (17 -> 18)
cycle edge: {  br i1 %24, label %8, label %7, !llvm.loop !6  } -> {  %9 = phi i64 [ 0, %3 ], [ %23, %8 ]  } (18 -> 0)
cycle edge: {  %9 = phi i64 [ 0, %3 ], [ %23, %8 ]  } -> {  %24 = icmp ult i64 %9, 254  } (0 -> 17)
[detected one cycle] head:   %9 = phi i64 [ 0, %3 ], [ %23, %8 ]
cycle edge: {  %9 = phi i64 [ 0, %3 ], [ %23, %8 ]  } -> {  %23 = add nuw nsw i64 %9, 2  } (0 -> 16)
cycle edge: {  %23 = add nuw nsw i64 %9, 2  } -> {  %9 = phi i64 [ 0, %3 ], [ %23, %8 ]  } (16 -> 0)
